--------- beginning of main
02-26 10:22:00.006  2891  2891 D KeyguardUpdateMonitor: received broadcast android.intent.action.TIME_TICK
02-26 10:22:00.007  2891  2891 D KeyguardUpdateMonitor: handleTimeUpdate
02-26 10:22:00.026  7086  7086 I PowerKeeperBackgroundService: onStartCommand()
02-26 10:22:00.026  7086  7086 I PowerKeeperService: onAlarm
02-26 10:22:00.029  2891  2891 E ReflectUtils: invokeObject
02-26 10:22:00.029  2891  2891 E ReflectUtils: java.lang.reflect.InvocationTargetException
02-26 10:22:00.029  2891  2891 E ReflectUtils: 	at java.lang.reflect.Method.invoke(Native Method)
02-26 10:22:00.029  2891  2891 E ReflectUtils: 	at com.miui.clock.utils.ReflectUtils.invokeObject(ReflectUtils.java:31)
02-26 10:22:00.029  2891  2891 E ReflectUtils: 	at com.miui.clock.utils.DataUtils.isAppInstalledForUser(DataUtils.java:341)
02-26 10:22:00.029  2891  2891 E ReflectUtils: 	at com.miui.clock.utils.DataUtils.isHealthAppInstalled(DataUtils.java:326)
02-26 10:22:00.029  2891  2891 E ReflectUtils: 	at com.miui.clock.classic.ClassicClockView.filterClassicClockInfo(ClassicClockView.java:178)
02-26 10:22:00.029  2891  2891 E ReflectUtils: 	at com.miui.clock.classic.ClassicClockView.updateTime(ClassicClockView.java:316)
02-26 10:22:00.029  2891  2891 E ReflectUtils: 	at com.miui.clock.MiuiClockController$1.run(MiuiClockController.java:155)
02-26 10:22:00.029  2891  2891 E ReflectUtils: 	at android.os.Handler.handleCallback(Handler.java:942)
02-26 10:22:00.029  2891  2891 E ReflectUtils: 	at android.os.Handler.dispatchMessage(Handler.java:99)
02-26 10:22:00.029  2891  2891 E ReflectUtils: 	at android.os.Looper.loopOnce(Looper.java:211)
02-26 10:22:00.029  2891  2891 E ReflectUtils: 	at android.os.Looper.loop(Looper.java:300)
02-26 10:22:00.029  2891  2891 E ReflectUtils: 	at android.app.ActivityThread.main(ActivityThread.java:8503)
02-26 10:22:00.029  2891  2891 E ReflectUtils: 	at java.lang.reflect.Method.invoke(Native Method)
02-26 10:22:00.029  2891  2891 E ReflectUtils: 	at com.android.internal.os.RuntimeInit$MethodAndArgsCaller.run(RuntimeInit.java:561)
02-26 10:22:00.029  2891  2891 E ReflectUtils: 	at com.android.internal.os.ZygoteInit.main(ZygoteInit.java:954)
02-26 10:22:00.029  2891  2891 E ReflectUtils: Caused by: android.content.pm.PackageManager$NameNotFoundException: com.mi.health
02-26 10:22:00.029  2891  2891 E ReflectUtils: 	at android.app.ApplicationPackageManager.getPackageInfoAsUser(ApplicationPackageManager.java:254)
02-26 10:22:00.029  2891  2891 E ReflectUtils: 	at android.app.ApplicationPackageManager.getPackageInfoAsUser(ApplicationPackageManager.java:242)
02-26 10:22:00.029  2891  2891 E ReflectUtils: 	... 15 more
--------- beginning of system
02-26 10:22:00.029  1679  1679 D AlarmManager: mBroadcastRefCount -> 1
02-26 10:22:00.029  1679  1679 D AlarmManager: mPendingIntent -> null
02-26 10:22:00.031  1679  1679 D AlarmManager: mBroadcastRefCount -> 0
02-26 10:22:00.031  1679  1679 D AlarmManager: mPendingIntent -> PendingIntent{6f6883c: PendingIntentRecord{ee279c5 com.miui.powerkeeper startService}}
02-26 10:22:00.039  2891  2891 E AnimationHelper: updateTime mToAod:false mHasNotification: false, mClockType: classic
02-26 10:22:00.656 26753 26810 D WM-SystemJobScheduler: Scheduling work ID e2063e47-0c7e-4694-8c6c-20aa8ddac8a3Job ID 192639
02-26 10:22:00.667  1679  2432 I MiuiNetworkPolicy: updateUidState uid = 10292, uidState = 8
02-26 10:22:00.669  4278  6743 I eauf    : (REDACTED) appOpsListener %s %s
02-26 10:22:00.669  4278  6743 I eauf    : (REDACTED) Ignoring irrelevant audio permission changes for package %s
02-26 10:22:00.673  1679  6433 W ProcessStats: Tracking association SourceState{ba0096f com.android.phone/1001 BTopFgs #82920} whose proc state 2 is better than process ProcessState{a5735f7 com.miui.securitycenter.remote/1000 pkg=com.miui.securitycenter} proc state 3 (35 skipped)
02-26 10:22:00.674  1679  6433 I SmartPower.com.whatsapp.w4b/10292(26753): idle->background(29308ms) R(service create com.whatsapp.w4b/androidx.work.impl.background.systemjob.SystemJobService) adj=0.
02-26 10:22:00.674  1679  6433 D CompatibilityInfo: mCompatibilityFlags - 0
02-26 10:22:00.674  1679  6433 D CompatibilityInfo: applicationDensity - 440
02-26 10:22:00.674  1679  6433 D CompatibilityInfo: applicationScale - 1.0
02-26 10:22:00.682 26753 26810 D WM-GreedyScheduler: Starting tracking for e2063e47-0c7e-4694-8c6c-20aa8ddac8a3
02-26 10:22:00.682 26753 26753 D WM-SystemJobService: onStartJob for WorkGenerationalId(workSpecId=e2063e47-0c7e-4694-8c6c-20aa8ddac8a3, generation=0)
02-26 10:22:00.688 26753 26795 D WM-Processor: IPM: processing WorkGenerationalId(workSpecId=e2063e47-0c7e-4694-8c6c-20aa8ddac8a3, generation=0)
02-26 10:22:00.695 26753 26753 D WM-WorkerWrapper: Starting work for com.whatsapp.xmpp.messaging.XmppLifecycleWorker
02-26 10:22:00.699 26753 26795 D WM-ConstraintTracker: GQn: initial state = NetworkState(isConnected=true, isValidated=true, isMetered=false, isNotRoaming=true)
02-26 10:22:00.699 26753 26795 D WM-NetworkStateTracker: Registering network callback
02-26 10:22:00.700  1679  6433 D ConnectivityService: requestNetwork for uid/pid:10292/26753 activeRequest: null callbackRequest: 3767 [NetworkRequest [ REQUEST id=3768, [ Capabilities: INTERNET&NOT_RESTRICTED&TRUSTED&NOT_VCN_MANAGED Uid: 10292 RequestorUid: 10292 RequestorPkg: com.whatsapp.w4b UnderlyingNetworks: Null] ]] callback flags: 0 order: 2147483647 isUidTracked: false declaredMethods: AVAIL|LOST|NC|LP
02-26 10:22:00.704 26753 26795 D WM-GreedyScheduler: Constraints met: Scheduling work ID WorkGenerationalId(workSpecId=e2063e47-0c7e-4694-8c6c-20aa8ddac8a3, generation=0)
02-26 10:22:00.704 26753 26811 D WM-NetworkStateTracker: Network capabilities changed: [ Transports: WIFI Capabilities: NOT_METERED&INTERNET&NOT_RESTRICTED&TRUSTED&NOT_VPN&VALIDATED&NOT_ROAMING&FOREGROUND&NOT_CONGESTED&NOT_SUSPENDED&NOT_VCN_MANAGED LinkUpBandwidth>=5519Kbps LinkDnBandwidth>=50667Kbps TransportInfo: <SSID: <unknown ssid>, BSSID: 02:00:00:00:00:00, MAC: 02:00:00:00:00:00, IP: /192.168.0.2, Security type: 2, Supplicant state: COMPLETED, Wi-Fi standard: 5, RSSI: -52, Link speed: 200Mbps, Tx Link speed: 200Mbps, Max Supported Tx Link speed: 200Mbps, Rx Link speed: 200Mbps, Max Supported Rx Link speed: 200Mbps, Frequency: 5180MHz, Net ID: -1, Metered hint: false, score: 60, isUsable: true, CarrierMerged: false, SubscriptionId: -1, IsPrimary: -1, Trusted: true, Restricted: false, Ephemeral: false, OEM paid: false, OEM private: false, OSU AP: false, FQDN: <none>, Provider friendly name: <none>, Requesting package name: <none><none>MLO Information: , AP MLD Address: <none>, AP MLO Link Id: <none>, AP MLO Affiliated links: <none>> SignalStrength: -52 UnderlyingNetworks: Null]
02-26 10:22:00.707 26753 26795 D WM-Processor: Work WorkGenerationalId(workSpecId=e2063e47-0c7e-4694-8c6c-20aa8ddac8a3, generation=0) is already enqueued for processing
02-26 10:22:00.712  1679  2433 D WifiNetworkFactory: got request NetworkRequest [ REQUEST id=3768, [ Capabilities: INTERNET&NOT_RESTRICTED&TRUSTED&NOT_VCN_MANAGED Uid: 10292 RequestorUid: 10292 RequestorPkg: com.whatsapp.w4b UnderlyingNetworks: Null] ]
02-26 10:22:00.713  1679  2433 D UntrustedWifiNetworkFactory: got request NetworkRequest [ REQUEST id=3768, [ Capabilities: INTERNET&NOT_RESTRICTED&TRUSTED&NOT_VCN_MANAGED Uid: 10292 RequestorUid: 10292 RequestorPkg: com.whatsapp.w4b UnderlyingNetworks: Null] ]
02-26 10:22:00.715  1679  2433 D OemPaidWifiNetworkFactory: got request NetworkRequest [ REQUEST id=3768, [ Capabilities: INTERNET&NOT_RESTRICTED&TRUSTED&NOT_VCN_MANAGED Uid: 10292 RequestorUid: 10292 RequestorPkg: com.whatsapp.w4b UnderlyingNetworks: Null] ]
02-26 10:22:00.716  1679  2433 D MultiInternetWifiNetworkFactory: got request NetworkRequest [ REQUEST id=3768, [ Capabilities: INTERNET&NOT_RESTRICTED&TRUSTED&NOT_VCN_MANAGED Uid: 10292 RequestorUid: 10292 RequestorPkg: com.whatsapp.w4b UnderlyingNetworks: Null] ]
02-26 10:22:00.716  1679  2446 D ConnectivityService: NetReassign [3768 : null â†’ 101] [c 1] [a 1] [i 13]
02-26 10:22:00.938  1679  1976 W NotificationHistory: Attempted to remove conversation for locked/gone/disabled user 0
02-26 10:22:00.947  1679  6433 E ShortcutService: Invalid icon type in shortcut 186470467948755@lid. Bitmaps are not allowed in long-lived shortcuts. Use Resource icons, or Uri-based icons instead.
02-26 10:22:01.133  2928  2928 D Launcher.Model: LauncherAppsCallback onShortcutsChanged|com.whatsapp.w4b|UserHandle{0}
02-26 10:22:01.750  1567  1707 D [gf_ca_entry]: [gf_ca_invoke_command] enter
02-26 10:22:01.750  1567  1707 D [gf_ca_entry]: [gf_ta_send_modified_cmd_req] enter
02-26 10:22:01.750  1567  1707 D [gf_ca_entry]: [gf_ta_send_modified_cmd_req] begin token 216, cmd_id=1016
02-26 10:22:01.750  1567  1707 D [gf_ca_entry]: [gf_ca_get_logbuf_length] enter
02-26 10:22:01.750  1567  1707 W libc    : Access denied finding property "gf.debug.dump_talog_data"
02-26 10:22:01.751  1567  1707 D [gf_ca_entry]: [gf_ca_get_logbuf_length] exit
02-26 10:22:01.751  1567  1707 D [gf_sec_ion]: [gf_sec_ion_malloc] enter
02-26 10:22:01.751  1567  1707 D [gf_sec_ion]: [gf_sec_ion_malloc] gf_sec_ion_malloc data_size = 416384
02-26 10:22:01.751  1567  1707 D [gf_sec_ion]: [gf_sec_ion_malloc] exit
02-26 10:22:01.751  1567  1707 D [gf_ca_entry]: [gf_ta_send_modified_cmd_req] whitebox is disabled.
02-26 10:22:01.746  1567  1567 W fingerprint@2.1: type=1400 audit(0.0:25255): avc: denied { read } for name="u:object_r:default_prop:s0" dev="tmpfs" ino=12256 scontext=u:r:hal_fingerprint_default:s0 tcontext=u:object_r:default_prop:s0 tclass=file permissive=0
02-26 10:22:01.771  1567  1707 D [gf_ca_entry]: [gf_ca_logdump] enter
02-26 10:22:01.771  1567  1707 D [gf_ca_entry]: [gf_ca_logdump] exit
02-26 10:22:01.771  1567  1707 D [gf_sec_ion]: [gf_sec_ion_free] enter
02-26 10:22:01.771  1567  1707 D [gf_sec_ion]: [gf_sec_ion_free] gf_sec_ion_free ion_local_flag is not true
02-26 10:22:01.771  1567  1707 D [gf_sec_ion]: [gf_sec_ion_free] exit
02-26 10:22:01.771  1567  1707 D [gf_ca_entry]: [gf_ta_send_modified_cmd_req] exit
02-26 10:22:01.771  1567  1707 D [gf_ca_entry]: [gf_ca_invoke_command] gx_ta_send_modified_cmd_req success
02-26 10:22:01.771  1567  1707 D [gf_ca_entry]: [gf_ca_invoke_command] ta execution succeed
02-26 10:22:01.771  1567  1707 D [gf_ca_entry]: [gf_ca_invoke_command] exit
02-26 10:22:01.771  1567  1707 E [GF_HAL][gf_hal_milan]: [hal_milan_invoke_command] err=GF_SUCCESS, errno=0. reset g_hal_over_current_count to 0!
02-26 10:22:01.771  1567  1707 I [GF_HAL][gf_hal_milan]: [irq_pre_process] irq_type=[GF_IRQ_FINGER_DOWN_MASK], irq_type=0x0002
02-26 10:22:01.773  1567  1707 D android.hardware.biometrics.fingerprint@2.1-service: onAcquired(6)(22)
02-26 10:22:01.773  1567  1707 D [gf_ca_entry]: [gf_ca_invoke_command] enter
02-26 10:22:01.773  1567  1707 D [gf_ca_entry]: [gf_ta_send_modified_cmd_req] enter
02-26 10:22:01.773  1567  1707 D [gf_ca_entry]: [gf_ta_send_modified_cmd_req] begin token 217, cmd_id=1016
02-26 10:22:01.773  1567  1707 D [gf_ca_entry]: [gf_ca_get_logbuf_length] enter
02-26 10:22:01.766  1567  1567 W fingerprint@2.1: type=1400 audit(0.0:25256): avc: denied { read } for name="u:object_r:default_prop:s0" dev="tmpfs" ino=12256 scontext=u:r:hal_fingerprint_default:s0 tcontext=u:object_r:default_prop:s0 tclass=file permissive=0
02-26 10:22:01.773  1567  1707 W libc    : Access denied finding property "gf.debug.dump_talog_data"
02-26 10:22:01.774  1567  1707 D [gf_ca_entry]: [gf_ca_get_logbuf_length] exit
02-26 10:22:01.774  1567  1707 D [gf_sec_ion]: [gf_sec_ion_malloc] enter
02-26 10:22:01.774  1567  1707 D [gf_sec_ion]: [gf_sec_ion_malloc] gf_sec_ion_malloc data_size = 416384
02-26 10:22:01.774  1567  1707 D [gf_sec_ion]: [gf_sec_ion_malloc] exit
02-26 10:22:01.774  1567  1707 D [gf_ca_entry]: [gf_ta_send_modified_cmd_req] whitebox is disabled.
02-26 10:22:01.774  1679  2405 D PowerFingerPrintServiceStubImpl: setDealOnChange:true
02-26 10:22:01.778  2891  2891 W FingerprintManager: Invalid acquired message: 6, 22
02-26 10:22:01.891  1567  1707 D [gf_ca_entry]: [gf_ca_logdump] enter
02-26 10:22:01.891  1567  1707 D [gf_ca_entry]: [gf_ca_logdump] exit
02-26 10:22:01.891  1567  1707 D [gf_sec_ion]: [gf_sec_ion_free] enter
02-26 10:22:01.891  1567  1707 D [gf_sec_ion]: [gf_sec_ion_free] gf_sec_ion_free ion_local_flag is not true
02-26 10:22:01.891  1567  1707 D [gf_sec_ion]: [gf_sec_ion_free] exit
02-26 10:22:01.891  1567  1707 D [gf_ca_entry]: [gf_ta_send_modified_cmd_req] exit
02-26 10:22:01.891  1567  1707 D [gf_ca_entry]: [gf_ca_invoke_command] gx_ta_send_modified_cmd_req success
02-26 10:22:01.891  1567  1707 D [gf_ca_entry]: [gf_ca_invoke_command] ta execution succeed
02-26 10:22:01.891  1567  1707 D [gf_ca_entry]: [gf_ca_invoke_command] exit
02-26 10:22:01.891  1567  1707 E [GF_HAL][gf_hal_milan]: [hal_milan_invoke_command] err=GF_SUCCESS, errno=0. reset g_hal_over_current_count to 0!
02-26 10:22:01.891  1567  1707 D android.hardware.biometrics.fingerprint@2.1-service: onAcquired(0)(0)
02-26 10:22:01.891  1567  1707 D android.hardware.biometrics.fingerprint@2.1-service: onAuthenticated(fid=722023948, gid=0)
02-26 10:22:01.891  1567  1707 I [GF_HAL][gf_hal_common]: [hal_milan_authenticate_success]     image_quality=83
02-26 10:22:01.891  1567  1707 I [GF_HAL][gf_hal_common]: [hal_milan_authenticate_success]        valid_area=100
02-26 10:22:01.891  1567  1707 I [GF_HAL][gf_hal_common]: [hal_milan_authenticate_success]     key_point_num=118
02-26 10:22:01.891  1567  1707 I [GF_HAL][gf_hal_common]: [hal_milan_authenticate_success]       match_score=100
02-26 10:22:01.891  1567  1707 I [GF_HAL][gf_hal_common]: [hal_milan_authenticate_success] polling_image_time=0ms
02-26 10:22:01.891  1567  1707 I [GF_HAL][gf_hal_common]: [hal_milan_authenticate_success] get_raw_data_time=28ms
02-26 10:22:01.886  1567  1567 W fingerprint@2.1: type=1400 audit(0.0:25257): avc: denied { read } for name="u:object_r:default_prop:s0" dev="tmpfs" ino=12256 scontext=u:r:hal_fingerprint_default:s0 tcontext=u:object_r:default_prop:s0 tclass=file permissive=0
02-26 10:22:01.891  1567  1707 I [GF_HAL][gf_hal_common]: [hal_milan_authenticate_success]   preprocess_time=19ms
02-26 10:22:01.891  1567  1707 I [GF_HAL][gf_hal_common]: [hal_milan_authenticate_success]  get_feature_time=12ms
02-26 10:22:01.891  1567  1707 I [GF_HAL][gf_hal_common]: [hal_milan_authenticate_success] authenticate_time=2ms
02-26 10:22:01.891  1567  1707 I [GF_HAL][gf_hal_common]: [hal_milan_authenticate_success] KPI time=61ms
02-26 10:22:01.891  1567  1707 I [GF_HAL][gf_hal_common]: [hal_milan_authenticate_success]        total time=141ms
02-26 10:22:01.891  1567  1707 D [gf_ca_entry]: [gf_ca_invoke_command] enter
02-26 10:22:01.891  1567  1707 D [gf_ca_entry]: [gf_ta_send_modified_cmd_req] enter
02-26 10:22:01.891  1567  1707 D [gf_ca_entry]: [gf_ta_send_modified_cmd_req] begin token 218, cmd_id=1086
02-26 10:22:01.891  1567  1707 D [gf_ca_entry]: [gf_ca_get_logbuf_length] enter
02-26 10:22:01.892  1567  1707 W libc    : Access denied finding property "gf.debug.dump_talog_data"
02-26 10:22:01.892  1567  1707 D [gf_ca_entry]: [gf_ca_get_logbuf_length] exit
02-26 10:22:01.892  1567  1707 D [gf_sec_ion]: [gf_sec_ion_malloc] enter
02-26 10:22:01.892  1567  1707 D [gf_sec_ion]: [gf_sec_ion_malloc] gf_sec_ion_malloc data_size = 192
02-26 10:22:01.892  1567  1707 D [gf_sec_ion]: [gf_sec_ion_malloc] exit
02-26 10:22:01.892  1567  1707 D [gf_ca_entry]: [gf_ta_send_modified_cmd_req] whitebox is disabled.
02-26 10:22:01.896  1063  1273 D RefreshRateConfigs: TouchBoost - choose Fps: 60.00 Hz
02-26 10:22:01.897  1679  1679 W BiometricFrameworkStatsLogger: found a negative latency : -1
02-26 10:22:01.898  1679  1679 W Biometrics/AuthenticationClient: Allowing background authentication, this is allowed only for platform or test invocations
02-26 10:22:01.898  1679  1679 D BaseClientMonitor: marking operation as done: {[38] com.android.server.biometrics.sensors.fingerprint.hidl.FingerprintAuthenticationClient, proto=3, owner=com.android.systemui, cookie=0, requestId=17, userId=0}
02-26 10:22:01.911  2891  2891 I BiometricUnlockCtrl: biometric acquired, grabbing biometric wakelock
02-26 10:22:01.919  1679  1679 D Biometrics/AuthenticationClient: addAuthToken: 0
02-26 10:22:01.919  1679  1679 D BiometricStateCallback: Client finished, state updated to 0, client {[38] com.android.server.biometrics.sensors.fingerprint.hidl.FingerprintAuthenticationClient, proto=3, owner=com.android.systemui, cookie=0, requestId=17, userId=0}
02-26 10:22:01.920  1679  1679 D BiometricSchedulerOperation: [Finished / destroy]: {[38] com.android.server.biometrics.sensors.fingerprint.hidl.FingerprintAuthenticationClient, proto=3, owner=com.android.systemui, cookie=0, requestId=17, userId=0}
02-26 10:22:01.920  1567  1707 D [gf_ca_entry]: [gf_ca_logdump] enter
02-26 10:22:01.920  1567  1707 D [gf_ca_entry]: [gf_ca_logdump] exit
02-26 10:22:01.920  1567  1707 D [gf_sec_ion]: [gf_sec_ion_free] enter
02-26 10:22:01.920  1567  1707 D [gf_sec_ion]: [gf_sec_ion_free] gf_sec_ion_free ion_local_flag is not true
02-26 10:22:01.920  1567  1707 D [gf_sec_ion]: [gf_sec_ion_free] exit
02-26 10:22:01.920  1567  1707 D [gf_ca_entry]: [gf_ta_send_modified_cmd_req] exit
02-26 10:22:01.920  1567  1707 D [gf_ca_entry]: [gf_ca_invoke_command] gx_ta_send_modified_cmd_req success
02-26 10:22:01.920  1567  1707 D [gf_ca_entry]: [gf_ca_invoke_command] ta execution succeed
02-26 10:22:01.920  1567  1707 D [gf_ca_entry]: [gf_ca_invoke_command] exit
02-26 10:22:01.920  1567  1707 E [GF_HAL][gf_hal_milan]: [hal_milan_invoke_command] err=GF_SUCCESS, errno=0. reset g_hal_over_current_count to 0!
02-26 10:22:01.921  1679  1679 D FingerprintServiceInjectorStubImpl: info:com.android.systemui,1##,20260226-10:22:01
02-26 10:22:01.924  2891  2891 D MiuiKeyguardWallPaperManager: updateKeyguardWallpaperState: false,anim :false,animMode: 1
02-26 10:22:01.926  1679  6433 I PowerGroup: Waking up power group from Dozing (groupId=0, uid=1000, reason=WAKE_REASON_UNKNOWN, details=android.policy:FINGERPRINT)...
02-26 10:22:01.926  1679  1679 I Biometrics/FingerprintAuthClient: intercept powerkey time:17103252
02-26 10:22:01.926  2678  2709 I MiuiWallpaper-WallpaperEventManager: updateKeyguardWallpaperStateAnim: show = false,anim=false,mode = 1
02-26 10:22:01.926  1679  6433 I PowerManagerService: Waking up from Dozing (uid=1000, reason=WAKE_REASON_UNKNOWN, details=android.policy:FINGERPRINT)...
02-26 10:22:01.922  1567  1567 W fingerprint@2.1: type=1400 audit(0.0:25258): avc: denied { read } for name="u:object_r:default_prop:s0" dev="tmpfs" ino=12256 scontext=u:r:hal_fingerprint_default:s0 tcontext=u:object_r:default_prop:s0 tclass=file permissive=0
02-26 10:22:01.927  2678  2709 I MiuiWallpaper-WallpaperEventManager: setKeyguardLocked = false
02-26 10:22:01.927  2678  2709 I MiuiWallpaper-WallpaperEventManager: setScreenOn = true
02-26 10:22:01.927  1567  1707 E [GF_HAL][gf_hal_frr_database]: [writeXiaomiDataToRecordFile] /sdcard/MIUI/debug_log/1.dat can't open file. err=GF_ERROR_FILE_OPEN_FAILED, errno=1078
02-26 10:22:01.927  1567  1707 E [GF_HAL][gf_hal_frr_database]: [writeXiaomiDataToRecordFile] exit. err=GF_ERROR_FILE_OPEN_FAILED, errno=1078
02-26 10:22:01.927  2891 26343 D miui_face: receive waking up with reason
02-26 10:22:01.928  1567  1707 D [gf_ca_entry]: [gf_ca_invoke_command] enter
02-26 10:22:01.928  1567  1707 D [gf_ca_entry]: [gf_ta_send_modified_cmd_req] enter
02-26 10:22:01.928  1567  1707 D [gf_ca_entry]: [gf_ta_send_modified_cmd_req] begin token 219, cmd_id=1079
02-26 10:22:01.928  1567  1707 D [gf_ca_entry]: [gf_ca_get_logbuf_length] enter
02-26 10:22:01.928  1567  1707 W libc    : Access denied finding property "gf.debug.dump_talog_data"
02-26 10:22:01.928  1567  1707 D [gf_ca_entry]: [gf_ca_get_logbuf_length] exit
02-26 10:22:01.928  1567  1707 D [gf_sec_ion]: [gf_sec_ion_malloc] enter
02-26 10:22:01.928  1567  1707 D [gf_sec_ion]: [gf_sec_ion_malloc] gf_sec_ion_malloc data_size = 819264
02-26 10:22:01.928  1567  1707 D [gf_sec_ion]: [gf_sec_ion_malloc] exit
02-26 10:22:01.928  1567  1707 D [gf_ca_entry]: [gf_ta_send_modified_cmd_req] whitebox is disabled.
02-26 10:22:01.928  2678  2678 I MiuiWallpaper-DesktopImageEngineImpl: no need showWallpaperUnlockAnim, hide keyguard wallpaper
02-26 10:22:01.929  2678  2678 I MiuiWallpaper-KeyguardImageEngineImpl: updateAlpha keyguard wallpaper alpha = 0.0
02-26 10:22:01.929  2678  2678 I MiuiWallpaper-MiuiKeyguardPictorialWallpaper: update keyguard alpha = 0.0
02-26 10:22:01.935  1063  2734 I surfaceflinger: oneway function results for code 901 on binder at 0xb4000079bc0156e0 will be dropped but finished with status 1 (Unknown error -1)
02-26 10:22:01.937  2891  3453 I KeyguardViewMediator: call fw keyguardGoingAway: flags = 2
02-26 10:22:01.937  1567  1813 I vendor.xiaomi.hardware.fingerprintextension@1.0: extCmd: cmd=12, param=0
02-26 10:22:01.937  1567  1813 D FingerprintHal: [goodixExtCmd] receive key cmd=12, param=0
02-26 10:22:01.937  1567  1813 D FingerprintHal: [goodixExtCmd] set key status : 0
02-26 10:22:01.941  1679  2081 I DisplayPowerController[0]: Blocking screen on until initial contents have been drawn.
02-26 10:22:01.941  1679  2081 I WindowManager: Display 0 turning on...
02-26 10:22:01.943  1679  1983 I SmartPower.com.miui.analytics/10187(19576): idle->background(42743ms) R(service start com.miui.analytics/.onetrack.TrackService) adj=0.
02-26 10:22:01.947  1679  1710 I TransitionController: requestTransitionIfNeeded mTransitionPlayer is null
02-26 10:22:01.952  2678  2678 I MiuiWallpaper-MiuiKeyguardPictorialWallpaper: onSurfaceRedrawNeeded
02-26 10:22:01.953  1063  1063 D SurfaceFlinger: buildWindowInfos try add DEFAULT_LAYER_STACK inputInfo
02-26 10:22:01.954  2678 16593 W OpenGLRenderer: Surface doesn't have any previously queued frames, nothing to readback from
02-26 10:22:01.958  2891  2891 D BiometricUnlockCtrl: onBiometricAuthenticated userId=0;getCurrentUser=0;mMode=7;canSwitchUser=true
02-26 10:22:01.958  2891  2891 V BiometricUnlockCtrl: startWakeAndUnlock(7)
02-26 10:22:01.958  2891  2891 I BiometricUnlockCtrl: releasing biometric wakelock
02-26 10:22:01.959  2891  2891 D KeyguardViewMediator: keyguardDone
02-26 10:22:01.959  2891  2891 D KeyguardViewMediator: tryKeyguardDone: pending - false, animRan - false animRunning - false
02-26 10:22:01.959  2891  2891 D KeyguardViewMediator: tryKeyguardDone: starting pre-hide animation
02-26 10:22:01.959  2891  2891 E KeyguardViewMediator: mHideAnimationFinishedRunnable#run: mHideAnimationRun - true
02-26 10:22:01.959  2891  2891 D KeyguardViewMediator: tryKeyguardDone: pending - false, animRan - true animRunning - false
02-26 10:22:01.959  2891  2891 D KeyguardViewMediator: handleKeyguardDone
02-26 10:22:01.959  2891  2891 D KeyguardViewMediator: handleHide
02-26 10:22:01.959  2891  2891 D KeyguardViewMediator: keyguardGoingAway
02-26 10:22:01.963  1567  1707 D [gf_ca_entry]: [gf_ca_logdump] enter
02-26 10:22:01.964  1567  1707 D [gf_ca_entry]: [gf_ca_logdump] exit
02-26 10:22:01.964  1567  1707 D [gf_sec_ion]: [gf_sec_ion_free] enter
02-26 10:22:01.964  1567  1707 D [gf_sec_ion]: [gf_sec_ion_free] gf_sec_ion_free ion_local_flag is not true
02-26 10:22:01.964  1567  1707 D [gf_sec_ion]: [gf_sec_ion_free] exit
02-26 10:22:01.964  1567  1707 D [gf_ca_entry]: [gf_ta_send_modified_cmd_req] exit
02-26 10:22:01.964  1567  1707 D [gf_ca_entry]: [gf_ca_invoke_command] gx_ta_send_modified_cmd_req success
02-26 10:22:01.964  1567  1707 D [gf_ca_entry]: [gf_ca_invoke_command] ta execution succeed
02-26 10:22:01.964  1567  1707 D [gf_ca_entry]: [gf_ca_invoke_command] exit
02-26 10:22:01.967  1063  1063 D SurfaceFlinger: buildWindowInfos try add DEFAULT_LAYER_STACK inputInfo
02-26 10:22:01.966  1567  1567 W fingerprint@2.1: type=1400 audit(0.0:25259): avc: denied { read } for name="/" dev="dm-40" ino=3 scontext=u:r:hal_fingerprint_default:s0 tcontext=u:object_r:system_data_root_file:s0 tclass=dir permissive=0
02-26 10:22:01.969  1567  1707 E [GF_HAL][gf_hal_frr_database]: [gf_hal_write_auth_record] /data/vendor/goodix/gf_data/auth_ratio_database.db can't open file. err=GF_ERROR_FILE_OPEN_FAILED, errno=1078
02-26 10:22:01.969  1567  1707 E [GF_HAL][gf_hal_frr_database]: [gf_hal_write_auth_record] exit. err=GF_ERROR_FILE_OPEN_FAILED, errno=1078
02-26 10:22:01.969  1567  1707 E [GF_HAL][gf_hal_frr_database]: [gf_hal_save_auth_ratio_record] exit. err=GF_ERROR_FILE_OPEN_FAILED, errno=1078
02-26 10:22:01.969  1567  1707 I [GF_HAL][gf_hal_frr_database]: [gf_hal_handle_frr_database] frr database file and dir not exist 
02-26 10:22:01.969  1679  2081 D ActivityTaskManager: Top Process State changed to PROCESS_STATE_TOP
02-26 10:22:01.970  1679  2081 D PerfStubImpl: perfWarmLaunchBoost: com.miui.home, -1, 2
02-26 10:22:01.970  1567  1707 E cutils  : Failed to openat(/data): Permission denied
02-26 10:22:01.970  1567  1707 E [GF_HAL][gf_hal_frr_database]: [gf_hal_handle_frr_database] mkdir /data/vendor/goodix/gf_data/ failed. ret=-13
02-26 10:22:01.970  1567  1707 E [GF_HAL][gf_hal_frr_database]: [gf_hal_handle_frr_database] exit. err=GF_ERROR_MKDIR_FAILED, errno=1077
02-26 10:22:01.971  1567  1707 W libc    : Access denied finding property "gf.debug.dump_data"
02-26 10:22:01.971  1567  1707 W libc    : Access denied finding property "gf.debug.dump_data"
02-26 10:22:01.971  1679  1679 I PowerFingerPrintServiceStubImpl: startExtCmd cmd: 12 param: 0 result:0
02-26 10:22:01.972  1679  1679 D BiometricScheduler/Fingerprint21: [Finishing] {[38] com.android.server.biometrics.sensors.fingerprint.hidl.FingerprintAuthenticationClient, proto=3, owner=com.android.systemui, cookie=0, requestId=17, userId=0}, success: true
02-26 10:22:01.972  1679  1679 D BiometricCoexCoordinator: removeAuthenticationClient(OtherFp), client: {[38] com.android.server.biometrics.sensors.fingerprint.hidl.FingerprintAuthenticationClient, proto=3, owner=com.android.systemui, cookie=0, requestId=17, userId=0}
02-26 10:22:01.972  1679  1679 D GestureAvailabilityTracker: Notifying gesture availability, active=true
02-26 10:22:01.972  1679  1679 D BiometricScheduler/Fingerprint21: No operations, returning to idle
02-26 10:22:01.972  1679  1679 E ActivityManager: Cancel pending or running compactions as system is awake
02-26 10:22:01.973  1679  2013 E KernelCpuSpeedReader: Failed to read cpu-freq: /sys/devices/system/cpu/cpu4512000/cpufreq/stats/time_in_state: open failed: ENOENT (No such file or directory)
02-26 10:22:01.973  1679  2013 E KernelCpuSpeedReader: Failed to read cpu-freq: /sys/devices/system/cpu/cpu2707200/cpufreq/stats/time_in_state: open failed: ENOENT (No such file or directory)
02-26 10:22:01.973  1679  2013 E KernelCpuSpeedReader: Failed to read cpu-freq: /sys/devices/system/cpu/cpu1190400/cpufreq/stats/time_in_state: open failed: ENOENT (No such file or directory)
02-26 10:22:01.973  1679  2013 E KernelCpuSpeedReader: Failed to read cpu-freq: /sys/devices/system/cpu/cpu0/cpufreq/stats/time_in_state: open failed: ENOENT (No such file or directory)
02-26 10:22:01.966  1567  1567 W fingerprint@2.1: type=1400 audit(0.0:25260): avc: denied { read } for name="u:object_r:default_prop:s0" dev="tmpfs" ino=12256 scontext=u:r:hal_fingerprint_default:s0 tcontext=u:object_r:default_prop:s0 tclass=file permissive=0
02-26 10:22:01.966  1567  1567 W fingerprint@2.1: type=1400 audit(0.0:25261): avc: denied { read } for name="u:object_r:default_prop:s0" dev="tmpfs" ino=12256 scontext=u:r:hal_fingerprint_default:s0 tcontext=u:object_r:default_prop:s0 tclass=file permissive=0
02-26 10:22:01.983  1679  2081 I SmartPower.com.miui.home/10139(2928): idle->invisible(250247ms) R(become foreground) adj=0.
02-26 10:22:01.986  2928  2928 D Launcher.Lifecycle: onStart:UserHandle{0},ef59b95,false
02-26 10:22:01.988  2928  2928 D LauncherAssistantCompatGoogle: onStart com.google.android.libraries.gsa.launcherclient.LauncherClient@f2c83b4
02-26 10:22:01.992  1679  1710 I SmartPower.com.google.android.googlequicksearchbox:googleapp/10157(25023): idle->visible(250231ms) R(become visible) adj=800.
02-26 10:22:01.992  1679  1710 I SmartPower.com.google.android.googlequicksearchbox:interactor/10157(4278): background->invisible(253232ms) R(become foreground) adj=100.
02-26 10:22:01.993  1063  2734 D MI-SF   : [FpsStat] construct...
02-26 10:22:01.997  1063  1063 D SurfaceFlinger: buildWindowInfos try add DEFAULT_LAYER_STACK inputInfo
02-26 10:22:02.010  2891 26343 D KeyguardService: onScreenTurningOn
02-26 10:22:02.011  2891  2891 V KeyguardUpdateMonitor: stopListeningForFingerprint()
02-26 10:22:02.011  2891  2891 D KeyguardUpdateMonitor: fingerprintRunningState: 2
02-26 10:22:02.011  2891  2891 D BiometricUnlockCtrl: onBiometricRunningStateChanged running=false
02-26 10:22:02.011  2891  2891 D MiuiFaceManager: inernational:true supportR:[ALL] nowR:BR
02-26 10:22:02.012  2891  2891 D MiuiFaceManager: inernational:true supportR:[ALL] nowR:BR
02-26 10:22:02.012  2891  2891 D MiuiFaceManager: inernational:true supportR:[ALL] nowR:BR
02-26 10:22:02.013  2891  2891 W miui_keyguard: unlock keyguard by fp
02-26 10:22:02.013  2891  3453 D MiuiFaceManager: inernational:true supportR:[ALL] nowR:BR
02-26 10:22:02.014  2891  2891 E LockScreenMagazinePreView: getFullScreenLayout()  mRemoteFullScreenView:android.widget.RelativeLayout{39006f V.E...... R.....ID 0,0-1080,2400}
02-26 10:22:02.014  2891  2891 E LockScreenMagazinePreView: getFullScreenLayout()  mRemoteFullScreenView:android.widget.RelativeLayout{39006f V.E...... R.....ID 0,0-1080,2400}
02-26 10:22:02.014  1063  1063 D SurfaceFlinger: buildWindowInfos try add DEFAULT_LAYER_STACK inputInfo
02-26 10:22:02.014  2891  2891 D CentralSurfaces: updateQsExpansionEnabled - QS Expand enabled: false
02-26 10:22:02.015  2891  3350 D KeyguardViewMediator: updateActivityLockScreenState(true, false)
02-26 10:22:02.015  1679  2081 W DaemonSensorPolicy: the sensor of the type 33171055 is not in daemon sensor list!
02-26 10:22:02.015  1679  2081 I AutomaticBrightnessController: AmbientLux=40.5625, mAmbientDarkeningThreshold=20.28125, mAmbientBrighteningThreshold=70.5625
02-26 10:22:02.021 25023 25023 I bqqp    : (REDACTED) onApplyWindowInsets: systemWindowInsets=%s
02-26 10:22:02.023  2891  2891 D CentralSurfaces: updateQsExpansionEnabled - QS Expand enabled: false
02-26 10:22:02.023  2928  5661 I com.miui.home: oneway function results for code 23 on binder at 0xb400006f9798c440 will be dropped but finished with status UNKNOWN_TRANSACTION
02-26 10:22:02.027  1679  2432 I MiuiNetworkPolicy: updateUidState uid = 10187, uidState = 6
02-26 10:22:02.028  1679  2432 I MiuiNetworkPolicy: updateUidState uid = 10162, uidState = 3
02-26 10:22:02.029  1679  2081 I AutomaticBrightnessController: updateAutoBrightness: mScreenAutoBrightness=NaN, newScreenAutoBrightness=0.23715813 (checkedAutoBrightness=486), mAmbientLux=40.5625, mUseDaemonSensorInProgress=true
02-26 10:22:02.029  1679  2081 D DisplayPowerControllerImpl: updateBrightnessChangeStatus: animating: false, displayState: 2, slowChange: false, appliedDimming: false, appliedLowPower: false, currentBrightness: 0.0, currentSdrBrightness: 0.0, targetBrightness: 0.23715813, targetSdrBrightness: 0.23715813, previousDisplayPolicy: 0, currentDisplayPolicy: 3, appliedHdrRate: false
02-26 10:22:02.030  1679  2081 I DisplayPowerControllerImpl: Animating brightness rate: 0.0, outRate: 0.0, reason: no_changed
02-26 10:22:02.030  2891  2891 D KeyguardUpdateMonitor: handleFingerprintLockoutReset: 0
02-26 10:22:02.031  1063  1063 D SurfaceFlinger: buildWindowInfos try add DEFAULT_LAYER_STACK inputInfo
02-26 10:22:02.033  1679  2432 I MiuiNetworkPolicy: updateUidState uid = 10139, uidState = 2
02-26 10:22:02.035 25023 25023 I bqqp    : (REDACTED) onApplyWindowInsets: systemWindowInsets=%s
02-26 10:22:02.038  1679  2081 I DisplayPowerController[0]: Brightness [0.23715813] reason changing to: 'automatic', previous reason: 'screen_off'.
02-26 10:22:02.038  1679  1679 I WindowManager: Started waking up... (why=ON_BECAUSE_OF_UNKNOWN)
02-26 10:22:02.038  1679  2081 I DisplayPowerController[0]: BrightnessEvent: disp=0, brt=0.23715813, rcmdBrt=0.23715813, preBrt=NaN, lux=NaN, preLux=NaN, hbmMax=1.0, hbmMode=off, thrmMax=1.0, flags=invalid_lux doze_scale , reason=automatic
02-26 10:22:02.039  1679  2081 I AutomaticBrightnessController: AmbientLux=38.157497, mAmbientDarkeningThreshold=19.078749, mAmbientBrighteningThreshold=68.1575
02-26 10:22:02.039   921   921 I sensors-hal: batch:242, android.sensor.light/51, period=250000000, max_latency=0
02-26 10:22:02.039   921   921 I sensors-hal: set_config:63, sample_period_ns is adjusted to 0 based on min/max delay_ns
02-26 10:22:02.039   921   921 I sensors-hal: batch:251, android.sensor.light/51, period=250000000, max_latency=0 request completed
02-26 10:22:02.039 25023 25023 D VRI[LauncherMinusOneScreen]: vri.reportNextDraw android.view.ViewRootImpl.performTraversals:4013 android.view.ViewRootImpl.doTraversal:2725 android.view.ViewRootImpl$TraversalRunnable.run:9812 android.view.Choreographer$CallbackRecord.run:1505 android.view.Choreographer$CallbackRecord.run:1513 
02-26 10:22:02.040 25023 25023 D VRI[LauncherMinusOneScreen]: vri.Setup new sync id=4 syncSeqId=0
02-26 10:22:02.040  1679  2081 I DaemonSensorPolicy: unregister daemon light sensor.
02-26 10:22:02.040  1679  2081 I AutomaticBrightnessController: updateAutoBrightness: mScreenAutoBrightness=0.23715813, newScreenAutoBrightness=0.2366837 (checkedAutoBrightness=485), mAmbientLux=38.157497, mUseDaemonSensorInProgress=false
02-26 10:22:02.040  1679  1940 D WindowManager: wms.Update InputWindowHandle: 83ce2a2 NotificationShade, frame=[0,0,0,0], touchableRegion=SkRegion((-1080,-2400,2160,4800)), scaleFactor=1.0, transform=null, windowToken=android.os.BinderProxy@c0dfe84, isClone=false, visibal=true, focusable=true, changed=true
02-26 10:22:02.040  1679  2081 D DisplayPowerControllerImpl: updateBrightnessChangeStatus: animating: false, displayState: 2, slowChange: true, appliedDimming: false, appliedLowPower: false, currentBrightness: 0.23715813, currentSdrBrightness: 0.23715813, targetBrightness: 0.2366837, targetSdrBrightness: 0.2366837, previousDisplayPolicy: 3, currentDisplayPolicy: 3, appliedHdrRate: false
02-26 10:22:02.040  1679  2081 I DisplayPowerControllerImpl: Animating brightness rate: 0.0, outRate: 0.0, reason: no_changed
02-26 10:22:02.041   918   918 I QTI PowerHAL: Power setMode: 7 to: 1
02-26 10:22:02.041  1679  2081 I DisplayPowerController[0]: BrightnessEvent: disp=0, brt=0.2366837, rcmdBrt=0.2366837, preBrt=0.23715813, lux=38.157497, preLux=NaN, hbmMax=1.0, hbmMode=off, thrmMax=1.0, flags=, reason=automatic
02-26 10:22:02.041  1679  2632 I LocalDisplayAdapter: setDisplayState(id=4630946773257169537, state=ON)
02-26 10:22:02.041  1063  2734 D MI-SF   : isIdleTimerSkip is 0,mSetIdleForceFlag = 0
02-26 10:22:02.043  1679  1679 I TransitionController: requestTransitionIfNeeded mTransitionPlayer is null
02-26 10:22:02.047  1063  1063 D SurfaceFlinger: buildWindowInfos try add DEFAULT_LAYER_STACK inputInfo
02-26 10:22:02.047   948  1193 I SDM     : HWCSession::SetPowerMode: disp_id: 0 power_mode: 2
02-26 10:22:02.048   918   918 I QTI PowerHAL: Got set_interactive hint
02-26 10:22:02.050  1679  6433 I WindowManager: mKeyguardDelegate.ShowListener.onDrawn.
02-26 10:22:02.051  1679  1937 W WindowManager: Setting mKeyguardDrawComplete
02-26 10:22:02.050   952  1068 E ANDR-PERF-OPTSHANDLER: Min bounds check failed
02-26 10:22:02.051   952  1068 E ANDR-PERF-OPTSHANDLER: Error! Perflock failed, invalid request value 255
02-26 10:22:02.051   948  1193 I SDM     : DisplayBase::SetDisplayState: Set state = 1, display 29-0, teardown = 0
02-26 10:22:02.058 25023 25023 D VRI[LauncherMinusOneScreen]: vri.reportDrawFinished syncSeqId=0 android.view.ViewRootImpl.lambda$createSyncIfNeeded$4$android-view-ViewRootImpl:4081 android.view.ViewRootImpl$$ExternalSyntheticLambda2.run:6 android.os.Handler.handleCallback:942 android.os.Handler.dispatchMessage:99 android.os.Looper.loopOnce:211 
02-26 10:22:02.061  1679  2999 D WindowManager: wms.finishDrawingLocked: mDrawState=COMMIT_DRAW_PENDING Window{15a4bae u0 LauncherMinusOneScreen} in Surface(name=LauncherMinusOneScreen)/@0xb385647
02-26 10:22:02.062 25023 25023 I bqwu    : onStart
02-26 10:22:02.062  2891 26343 D KeyguardViewMediator: onStartedWakingUp, seq = 34
02-26 10:22:02.062  2891 26343 D KeyguardViewMediator: notifyStartedWakingUp
02-26 10:22:02.063   952  1068 E ANDR-PERF-UTIL: Failed to read /sys/class/devfreq/18321000.qcom,devfreq-l3:qcom,cpu0-cpu-l3-lat/max_freq
02-26 10:22:02.063   952  1068 E ANDR-PERF-UTIL: Failed to read /sys/class/devfreq/18321000.qcom,devfreq-l3:qcom,cpu4-cpu-l3-lat/max_freq
02-26 10:22:02.065  1063  1063 D SurfaceFlinger: buildWindowInfos try add DEFAULT_LAYER_STACK inputInfo
02-26 10:22:02.065  2928  2928 D Launcher.Lifecycle: onResume:UserHandle{0},ef59b95,false
02-26 10:22:02.065  2928  2928 W Settings: Setting device_provisioned has moved from android.provider.Settings.Secure to android.provider.Settings.Global.
02-26 10:22:02.067  2928  2928 D Launcher.FullbackHome: FallbackHomeCompat::needKillSelf::needKillSelf = false
02-26 10:22:02.067  2928  2928 D LauncherAssistantCompatGoogle: onResume com.google.android.libraries.gsa.launcherclient.LauncherClient@f2c83b4
02-26 10:22:02.067  2928  2928 D Launcher_UnlockAnimationStateMachine: onResume = PAUSE_WAIT
02-26 10:22:02.067  2928  2928 D Launcher_UnlockAnimationStateMachine: setState:IDLE
02-26 10:22:02.067  2928  2928 D Launcher_UnlockAnimationStateMachine: showUpdateDialog:onResume
02-26 10:22:02.068  2928  2928 I Launcher: changeMIUIWidgetEditMode false
02-26 10:22:02.069  1679  2432 I MiuiNetworkPolicy: updateUidState uid = 10245, uidState = 3
02-26 10:22:02.069  1679  2432 I MiuiNetworkPolicy: updateUidState uid = 10157, uidState = 3
02-26 10:22:02.069  1679  2432 I MiuiNetworkPolicy: updateUidState uid = 10150, uidState = 3
02-26 10:22:02.069 25023 25023 I bout    : (REDACTED) [%s] onStart()
02-26 10:22:02.069 25023 25023 I boxc    : Reloading theme data
02-26 10:22:02.072  1063  1189 D MI-SF   : [FpsStat] construct...
02-26 10:22:02.074 25023 25023 I bqwu    : onResume
02-26 10:22:02.081  1063  1063 D SurfaceFlinger: buildWindowInfos try add DEFAULT_LAYER_STACK inputInfo
02-26 10:22:02.082  1063  1063 D MI-SF   : Launcher Changed hasLauncher=1
02-26 10:22:02.084 25023 25023 D VRI[LauncherMinusOneScreen]: vri.reportNextDraw android.view.ViewRootImpl.handleResized:2083 android.view.ViewRootImpl.-$$Nest$mhandleResized:0 android.view.ViewRootImpl$ViewRootHandler.handleMessageImpl:6167 android.view.ViewRootImpl$ViewRootHandler.handleMessage:6136 android.os.Handler.dispatchMessage:106 
02-26 10:22:02.085  2928  3107 D Launcher_UnlockAnimationStateMachine: show updater dialog, mDialogType = 0
02-26 10:22:02.085  1679  1939 I DisplayDeviceRepository: Display device changed state: "Tela integrada", ON
02-26 10:22:02.088  2928  2928 D RecentsContainer: onApplyWindowInsets, insets=WindowInsets{
02-26 10:22:02.088  2928  2928 D RecentsContainer:     statusBars=Insets{left=0, top=93, right=0, bottom=0} max=Insets{left=0, top=93, right=0, bottom=0} vis=true
02-26 10:22:02.088  2928  2928 D RecentsContainer:     navigationBars=Insets{left=0, top=0, right=0, bottom=0} max=Insets{left=0, top=0, right=0, bottom=130} vis=false
02-26 10:22:02.088  2928  2928 D RecentsContainer:     captionBar=Insets{left=0, top=0, right=0, bottom=0} max=null vis=false
02-26 10:22:02.088  2928  2928 D RecentsContainer:     ime=Insets{left=0, top=0, right=0, bottom=0} max=null vis=false
02-26 10:22:02.088  2928  2928 D RecentsContainer:     systemGestures=Insets{left=0, top=126, right=0, bottom=130} max=Insets{left=0, top=126, right=0, bottom=130} vis=true
02-26 10:22:02.088  2928  2928 D RecentsContainer:     mandatorySystemGestures=Insets{left=0, top=126, right=0, bottom=130} max=Insets{left=0, top=126, right=0, bottom=130} vis=true
02-26 10:22:02.088  2928  2928 D RecentsContainer:     tappableElement=Insets{left=0, top=93, right=0, bottom=130} max=Insets{left=0, top=93, right=0, bottom=130} vis=true
02-26 10:22:02.088  2928  2928 D RecentsContainer:     displayCutout=Insets{left=0, top=93, right=0, bottom=0} max=Insets{left=0, top=93, right=0, bottom=0} vis=true
02-26 10:22:02.088  2928  2928 D RecentsContainer:     windowDecor=null max=null vis=false
02-26 10:22:02.088  2928  2928 D RecentsContainer:     cutout=DisplayCutout{insets=Rect(0, 93 - 0, 0) waterfall=Insets{left=0, top=0, right=0, bottom=0} boundingRect={Bounds=[Rect(0, 0 - 0, 0), Rect(503, 0 - 577, 93), Rect(0, 0 - 0, 0), Rect(0, 0 - 0, 0)]} cutoutPathParserInfo={CutoutPathParserInfo{displayWidth=1080 displayHeight=2400 physicalDisplayWidth=1080 physicalDisplayHeight=2400 density={2.75} cutoutSpec={M 0,0 H -37 V 93 H 37 V 0 H 0 Z} rotation={0} scale={1.0} physicalPixelDisplaySizeRatio={1.0}}}}
02-26 10:22:02.088  2928  2928 D RecentsContainer:     roundedCorners=RoundedCorners{[RoundedCorner{position=TopLeft, radius=106, center=Point(106, 106)}, RoundedCorner{position=TopRight, radius=106, center=Point(974, 106)}, RoundedCorner{position=BottomRight, radius=106, center=Point(974, 2294)}, RoundedCorner{position=BottomLeft, radius=106, center=Point(106, 2294)}]}
02-26 10:22:02.088  2928  2928 D RecentsContainer:     privacyIndicatorBounds=PrivacyIndicatorBounds {static bounds=Rect(29, 0 - 65, 93) rotation=0}
02-26 10:22:02.088  2928  2928 D RecentsContainer:     compatInsetsTypes=135
02-26 10:22:02.088  2928  2928 D RecentsContainer:     compatIgnoreVisibility=true
02-26 10:22:02.088  2928  2928 D RecentsContainer:     systemWindowInsetsConsumed=false
02-26 10:22:02.088  2928  2928 D RecentsContainer:     stableInsetsConsumed=false
02-26 10:22:02.088  2928  2928 D RecentsContainer:     displayCutoutConsumed=false
02-26 10:22:02.088  2928  2928 D RecentsContainer:     }, rotation=0
02-26 10:22:02.089  2928  2928 D VRI[Launcher]: vri.reportNextDraw android.view.ViewRootImpl.performTraversals:4013 android.view.ViewRootImpl.doTraversal:2725 android.view.ViewRootImpl$TraversalRunnable.run:9812 android.view.Choreographer$CallbackRecord.run:1505 android.view.Choreographer$CallbackRecord.run:1513 
02-26 10:22:02.090  2928  2928 D VRI[Launcher]: vri.Setup new sync id=44 syncSeqId=0
02-26 10:22:02.090  1679  6441 D CompatibilityInfo: mCompatibilityFlags - 0
02-26 10:22:02.090  1679  6441 D CompatibilityInfo: applicationDensity - 440
02-26 10:22:02.090  1679  6441 D CompatibilityInfo: applicationScale - 1.0
02-26 10:22:02.092  2928  3060 D StatusBarController: handleMessage: flag 1000000  disable false
02-26 10:22:02.094  3844  3844 D BoundBrokerSvc: onBind: Intent { act=com.google.android.gms.measurement.START pkg=com.google.android.gms }
02-26 10:22:02.094  3844  3844 D BoundBrokerSvc: Loading bound service for intent: Intent { act=com.google.android.gms.measurement.START pkg=com.google.android.gms }
02-26 10:22:02.100  1487  1487 I hw-BpHwBinder: onLastStrongRef automatically unlinking death recipients
02-26 10:22:02.101  1063  1063 D SurfaceFlinger: buildWindowInfos try add DEFAULT_LAYER_STACK inputInfo
02-26 10:22:02.102  2905  3016 I QmiHwInterface/SendRequestCallback: <- RCV:OnResponseEvent{status=3, error message = messageId not supported}
02-26 10:22:02.103  2905  3008 I DynamicDDSService: sendRequest has failure response. errorMsg = messageId not supported
02-26 10:22:02.103  2891  2891 D MiuiFaceManager: inernational:true supportR:[ALL] nowR:BR
02-26 10:22:02.104  2891  2891 D KeyguardUpdateMonitor: fingerprintRunningState: 0
02-26 10:22:02.105  1063  1188 I surfaceflinger: oneway function results for code 901 on binder at 0xb4000079bc0156e0 will be dropped but finished with status 1 (Unknown error -1)
02-26 10:22:02.105  1063  1188 I surfaceflinger: oneway function results for code 902 on binder at 0xb4000079bc0156e0 will be dropped but finished with status 1 (Unknown error -1)
02-26 10:22:02.105  2928  5661 D TaskStackChangeListeners: onTaskDisplayChanged =  taskId = 2 newDisplayId = 0
02-26 10:22:02.105  2891  2891 V AODAutoDensityController: on display changed 0 context dpi:439 origin dpi:439 target dpi:439
02-26 10:22:02.105  2891  2891 D NotifBadge: recevie broadbcast ACTION_APPLICATION_MESSAGE_QUERY, requestFirstTime=false
02-26 10:22:02.106  2928  5661 D TaskStackChangeListeners: onTaskDisplayChanged =  taskId = 16 newDisplayId = 0
02-26 10:22:02.106  2928  5661 D TaskStackChangeListeners: onTaskDisplayChanged =  taskId = 3 newDisplayId = 0
02-26 10:22:02.107  2928  5661 D TaskStackChangeListeners: onTaskDisplayChanged =  taskId = 6 newDisplayId = 0
02-26 10:22:02.107  2880  3333 D SignalStrengthMonitor[0]: handleRatInPrefNrDuration, scene = SCREEN_ON
02-26 10:22:02.107  2928  5661 D TaskStackChangeListeners: onTaskDisplayChanged =  taskId = 5 newDisplayId = 0
02-26 10:22:02.111  2891  2891 D KeyguardViewMediator: handleNotifyWakingUp
02-26 10:22:02.111  2891  2891 D MiuiFaceManager: inernational:true supportR:[ALL] nowR:BR
02-26 10:22:02.112  2891  2891 D miui_face: requestFaceAuth()
02-26 10:22:02.112  2891  2891 D MiuiBleUnlockHelper: verifyBLEDeviceRssi  isShowing = true isOccluded = false isMXtelcel = false isHiding = true isDeviceInteractive = true
02-26 10:22:02.112  2891 24009 I ClockDataUtils: getWeatherBean, type = 1
02-26 10:22:02.112  2891  2891 I DozeServicePluginImpl: plugin onSystemUIAction: 16
02-26 10:22:02.112  2891  2891 I DozeHost: onStopDoze: needTurnOnDelay false
02-26 10:22:02.112  2891  2891 I ClassicTextAreaView: unRegisterServiceProviderListener this = com.miui.clock.classic.ClassicTextAreaView{36ef3af V.ED..... ......ID 74,220-1006,283 #7f0a0403 app:id/text_area}
02-26 10:22:02.117  2891  2891 I MiuiClockController: removeTimeListener, this = com.miui.clock.MiuiClockController@b553b8d
02-26 10:22:02.117  2880  3333 D SignalStrengthMonitor[0]: isAllowStatisticsPrefNr, flag = false, isDataSlot = true, isVaildRat = true, is5Gpref = false, IsScreenOn = true, !mIsWifiConnected = false, !mIsDuringCall = true
02-26 10:22:02.117  2880  3333 D SignalStrengthMonitor[0]: startRatInPrefNrTimer, refuse statistics
02-26 10:22:02.117  2880  3333 D SignalStrengthMonitor[1]: handleRatInPrefNrDuration, scene = SCREEN_ON
02-26 10:22:02.117  2880  3333 D SignalStrengthMonitor[1]: isAllowStatisticsPrefNr, flag = false, isDataSlot = false, isVaildRat = false, is5Gpref = false, IsScreenOn = true, !mIsWifiConnected = false, !mIsDuringCall = true
02-26 10:22:02.117  2880  3333 D SignalStrengthMonitor[1]: startRatInPrefNrTimer, refuse statistics
02-26 10:22:02.120  2678  2678 I MiuiWallpaper-MiuiKeyguardPictorialWallpaper: onVisibilityChanged, visible = true
02-26 10:22:02.122 25023 25023 D VRI[LauncherMinusOneScreen]: vri.Setup new sync id=5 syncSeqId=0
02-26 10:22:02.126 25023 25023 D VRI[LauncherMinusOneScreen]: vri.reportDrawFinished syncSeqId=0 android.view.ViewRootImpl.lambda$createSyncIfNeeded$4$android-view-ViewRootImpl:4081 android.view.ViewRootImpl$$ExternalSyntheticLambda2.run:6 android.os.Handler.handleCallback:942 android.os.Handler.dispatchMessage:99 android.os.Looper.loopOnce:211 
02-26 10:22:02.131  1679  2462 D WindowManager: wms.finishDrawingLocked: mDrawState=COMMIT_DRAW_PENDING Window{15a4bae u0 LauncherMinusOneScreen} in Surface(name=LauncherMinusOneScreen)/@0xb385647
02-26 10:22:02.132  2678  2678 I MiuiWallpaper-ImageWallpaper: onVisibilityChanged, visible = true
02-26 10:22:02.132  2678 16593 W OpenGLRenderer: Surface doesn't have any previously queued frames, nothing to readback from
02-26 10:22:02.133  1679  6433 D CompatibilityChangeReporter: Compat change id reported: 135634846; UID 10260; state: DISABLED
02-26 10:22:02.133  1679  6433 D CompatibilityChangeReporter: Compat change id reported: 177438394; UID 10260; state: DISABLED
02-26 10:22:02.134  1679  6433 D CompatibilityChangeReporter: Compat change id reported: 135772972; UID 10260; state: DISABLED
02-26 10:22:02.135  1679  6433 D CompatibilityChangeReporter: Compat change id reported: 135754954; UID 10260; state: ENABLED
02-26 10:22:02.135  1679  1990 D CompatibilityChangeReporter: Compat change id reported: 143937733; UID 10260; state: ENABLED
02-26 10:22:02.141  2891  2891 D MiuiClockController: unRegister package broadcast
02-26 10:22:02.145  1679  1679 D CompatibilityChangeReporter: Compat change id reported: 135634846; UID 10268; state: DISABLED
02-26 10:22:02.145  1679  1679 D CompatibilityChangeReporter: Compat change id reported: 177438394; UID 10268; state: DISABLED
02-26 10:22:02.147  1679  1679 D CompatibilityChangeReporter: Compat change id reported: 135772972; UID 10268; state: DISABLED
02-26 10:22:02.147  1679  1679 D CompatibilityChangeReporter: Compat change id reported: 135754954; UID 10268; state: ENABLED
02-26 10:22:02.148  2928  2928 D DragContainerLayout: dispatch draw with clip rect: null
02-26 10:22:02.150  2891  2891 I MiuiClockController: removeClockInfoListener, this = com.miui.clock.MiuiClockController@b553b8d
02-26 10:22:02.152  2891  2891 D AODWakeLock: longWakeLock : acquire from:NotificationAnimationView inner :false
02-26 10:22:02.153  1679  1679 I BrightnessSynchronizer: [773] New Update 0.2366837(f) set brightness values:  61(i)
02-26 10:22:02.153  2891  2891 I NotificationAnimationView: stopAnimation: release 
02-26 10:22:02.155  2678 16593 W OpenGLRenderer: Surface doesn't have any previously queued frames, nothing to readback from
02-26 10:22:02.159  1679  1679 I BrightnessSynchronizer: New PendingUpdate: {[774] 0.2366837(f), mUpdatedTypes=0, mConfirmedTypes=0, mTimeUpdated=0}, prev=null
02-26 10:22:02.160  1679  1679 I BrightnessSynchronizer: New PendingUpdate: {[775] 0.2366837(f), mUpdatedTypes=0, mConfirmedTypes=0, mTimeUpdated=0}, prev={[774] 0.2366837(f), mUpdatedTypes=0, mConfirmedTypes=0, mTimeUpdated=0}
