02-26 10:22:11.196 27388 27388 I MI_Algo_JNI: init: MIAGetApiVersion pointer: 0x0
02-26 10:22:11.196 27388 27388 I MI_Algo_JNI: init: calFilePath = /data/user/0/com.android.camera/files
02-26 10:22:11.196 27388 27388 D MIA_INTF: [MIAInit:34]:E
02-26 10:22:11.196 27388 27388 D MIA_SRVC: [MiaService:30]:E 0xb40000700da8ae00
02-26 10:22:11.197  1679  2432 I MiuiNetworkPolicy: updateUidState uid = 10099, uidState = 8
02-26 10:22:11.201 27388 27388 D MIA_SRVC: [MiaService:40]:success to load perflock lib
02-26 10:22:11.202 27388 27388 I MIA_SRVC: [init:62]:E
02-26 10:22:11.202 27492 27492 D CompatibilityChangeReporter: Compat change id reported: 171979766; UID 10099; state: ENABLED
02-26 10:22:11.202 27388 27388 I MIA_SRVC: [init:75]:get bokeh calFilePath: /data/user/0/com.android.camera/files
02-26 10:22:11.210 27388 27388 I BASS    : [device_Init()]:[29] DEVICE PROJECT [BASS] VERSION[1] RELEASE[0] INIT
02-26 10:22:11.210 27388 27388 D MiCameraAlgo: init: succeed
02-26 10:22:11.210 27388 27388 D MiCameraAlgo: init: X
02-26 10:22:11.211 27388 27388 I CAM_PerformanceManager: [P_PERFORM]: Action: initMiviEngine_163_0 takes 525 ms
02-26 10:22:11.211 27388 27388 D CAM_LocalParallelService: onBind
02-26 10:22:11.212 27388 27388 I CAM_PerformanceManager: [P_PERFORM]: Action: bindParallelService_163_0 takes 773 ms
02-26 10:22:11.212 27388 27426 D CAM_CameraCapabilities: QuickShotDelayTime tag not defined
02-26 10:22:11.213 27388 27426 D CAM_CameraCapabilities: HQQuickShot: mFeatureMask: 0   mDelayTimeMask: 0
02-26 10:22:11.213 27388 27426 D CAM_CameraCapabilities: MiviSuperNight: mSuperNightMask: 0
02-26 10:22:11.213 27388 27426 D CAM_CameraCapabilities: getBeautyVersionData: 3 ,beautyVersion: 3 ,beautyAlgo: 1
02-26 10:22:11.213 27388 27426 D CAM_Camera2CompatAdapter: X: initCameraCapabilitiesByCameraId(): 7
02-26 10:22:11.213 27388 27426 D CAM_Camera2CompatAdapterRole: X: initCameraCapabilitiesAsync()
02-26 10:22:11.215 27388 27426 D CAM_Camera2CompatAdapterRole: role:   0 ( 63,1Â°) <->  0
02-26 10:22:11.215 27388 27426 D CAM_Camera2CompatAdapterRole: role:   1 ( 67,9Â°) <->  1
02-26 10:22:11.215 27388 27426 D CAM_Camera2CompatAdapterRole: role:  21 ( 95,9Â°) <->  2
02-26 10:22:11.216 27388 27426 D CAM_Camera2CompatAdapterRole: role:  22 ( 70,0Â°) <->  3
02-26 10:22:11.216 27388 27426 D CAM_Camera2CompatAdapterRole: role:  25 ( 70,0Â°) <->  4
02-26 10:22:11.217 27388 27426 D CAM_Camera2CompatAdapterRole: role:  61 ( 63,1Â°) <->  5 = [0, 4]
02-26 10:22:11.217 27388 27426 D CAM_Camera2CompatAdapterRole: role: 100 ( 63,1Â°) <->  6
02-26 10:22:11.217 27388 27426 D CAM_Camera2CompatAdapterRole: role: 101 ( 67,9Â°) <->  7
02-26 10:22:11.220  1679  2432 I MiuiNetworkPolicy: updateUidState uid = 10142, uidState = 19
02-26 10:22:11.225 27388 27388 D CAM_AlgoConnector: onServiceConnected: ComponentInfo{com.android.camera/com.android.camera.LocalParallelService}, binder = com.android.camera.LocalParallelService$LocalBinder@3d0e6c5
02-26 10:22:11.225 27388 27388 D CAM_AlgoConnector: onServiceConnected: accepted!!!
02-26 10:22:11.262 27371 27493 W stagram.android: JNI RegisterNativeMethods: attempt to register 0 native methods for com.facebook.pando.PandoDataJNI
02-26 10:22:11.263 27371 27493 W IgMetaConfig: Could not obtain MC: null_factory 
02-26 10:22:11.263 27371 27493 W IgMetaConfig: java.lang.RuntimeException: Could not obtain MC, call-site will receive default values
02-26 10:22:11.263 27371 27493 W IgMetaConfig: 	at X.2cA.A06(:4)
02-26 10:22:11.263 27371 27493 W IgMetaConfig: 	at X.2cA.A05(:8)
02-26 10:22:11.263 27371 27493 W IgMetaConfig: 	at X.2cA.A02(:2)
02-26 10:22:11.263 27371 27493 W IgMetaConfig: 	at X.9hp.invoke(Unknown Source:1522)
02-26 10:22:11.263 27371 27493 W IgMetaConfig: 	at X.BSE.getValue(Unknown Source:25)
02-26 10:22:11.263 27371 27493 W IgMetaConfig: 	at X.2bx.invoke(:38)
02-26 10:22:11.263 27371 27493 W IgMetaConfig: 	at X.BSE.getValue(Unknown Source:25)
02-26 10:22:11.263 27371 27493 W IgMetaConfig: 	at X.2bm.A01(:2)
02-26 10:22:11.263 27371 27493 W IgMetaConfig: 	at X.9ik.invoke(Unknown Source:230)
02-26 10:22:11.263 27371 27493 W IgMetaConfig: 	at X.BSE.getValue(Unknown Source:25)
02-26 10:22:11.263 27371 27493 W IgMetaConfig: 	at X.2aC.A09(:30)
02-26 10:22:11.263 27371 27493 W IgMetaConfig: 	at X.2an.A01(:273)
02-26 10:22:11.263 27371 27493 W IgMetaConfig: 	at X.1we.<init>(:266)
02-26 10:22:11.263 27371 27493 W IgMetaConfig: 	at X.7n8.invoke(Unknown Source:1286)
02-26 10:22:11.263 27371 27493 W IgMetaConfig: 	at X.BSE.getValue(Unknown Source:25)
02-26 10:22:11.263 27371 27493 W IgMetaConfig: 	at X.1wg.A00(:4)
02-26 10:22:11.263 27371 27493 W IgMetaConfig: 	at X.1wg.A09(:4)
02-26 10:22:11.263 27371 27493 W IgMetaConfig: 	at X.1vx.A03(:80)
02-26 10:22:11.263 27371 27493 W IgMetaConfig: 	at X.1ur.DR5(:44)
02-26 10:22:11.263 27371 27493 W IgMetaConfig: 	at X.1hy.A00(:112)
02-26 10:22:11.263 27371 27493 W IgMetaConfig: 	at X.1hy.run(:0)
02-26 10:22:11.263 27371 27493 W IgMetaConfig: 	at java.util.concurrent.ThreadPoolExecutor.runWorker(ThreadPoolExecutor.java:1154)
02-26 10:22:11.263 27371 27493 W IgMetaConfig: 	at java.util.concurrent.ThreadPoolExecutor$Worker.run(ThreadPoolExecutor.java:652)
02-26 10:22:11.263 27371 27493 W IgMetaConfig: 	at X.1iA.run(:15)
02-26 10:22:11.263 27371 27493 W IgMetaConfig: 	at java.lang.Thread.run(Thread.java:1564)
02-26 10:22:11.264 27371 27493 W IgMetaConfig: Could not obtain MC: null_factory 
02-26 10:22:11.264 27371 27493 W IgMetaConfig: java.lang.RuntimeException: Could not obtain MC, call-site will receive default values
02-26 10:22:11.264 27371 27493 W IgMetaConfig: 	at X.2cA.A06(:4)
02-26 10:22:11.264 27371 27493 W IgMetaConfig: 	at X.2cA.A05(:8)
02-26 10:22:11.264 27371 27493 W IgMetaConfig: 	at X.2cA.A02(:2)
02-26 10:22:11.264 27371 27493 W IgMetaConfig: 	at X.9hp.invoke(Unknown Source:1333)
02-26 10:22:11.264 27371 27493 W IgMetaConfig: 	at X.1wl.invoke(:95)
02-26 10:22:11.264 27371 27493 W IgMetaConfig: 	at X.BSE.getValue(Unknown Source:25)
02-26 10:22:11.264 27371 27493 W IgMetaConfig: 	at X.21P.A0A(Unknown Source:8)
02-26 10:22:11.264 27371 27493 W IgMetaConfig: 	at X.2ch.A00(:10)
02-26 10:22:11.264 27371 27493 W IgMetaConfig: 	at X.2bx.invoke(:63)
02-26 10:22:11.264 27371 27493 W IgMetaConfig: 	at X.BSE.getValue(Unknown Source:25)
02-26 10:22:11.264 27371 27493 W IgMetaConfig: 	at X.2bm.A01(:2)
02-26 10:22:11.264 27371 27493 W IgMetaConfig: 	at X.9ik.invoke(Unknown Source:230)
02-26 10:22:11.264 27371 27493 W IgMetaConfig: 	at X.BSE.getValue(Unknown Source:25)
02-26 10:22:11.264 27371 27493 W IgMetaConfig: 	at X.2aC.A09(:30)
02-26 10:22:11.264 27371 27493 W IgMetaConfig: 	at X.2an.A01(:273)
02-26 10:22:11.264 27371 27493 W IgMetaConfig: 	at X.1we.<init>(:266)
02-26 10:22:11.264 27371 27493 W IgMetaConfig: 	at X.7n8.invoke(Unknown Source:1286)
02-26 10:22:11.264 27371 27493 W IgMetaConfig: 	at X.BSE.getValue(Unknown Source:25)
02-26 10:22:11.264 27371 27493 W IgMetaConfig: 	at X.1wg.A00(:4)
02-26 10:22:11.264 27371 27493 W IgMetaConfig: 	at X.1wg.A09(:4)
02-26 10:22:11.264 27371 27493 W IgMetaConfig: 	at X.1vx.A03(:80)
02-26 10:22:11.264 27371 27493 W IgMetaConfig: 	at X.1ur.DR5(:44)
02-26 10:22:11.264 27371 27493 W IgMetaConfig: 	at X.1hy.A00(:112)
02-26 10:22:11.264 27371 27493 W IgMetaConfig: 	at X.1hy.run(:0)
02-26 10:22:11.264 27371 27493 W IgMetaConfig: 	at java.util.concurrent.ThreadPoolExecutor.runWorker(ThreadPoolExecutor.java:1154)
02-26 10:22:11.264 27371 27493 W IgMetaConfig: 	at java.util.concurrent.ThreadPoolExecutor$Worker.run(ThreadPoolExecutor.java:652)
02-26 10:22:11.264 27371 27493 W IgMetaConfig: 	at X.1iA.run(:15)
02-26 10:22:11.264 27371 27493 W IgMetaConfig: 	at java.lang.Thread.run(Thread.java:1564)
02-26 10:22:11.265 27371 27493 W IgMetaConfig: Could not obtain MC: null_factory 
02-26 10:22:11.265 27371 27493 W IgMetaConfig: java.lang.RuntimeException: Could not obtain MC, call-site will receive default values
02-26 10:22:11.265 27371 27493 W IgMetaConfig: 	at X.2cA.A06(:4)
02-26 10:22:11.265 27371 27493 W IgMetaConfig: 	at X.2cA.A05(:8)
02-26 10:22:11.265 27371 27493 W IgMetaConfig: 	at X.2cA.A02(:2)
02-26 10:22:11.265 27371 27493 W IgMetaConfig: 	at X.9hp.invoke(Unknown Source:1348)
02-26 10:22:11.265 27371 27493 W IgMetaConfig: 	at X.1wl.invoke(:95)
02-26 10:22:11.265 27371 27493 W IgMetaConfig: 	at X.BSE.getValue(Unknown Source:25)
02-26 10:22:11.265 27371 27493 W IgMetaConfig: 	at X.21P.A0A(Unknown Source:8)
02-26 10:22:11.265 27371 27493 W IgMetaConfig: 	at X.2ch.A00(:10)
02-26 10:22:11.265 27371 27493 W IgMetaConfig: 	at X.2bx.invoke(:63)
02-26 10:22:11.265 27371 27493 W IgMetaConfig: 	at X.BSE.getValue(Unknown Source:25)
02-26 10:22:11.265 27371 27493 W IgMetaConfig: 	at X.2bm.A01(:2)
02-26 10:22:11.265 27371 27493 W IgMetaConfig: 	at X.9ik.invoke(Unknown Source:230)
02-26 10:22:11.265 27371 27493 W IgMetaConfig: 	at X.BSE.getValue(Unknown Source:25)
02-26 10:22:11.265 27371 27493 W IgMetaConfig: 	at X.2aC.A09(:30)
02-26 10:22:11.265 27371 27493 W IgMetaConfig: 	at X.2an.A01(:273)
02-26 10:22:11.265 27371 27493 W IgMetaConfig: 	at X.1we.<init>(:266)
02-26 10:22:11.265 27371 27493 W IgMetaConfig: 	at X.7n8.invoke(Unknown Source:1286)
02-26 10:22:11.265 27371 27493 W IgMetaConfig: 	at X.BSE.getValue(Unknown Source:25)
02-26 10:22:11.265 27371 27493 W IgMetaConfig: 	at X.1wg.A00(:4)
02-26 10:22:11.265 27371 27493 W IgMetaConfig: 	at X.1wg.A09(:4)
02-26 10:22:11.265 27371 27493 W IgMetaConfig: 	at X.1vx.A03(:80)
02-26 10:22:11.265 27371 27493 W IgMetaConfig: 	at X.1ur.DR5(:44)
02-26 10:22:11.265 27371 27493 W IgMetaConfig: 	at X.1hy.A00(:112)
02-26 10:22:11.265 27371 27493 W IgMetaConfig: 	at X.1hy.run(:0)
02-26 10:22:11.265 27371 27493 W IgMetaConfig: 	at java.util.concurrent.ThreadPoolExecutor.runWorker(ThreadPoolExecutor.java:1154)
02-26 10:22:11.265 27371 27493 W IgMetaConfig: 	at java.util.concurrent.ThreadPoolExecutor$Worker.run(ThreadPoolExecutor.java:652)
02-26 10:22:11.265 27371 27493 W IgMetaConfig: 	at X.1iA.run(:15)
02-26 10:22:11.265 27371 27493 W IgMetaConfig: 	at java.lang.Thread.run(Thread.java:1564)
02-26 10:22:11.266   525   525 I lowmemorykiller: Kill 'com.android.camera' (27388), uid 10142, oom_score_adj 905 to free 119884kB rss, 40444kB swap; reason: clwm
02-26 10:22:11.273 27371 27493 W AppInitScheduler|Run:   Finished SessionInitializer in 98ms
02-26 10:22:11.274 27371 27493 W AppInitScheduler|Schedule:   Executing 7:LiteProviderInitializer
02-26 10:22:11.274 27371 27493 W AppInitScheduler|Schedule:   Executing 150:CreationResourceCleanupInitializer
02-26 10:22:11.274  1679  1992 I libprocessgroup: Successfully killed process cgroup uid 10142 pid 27388 in 6ms
02-26 10:22:11.318   772   772 I Zygote  : Process 27388 exited due to signal 9 (Killed)
02-26 10:22:11.323 27371 27515 W AppInitScheduler|Run: Running LiteProviderInitializer, order=6, priorityHint=null 
02-26 10:22:11.323  1679  4445 I ActivityManager: Process com.android.camera (pid 27388) has died: cch+5 CEM 
02-26 10:22:11.323 27371 27515 W AppInitScheduler|Run:   Finished LiteProviderInitializer in 0ms
02-26 10:22:11.323 27371 27515 W AppInitScheduler|Schedule:   Executing 8:LightweightQPLInitializerImpl
02-26 10:22:11.323  1679  1992 I libprocessgroup: Successfully killed process cgroup uid 10142 pid 27388 in 0ms
02-26 10:22:11.324  1679  4445 D ProcessStarter: 4G Mem device restart com.android.camera as demanded!
02-26 10:22:11.324  1679  2596 E ProcessManager: error write exception log
02-26 10:22:11.325 27371 27516 W AppInitScheduler|Run: Running CreationResourceCleanupInitializer, order=95, priorityHint=null 
02-26 10:22:11.327  6202 12997 I com.xiaomi.xmsf: oneway function results for code 3 on binder at 0xb400006fafed3da0 will be dropped but finished with status UNKNOWN_TRANSACTION
02-26 10:22:11.328  1679  2432 I MiuiNetworkPolicy: removeUidState uid = 10142
02-26 10:22:11.328  7086  7102 D UidObserver: onUidGone entry uid = 10142
02-26 10:22:11.331 27371 27516 W IgMetaConfig: Could not obtain MC: null_factory 
02-26 10:22:11.331 27371 27516 W IgMetaConfig: java.lang.RuntimeException: Could not obtain MC, call-site will receive default values
02-26 10:22:11.331 27371 27516 W IgMetaConfig: 	at X.2cA.A06(:4)
02-26 10:22:11.331 27371 27516 W IgMetaConfig: 	at X.2cA.A05(:8)
02-26 10:22:11.331 27371 27516 W IgMetaConfig: 	at X.2cA.A02(:2)
02-26 10:22:11.331 27371 27516 W IgMetaConfig: 	at X.2dd.A03(:20)
02-26 10:22:11.331 27371 27516 W IgMetaConfig: 	at X.1ur.DR5(:44)
02-26 10:22:11.331 27371 27516 W IgMetaConfig: 	at X.1hy.A00(:112)
02-26 10:22:11.331 27371 27516 W IgMetaConfig: 	at X.1hy.run(:0)
02-26 10:22:11.331 27371 27516 W IgMetaConfig: 	at java.util.concurrent.ThreadPoolExecutor.runWorker(ThreadPoolExecutor.java:1154)
02-26 10:22:11.331 27371 27516 W IgMetaConfig: 	at java.util.concurrent.ThreadPoolExecutor$Worker.run(ThreadPoolExecutor.java:652)
02-26 10:22:11.331 27371 27516 W IgMetaConfig: 	at X.1iA.run(:15)
02-26 10:22:11.331 27371 27516 W IgMetaConfig: 	at java.lang.Thread.run(Thread.java:1564)
02-26 10:22:11.331 27371 27516 W AppInitScheduler|Run:   Finished CreationResourceCleanupInitializer in 6ms
02-26 10:22:11.332 27371 27517 W AppInitScheduler|Run: Running LightweightQPLInitializerImpl, order=7, priorityHint=null 
02-26 10:22:11.332 27371 27517 W AppInitScheduler|Run:   Finished LightweightQPLInitializerImpl in 0ms
02-26 10:22:11.332 27371 27517 W AppInitScheduler|Schedule:   Executing 9:LacrimaHealthInitializer
02-26 10:22:11.332 27371 27517 W AppInitScheduler|Run: Running LacrimaHealthInitializer, order=8, priorityHint=null 
02-26 10:22:11.332 27371 27517 W AppInitScheduler|Run:   Finished LacrimaHealthInitializer in 0ms
02-26 10:22:11.332 27371 27517 W AppInitScheduler|Schedule:   Executing 10:IgSharedPreferencesQPLInitializer
02-26 10:22:11.332 27371 27517 W AppInitScheduler|Run: Running IgSharedPreferencesQPLInitializer, order=9, priorityHint=null 
02-26 10:22:11.333 27371 27517 W AppInitScheduler|Run:   Finished IgSharedPreferencesQPLInitializer in 0ms
02-26 10:22:11.333 27371 27517 W AppInitScheduler|Schedule:   Executing 11:QEInitializer
02-26 10:22:11.333 27371 27491 W AppInitScheduler|Run: Running QEInitializer, order=10, priorityHint=null 
02-26 10:22:11.333 21172 21172 I AiAi    : onTrimMemory() with level 5
02-26 10:22:11.337  4176  4176 I AppBase : AppBase.onTrimMemory():287 onTrimMemory(): 5
02-26 10:22:11.340 27371 27457 D nativeloader: Load /data/app/~~bqtl3ordR_AiSJ3_PYh4pg==/com.instagram.android-EKbGGEUb6QwXCJFeYCbb3Q==/lib/arm64/libbreakpad_cpp_helper.so using class loader ns clns-5 (caller=/data/app/~~bqtl3ordR_AiSJ3_PYh4pg==/com.instagram.android-EKbGGEUb6QwXCJFeYCbb3Q==/base.apk!classes16.dex): ok
02-26 10:22:11.340  4176  4176 I KeyboardDefCache: MemoryFileCache$1.onTrimMemory():124 clearMemory() for trim memory: 5
02-26 10:22:11.340  4176  4176 I KeyboardDefCache: MemoryFileCache.clearMemory():408 evictAll()
02-26 10:22:11.340  4176  4176 I GoogleInputMethodService: GoogleInputMethodService.onTrimMemory():2852 onTrimMemory(): 5
02-26 10:22:11.344 27492 27492 D nativeloader: Configuring clns-4 for other apk /data/app/~~fnxMbvSiPjyTI8pKPd-RmQ==/com.facebook.system-h8KE1xfq0nfy5xKW7R7qYw==/base.apk. target_sdk_version=36, uses_libraries=, library_path=/data/app/~~fnxMbvSiPjyTI8pKPd-RmQ==/com.facebook.system-h8KE1xfq0nfy5xKW7R7qYw==/lib/arm64, permitted_path=/data:/mnt/expand:/data/user/0/com.facebook.system
02-26 10:22:11.358 27492 27492 D nativeloader: Load libframework-connectivity-jni.so using APEX ns com_android_tethering for caller /apex/com.android.tethering/javalib/framework-connectivity.jar: ok
02-26 10:22:11.360 27099 27167 I ForwardSyncCache: reclaimMemory: Clearing caches
02-26 10:22:11.361 27371 27491 W IgMetaConfig: Could not obtain MC: not_user_session session=X.21X@ff8707d
02-26 10:22:11.361 27371 27491 W IgMetaConfig: java.lang.RuntimeException: Could not obtain MC, call-site will receive default values
02-26 10:22:11.361 27371 27491 W IgMetaConfig: 	at X.2cA.A06(:4)
02-26 10:22:11.361 27371 27491 W IgMetaConfig: 	at X.2cA.A05(:8)
02-26 10:22:11.361 27371 27491 W IgMetaConfig: 	at X.2cA.A02(:2)
02-26 10:22:11.361 27371 27491 W IgMetaConfig: 	at X.2dy.A00(:8)
02-26 10:22:11.361 27371 27491 W IgMetaConfig: 	at X.2dy.A01(:2)
02-26 10:22:11.361 27371 27491 W IgMetaConfig: 	at X.2dw.A00(:8)
02-26 10:22:11.361 27371 27491 W IgMetaConfig: 	at X.2dv.<init>(:268435475)
02-26 10:22:11.361 27371 27491 W IgMetaConfig: 	at X.9ih.invoke(Unknown Source:1013)
02-26 10:22:11.361 27371 27491 W IgMetaConfig: 	at X.BSE.getValue(Unknown Source:25)
02-26 10:22:11.361 27371 27491 W IgMetaConfig: 	at X.9ih.invoke(Unknown Source:1027)
02-26 10:22:11.361 27371 27491 W IgMetaConfig: 	at X.2dn.A06(:32)
02-26 10:22:11.361 27371 27491 W IgMetaConfig: 	at X.2dj.A03(:168)
02-26 10:22:11.361 27371 27491 W IgMetaConfig: 	at X.1ur.DR5(:44)
02-26 10:22:11.361 27371 27491 W IgMetaConfig: 	at X.1hy.A00(:112)
02-26 10:22:11.361 27371 27491 W IgMetaConfig: 	at X.1hy.run(:0)
02-26 10:22:11.361 27371 27491 W IgMetaConfig: 	at java.util.concurrent.ThreadPoolExecutor.runWorker(ThreadPoolExecutor.java:1154)
02-26 10:22:11.361 27371 27491 W IgMetaConfig: 	at java.util.concurrent.ThreadPoolExecutor$Worker.run(ThreadPoolExecutor.java:652)
02-26 10:22:11.361 27371 27491 W IgMetaConfig: 	at X.1iA.run(:15)
02-26 10:22:11.361 27371 27491 W IgMetaConfig: 	at java.lang.Thread.run(Thread.java:1564)
02-26 10:22:11.364 27492 27492 I Perf    : Connecting to perf service.
02-26 10:22:11.369 27371 27451 W libc    : Access denied finding property "vendor.migl.debug"
02-26 10:22:11.371 27371 27451 E libEGL  : call to OpenGL ES API with no current context (logged once per thread)
02-26 10:22:11.382 27371 27457 W lacrima : Start AnrDetector... com.facebook.acra.anr.multisignal.MultiSignalANRDetector
02-26 10:22:11.382 27371 27457 W MultiSignalANRDetectorLacrima: Starting
02-26 10:22:11.382 27371 27457 W ProcessAnrErrorMonitor: startMonitoring with delay: 0
02-26 10:22:11.393 27492 27492 V GraphicsEnvironment: ANGLE Developer option for 'com.facebook.system' set to: 'default'
02-26 10:22:11.394 27492 27492 V GraphicsEnvironment: ANGLE GameManagerService for com.facebook.system: false
02-26 10:22:11.398 27371 27528 W SigquitDetectorLacrima: nativeInit
02-26 10:22:11.405 27371 27530 W ProcessAnrErrorMonitor: Starting process monitor checks for process 'com.instagram.android'
02-26 10:22:11.405 27371 27530 W MultiSignalANRDetectorLacrima: Started monitoring
02-26 10:22:11.415 27371 27491 W AppInitScheduler|Run:   Finished QEInitializer in 82ms
02-26 10:22:11.415 27371 27491 W AppInitScheduler|Schedule:   Executing 120:MainFeedRequestHeaderInitializer
02-26 10:22:11.415 27371 27491 W AppInitScheduler|Schedule:   Executing 146:CacheMetadataLookupInitializer
02-26 10:22:11.415 27371 27486 W AppInitScheduler|Run: Running MainFeedRequestHeaderInitializer, order=19, priorityHint=null 
02-26 10:22:11.416 27371 27486 W AppInitScheduler|Run:   Finished MainFeedRequestHeaderInitializer in 0ms
02-26 10:22:11.416 27371 27486 W AppInitScheduler|Schedule:   Executing 12:StorageInitializer
02-26 10:22:11.416 27371 27486 W AppInitScheduler|Run: Running StorageInitializer, order=11, priorityHint=null 
02-26 10:22:11.416 27371 27486 E QPLProvider: QuickPerformanceLogger instance wasn't installed in provider, returning noop. Please call QuickPerformanceLoggerProvider.setQuickPerformanceLogger() before getting the instance.
02-26 10:22:11.416 27371 27486 E QPLProvider: java.lang.IllegalStateException: No QPL instance provided
02-26 10:22:11.416 27371 27486 E QPLProvider: 	at com.facebook.quicklog.QuickPerformanceLoggerProvider.getQPLInstance(Unknown Source:8)
02-26 10:22:11.416 27371 27486 E QPLProvider: 	at X.D9G.A01(Unknown Source:12)
02-26 10:22:11.416 27371 27486 E QPLProvider: 	at X.D9G.AxI(Unknown Source:2)
02-26 10:22:11.416 27371 27486 E QPLProvider: 	at X.2jm.<init>(:7)
02-26 10:22:11.416 27371 27486 E QPLProvider: 	at X.2jn.A00(:18)
02-26 10:22:11.416 27371 27486 E QPLProvider: 	at X.2jj.<init>(:16)
02-26 10:22:11.416 27371 27486 E QPLProvider: 	at X.2ji.A03(:36)
02-26 10:22:11.416 27371 27486 E QPLProvider: 	at X.1ur.DR5(:44)
02-26 10:22:11.416 27371 27486 E QPLProvider: 	at X.1hy.A00(:112)
02-26 10:22:11.416 27371 27486 E QPLProvider: 	at X.1hy.run(:0)
02-26 10:22:11.416 27371 27486 E QPLProvider: 	at java.util.concurrent.ThreadPoolExecutor.runWorker(ThreadPoolExecutor.java:1154)
02-26 10:22:11.416 27371 27486 E QPLProvider: 	at java.util.concurrent.ThreadPoolExecutor$Worker.run(ThreadPoolExecutor.java:652)
02-26 10:22:11.416 27371 27486 E QPLProvider: 	at X.1iA.run(:15)
02-26 10:22:11.416 27371 27486 E QPLProvider: 	at java.lang.Thread.run(Thread.java:1564)
02-26 10:22:11.417 27371 27486 E QPLProvider: QuickPerformanceLogger instance wasn't installed in provider, returning noop. Please call QuickPerformanceLoggerProvider.setQuickPerformanceLogger() before getting the instance.
02-26 10:22:11.417 27371 27486 E QPLProvider: java.lang.IllegalStateException: No QPL instance provided
02-26 10:22:11.417 27371 27486 E QPLProvider: 	at com.facebook.quicklog.QuickPerformanceLoggerProvider.getQPLInstance(Unknown Source:8)
02-26 10:22:11.417 27371 27486 E QPLProvider: 	at X.D9G.A01(Unknown Source:24)
02-26 10:22:11.417 27371 27486 E QPLProvider: 	at X.D9G.AxI(Unknown Source:2)
02-26 10:22:11.417 27371 27486 E QPLProvider: 	at X.2jm.<init>(:7)
02-26 10:22:11.417 27371 27486 E QPLProvider: 	at X.2jn.A00(:18)
02-26 10:22:11.417 27371 27486 E QPLProvider: 	at X.2jj.<init>(:16)
02-26 10:22:11.417 27371 27486 E QPLProvider: 	at X.2ji.A03(:36)
02-26 10:22:11.417 27371 27486 E QPLProvider: 	at X.1ur.DR5(:44)
02-26 10:22:11.417 27371 27486 E QPLProvider: 	at X.1hy.A00(:112)
02-26 10:22:11.417 27371 27486 E QPLProvider: 	at X.1hy.run(:0)
02-26 10:22:11.417 27371 27486 E QPLProvider: 	at java.util.concurrent.ThreadPoolExecutor.runWorker(ThreadPoolExecutor.java:1154)
02-26 10:22:11.417 27371 27486 E QPLProvider: 	at java.util.concurrent.ThreadPoolExecutor$Worker.run(ThreadPoolExecutor.java:652)
02-26 10:22:11.417 27371 27486 E QPLProvider: 	at X.1iA.run(:15)
02-26 10:22:11.417 27371 27486 E QPLProvider: 	at java.lang.Thread.run(Thread.java:1564)
02-26 10:22:11.417 27371 27486 E QPLProvider: QuickPerformanceLogger instance wasn't installed in provider, returning noop. Please call QuickPerformanceLoggerProvider.setQuickPerformanceLogger() before getting the instance.
02-26 10:22:11.417 27371 27486 E QPLProvider: java.lang.IllegalStateException: No QPL instance provided
02-26 10:22:11.417 27371 27486 E QPLProvider: 	at com.facebook.quicklog.QuickPerformanceLoggerProvider.getQPLInstance(Unknown Source:8)
02-26 10:22:11.417 27371 27486 E QPLProvider: 	at X.D9G.A01(Unknown Source:40)
02-26 10:22:11.417 27371 27486 E QPLProvider: 	at X.D9G.AxI(Unknown Source:2)
02-26 10:22:11.417 27371 27486 E QPLProvider: 	at X.2jm.<init>(:7)
02-26 10:22:11.417 27371 27486 E QPLProvider: 	at X.2jn.A00(:18)
02-26 10:22:11.417 27371 27486 E QPLProvider: 	at X.2jj.<init>(:16)
02-26 10:22:11.417 27371 27486 E QPLProvider: 	at X.2ji.A03(:36)
02-26 10:22:11.417 27371 27486 E QPLProvider: 	at X.1ur.DR5(:44)
02-26 10:22:11.417 27371 27486 E QPLProvider: 	at X.1hy.A00(:112)
02-26 10:22:11.417 27371 27486 E QPLProvider: 	at X.1hy.run(:0)
02-26 10:22:11.417 27371 27486 E QPLProvider: 	at java.util.concurrent.ThreadPoolExecutor.runWorker(ThreadPoolExecutor.java:1154)
02-26 10:22:11.417 27371 27486 E QPLProvider: 	at java.util.concurrent.ThreadPoolExecutor$Worker.run(ThreadPoolExecutor.java:652)
02-26 10:22:11.417 27371 27486 E QPLProvider: 	at X.1iA.run(:15)
02-26 10:22:11.417 27371 27486 E QPLProvider: 	at java.lang.Thread.run(Thread.java:1564)
02-26 10:22:11.417 27371 27486 E QPLProvider: QuickPerformanceLogger instance wasn't installed in provider, returning noop. Please call QuickPerformanceLoggerProvider.setQuickPerformanceLogger() before getting the instance.
02-26 10:22:11.417 27371 27486 E QPLProvider: java.lang.IllegalStateException: No QPL instance provided
02-26 10:22:11.417 27371 27486 E QPLProvider: 	at com.facebook.quicklog.QuickPerformanceLoggerProvider.getQPLInstance(Unknown Source:8)
02-26 10:22:11.417 27371 27486 E QPLProvider: 	at X.D9G.A01(Unknown Source:55)
02-26 10:22:11.417 27371 27486 E QPLProvider: 	at X.D9G.AxI(Unknown Source:2)
02-26 10:22:11.417 27371 27486 E QPLProvider: 	at X.2jm.<init>(:7)
02-26 10:22:11.417 27371 27486 E QPLProvider: 	at X.2jn.A00(:18)
02-26 10:22:11.417 27371 27486 E QPLProvider: 	at X.2jj.<init>(:16)
02-26 10:22:11.417 27371 27486 E QPLProvider: 	at X.2ji.A03(:36)
02-26 10:22:11.417 27371 27486 E QPLProvider: 	at X.1ur.DR5(:44)
02-26 10:22:11.417 27371 27486 E QPLProvider: 	at X.1hy.A00(:112)
02-26 10:22:11.417 27371 27486 E QPLProvider: 	at X.1hy.run(:0)
02-26 10:22:11.417 27371 27486 E QPLProvider: 	at java.util.concurrent.ThreadPoolExecutor.runWorker(ThreadPoolExecutor.java:1154)
02-26 10:22:11.417 27371 27486 E QPLProvider: 	at java.util.concurrent.ThreadPoolExecutor$Worker.run(ThreadPoolExecutor.java:652)
02-26 10:22:11.417 27371 27486 E QPLProvider: 	at X.1iA.run(:15)
02-26 10:22:11.417 27371 27486 E QPLProvider: 	at java.lang.Thread.run(Thread.java:1564)
02-26 10:22:11.418 27371 27486 E QPLProvider: QuickPerformanceLogger instance wasn't installed in provider, returning noop. Please call QuickPerformanceLoggerProvider.setQuickPerformanceLogger() before getting the instance.
02-26 10:22:11.418 27371 27486 E QPLProvider: java.lang.IllegalStateException: No QPL instance provided
02-26 10:22:11.418 27371 27486 E QPLProvider: 	at com.facebook.quicklog.QuickPerformanceLoggerProvider.getQPLInstance(Unknown Source:8)
02-26 10:22:11.418 27371 27486 E QPLProvider: 	at X.D9G.A01(Unknown Source:66)
02-26 10:22:11.418 27371 27486 E QPLProvider: 	at X.D9G.AxI(Unknown Source:2)
02-26 10:22:11.418 27371 27486 E QPLProvider: 	at X.2jm.<init>(:7)
02-26 10:22:11.418 27371 27486 E QPLProvider: 	at X.2jn.A00(:18)
02-26 10:22:11.418 27371 27486 E QPLProvider: 	at X.2jj.<init>(:16)
02-26 10:22:11.418 27371 27486 E QPLProvider: 	at X.2ji.A03(:36)
02-26 10:22:11.418 27371 27486 E QPLProvider: 	at X.1ur.DR5(:44)
02-26 10:22:11.418 27371 27486 E QPLProvider: 	at X.1hy.A00(:112)
02-26 10:22:11.418 27371 27486 E QPLProvider: 	at X.1hy.run(:0)
02-26 10:22:11.418 27371 27486 E QPLProvider: 	at java.util.concurrent.ThreadPoolExecutor.runWorker(ThreadPoolExecutor.java:1154)
02-26 10:22:11.418 27371 27486 E QPLProvider: 	at java.util.concurrent.ThreadPoolExecutor$Worker.run(ThreadPoolExecutor.java:652)
02-26 10:22:11.418 27371 27486 E QPLProvider: 	at X.1iA.run(:15)
02-26 10:22:11.418 27371 27486 E QPLProvider: 	at java.lang.Thread.run(Thread.java:1564)
02-26 10:22:11.418 27371 27486 E QPLProvider: QuickPerformanceLogger instance wasn't installed in provider, returning noop. Please call QuickPerformanceLoggerProvider.setQuickPerformanceLogger() before getting the instance.
02-26 10:22:11.418 27371 27486 E QPLProvider: java.lang.IllegalStateException: No QPL instance provided
02-26 10:22:11.418 27371 27486 E QPLProvider: 	at com.facebook.quicklog.QuickPerformanceLoggerProvider.getQPLInstance(Unknown Source:8)
02-26 10:22:11.418 27371 27486 E QPLProvider: 	at X.D9G.A01(Unknown Source:119)
02-26 10:22:11.418 27371 27486 E QPLProvider: 	at X.D9G.AxI(Unknown Source:2)
02-26 10:22:11.418 27371 27486 E QPLProvider: 	at X.2jm.<init>(:7)
02-26 10:22:11.418 27371 27486 E QPLProvider: 	at X.2jn.A00(:18)
02-26 10:22:11.418 27371 27486 E QPLProvider: 	at X.2jj.<init>(:16)
02-26 10:22:11.418 27371 27486 E QPLProvider: 	at X.2ji.A03(:36)
02-26 10:22:11.418 27371 27486 E QPLProvider: 	at X.1ur.DR5(:44)
02-26 10:22:11.418 27371 27486 E QPLProvider: 	at X.1hy.A00(:112)
02-26 10:22:11.418 27371 27486 E QPLProvider: 	at X.1hy.run(:0)
02-26 10:22:11.418 27371 27486 E QPLProvider: 	at java.util.concurrent.ThreadPoolExecutor.runWorker(ThreadPoolExecutor.java:1154)
02-26 10:22:11.418 27371 27486 E QPLProvider: 	at java.util.concurrent.ThreadPoolExecutor$Worker.run(ThreadPoolExecutor.java:652)
02-26 10:22:11.418 27371 27486 E QPLProvider: 	at X.1iA.run(:15)
02-26 10:22:11.418 27371 27486 E QPLProvider: 	at java.lang.Thread.run(Thread.java:1564)
02-26 10:22:11.418 27371 27486 E QPLProvider: QuickPerformanceLogger instance wasn't installed in provider, returning noop. Please call QuickPerformanceLoggerProvider.setQuickPerformanceLogger() before getting the instance.
02-26 10:22:11.418 27371 27486 E QPLProvider: java.lang.IllegalStateException: No QPL instance provided
02-26 10:22:11.418 27371 27486 E QPLProvider: 	at com.facebook.quicklog.QuickPerformanceLoggerProvider.getQPLInstance(Unknown Source:8)
02-26 10:22:11.418 27371 27486 E QPLProvider: 	at X.D9G.A01(Unknown Source:130)
02-26 10:22:11.418 27371 27486 E QPLProvider: 	at X.D9G.AxI(Unknown Source:2)
02-26 10:22:11.418 27371 27486 E QPLProvider: 	at X.2jm.<init>(:7)
02-26 10:22:11.418 27371 27486 E QPLProvider: 	at X.2jn.A00(:18)
02-26 10:22:11.418 27371 27486 E QPLProvider: 	at X.2jj.<init>(:16)
02-26 10:22:11.418 27371 27486 E QPLProvider: 	at X.2ji.A03(:36)
02-26 10:22:11.418 27371 27486 E QPLProvider: 	at X.1ur.DR5(:44)
02-26 10:22:11.418 27371 27486 E QPLProvider: 	at X.1hy.A00(:112)
02-26 10:22:11.418 27371 27486 E QPLProvider: 	at X.1hy.run(:0)
02-26 10:22:11.418 27371 27486 E QPLProvider: 	at java.util.concurrent.ThreadPoolExecutor.runWorker(ThreadPoolExecutor.java:1154)
02-26 10:22:11.418 27371 27486 E QPLProvider: 	at java.util.concurrent.ThreadPoolExecutor$Worker.run(ThreadPoolExecutor.java:652)
02-26 10:22:11.418 27371 27486 E QPLProvider: 	at X.1iA.run(:15)
02-26 10:22:11.418 27371 27486 E QPLProvider: 	at java.lang.Thread.run(Thread.java:1564)
02-26 10:22:11.419 27371 27491 W AppInitScheduler|Run: Running CacheMetadataLookupInitializer, order=86, priorityHint=null 
02-26 10:22:11.419 27371 27486 E QPLProvider: QuickPerformanceLogger instance wasn't installed in provider, returning noop. Please call QuickPerformanceLoggerProvider.setQuickPerformanceLogger() before getting the instance.
02-26 10:22:11.419 27371 27486 E QPLProvider: java.lang.IllegalStateException: No QPL instance provided
02-26 10:22:11.419 27371 27486 E QPLProvider: 	at com.facebook.quicklog.QuickPerformanceLoggerProvider.getQPLInstance(Unknown Source:8)
02-26 10:22:11.419 27371 27486 E QPLProvider: 	at X.D9G.A01(Unknown Source:144)
02-26 10:22:11.419 27371 27486 E QPLProvider: 	at X.D9G.AxI(Unknown Source:2)
02-26 10:22:11.419 27371 27486 E QPLProvider: 	at X.2jm.<init>(:7)
02-26 10:22:11.419 27371 27486 E QPLProvider: 	at X.2jn.A00(:18)
02-26 10:22:11.419 27371 27486 E QPLProvider: 	at X.2jj.<init>(:16)
02-26 10:22:11.419 27371 27486 E QPLProvider: 	at X.2ji.A03(:36)
02-26 10:22:11.419 27371 27486 E QPLProvider: 	at X.1ur.DR5(:44)
02-26 10:22:11.419 27371 27486 E QPLProvider: 	at X.1hy.A00(:112)
02-26 10:22:11.419 27371 27486 E QPLProvider: 	at X.1hy.run(:0)
02-26 10:22:11.419 27371 27486 E QPLProvider: 	at java.util.concurrent.ThreadPoolExecutor.runWorker(ThreadPoolExecutor.java:1154)
02-26 10:22:11.419 27371 27486 E QPLProvider: 	at java.util.concurrent.ThreadPoolExecutor$Worker.run(ThreadPoolExecutor.java:652)
02-26 10:22:11.419 27371 27486 E QPLProvider: 	at X.1iA.run(:15)
02-26 10:22:11.419 27371 27486 E QPLProvider: 	at java.lang.Thread.run(Thread.java:1564)
02-26 10:22:11.420 27371 27486 E QPLProvider: QuickPerformanceLogger instance wasn't installed in provider, returning noop. Please call QuickPerformanceLoggerProvider.setQuickPerformanceLogger() before getting the instance.
02-26 10:22:11.420 27371 27486 E QPLProvider: java.lang.IllegalStateException: No QPL instance provided
02-26 10:22:11.420 27371 27486 E QPLProvider: 	at com.facebook.quicklog.QuickPerformanceLoggerProvider.getQPLInstance(Unknown Source:8)
02-26 10:22:11.420 27371 27486 E QPLProvider: 	at X.D9G.A01(Unknown Source:168)
02-26 10:22:11.420 27371 27486 E QPLProvider: 	at X.D9G.AxI(Unknown Source:2)
02-26 10:22:11.420 27371 27486 E QPLProvider: 	at X.2jm.<init>(:7)
02-26 10:22:11.420 27371 27486 E QPLProvider: 	at X.2jn.A00(:18)
02-26 10:22:11.420 27371 27486 E QPLProvider: 	at X.2jj.<init>(:16)
02-26 10:22:11.420 27371 27486 E QPLProvider: 	at X.2ji.A03(:36)
02-26 10:22:11.420 27371 27486 E QPLProvider: 	at X.1ur.DR5(:44)
02-26 10:22:11.420 27371 27486 E QPLProvider: 	at X.1hy.A00(:112)
02-26 10:22:11.420 27371 27486 E QPLProvider: 	at X.1hy.run(:0)
02-26 10:22:11.420 27371 27486 E QPLProvider: 	at java.util.concurrent.ThreadPoolExecutor.runWorker(ThreadPoolExecutor.java:1154)
02-26 10:22:11.420 27371 27486 E QPLProvider: 	at java.util.concurrent.ThreadPoolExecutor$Worker.run(ThreadPoolExecutor.java:652)
02-26 10:22:11.420 27371 27486 E QPLProvider: 	at X.1iA.run(:15)
02-26 10:22:11.420 27371 27486 E QPLProvider: 	at java.lang.Thread.run(Thread.java:1564)
02-26 10:22:11.421 27371 27486 W AppInitScheduler|Run:   Finished StorageInitializer in 5ms
02-26 10:22:11.421 27371 27486 W AppInitScheduler|Schedule:   Executing 44:DevToolInitializer
02-26 10:22:11.421 27371 27486 W AppInitScheduler|Run: Running DevToolInitializer, order=13, priorityHint=null 
02-26 10:22:11.421 27371 27486 W AppInitScheduler|Run:   Finished DevToolInitializer in 0ms
02-26 10:22:11.421 27371 27486 W AppInitScheduler|Schedule:   Executing 115:EagerReelRequestBuilder
02-26 10:22:11.421 27371 27486 W AppInitScheduler|Run: Running EagerReelRequestBuilder, order=96, priorityHint=null 
02-26 10:22:11.421 27371 27486 W AppInitScheduler|Run:   Finished EagerReelRequestBuilder in 0ms
02-26 10:22:11.421 27371 27486 W AppInitScheduler|Schedule:   Executing 15:TNTSInitializer
02-26 10:22:11.422 27371 27486 W AppInitScheduler|Run: Running TNTSInitializer, order=14, priorityHint=null 
02-26 10:22:11.422 27371 27486 W stagram.android: JNI RegisterNativeMethods: attempt to register 0 native methods for com.facebook.traffic.nts.providers.http.HttpProviderAppLayerUpcallsImpl
02-26 10:22:11.425 27099 27167 W Bugle   : TextClassifierLibManagerImpl: Reclaiming memory at level: 80
02-26 10:22:11.426 27371 27491 W AppInitScheduler|Run:   Finished CacheMetadataLookupInitializer in 4ms
02-26 10:22:11.430 27371 27486 W AppInitScheduler|Run:   Finished TNTSInitializer in 8ms
02-26 10:22:11.430 27371 27486 W AppInitScheduler|Schedule:   Executing 16:HttpServiceInitializer
02-26 10:22:11.430 27371 27486 W AppInitScheduler|Run: Running HttpServiceInitializer, order=15, priorityHint=null 
02-26 10:22:11.434 27492 27492 I ForceDarkHelperStubImpl: initialize for com.facebook.system , ForceDarkOrigin
02-26 10:22:11.436 27492 27492 D nativeloader: Load libforcedarkimpl.so using system ns (caller=/system_ext/framework/miui-framework.jar): ok
02-26 10:22:11.436 27492 27492 D facebook.system: JNI_OnLoad success
02-26 10:22:11.437 27492 27492 I MiuiForceDarkConfig: setConfig density:2.750000, mainRule:0, secondaryRule:0, tertiaryRule:0
02-26 10:22:11.443 27492 27492 D NetworkSecurityConfig: Using Network Security Config from resource fb_network_security_config debugBuild: false
02-26 10:22:11.445 27492 27492 D NetworkSecurityConfig: Using Network Security Config from resource fb_network_security_config debugBuild: false
02-26 10:22:11.468 27371 27457 W DexLibLoader: integrateWithLibSigChain: disable=false
02-26 10:22:11.469 27371 27457 W dalvik-internals: sigaction64 succeeded
02-26 10:22:11.470 27371 27457 D dalvik-internals: SuspendAndroid11: Found all symbols
02-26 10:22:11.470 27371 27457 D dalvik-internals: SuspendAndroid11: Suspending threads.
02-26 10:22:11.471 27371 27457 D dalvik-internals: SuspendAndroid11: Resuming threads.
02-26 10:22:11.472 27371 27457 V dalvik-internals: hooked signal using trap ()
02-26 10:22:11.474 27371 27486 W AppInitScheduler|Run:   Finished HttpServiceInitializer in 43ms
02-26 10:22:11.474 27371 27486 W AppInitScheduler|Schedule:   Executing 133:HttpStoresInitializer
02-26 10:22:11.474 27371 27486 W AppInitScheduler|Run: Running HttpStoresInitializer, order=16, priorityHint=null 
02-26 10:22:11.474 27371 27486 W AppInitScheduler|Run:   Finished HttpStoresInitializer in 0ms
02-26 10:22:11.474 27371 27486 W AppInitScheduler|Schedule:   Executing 17:FeedRequestInitializer
02-26 10:22:11.474 27371 27486 W AppInitScheduler|Run: Running FeedRequestInitializer, order=17, priorityHint=null 
02-26 10:22:11.499 27099 27115 V ClearcutMetricXmitter: Transmission is done.
02-26 10:22:11.514 27371 27457 V dalvik-internals: hooked sigaction using trap ()
02-26 10:22:11.514 27371 27457 I dalvik-internals: integrateWithCrashLog crashlog: /data/user/0/com.instagram.android/crash_log, insta_crashlog: /data/user/0/com.instagram.android/insta_crash_log
02-26 10:22:11.516 27371 27457 I dalvik-internals: installed sigmux crash handler for crash log
02-26 10:22:11.517 27371 27457 W lacrima : LacrimaInitializer.init
02-26 10:22:11.517 27371 27457 W lacrima : Cannot find registered detector
02-26 10:22:11.523 27371 27456 W lacrima : FixedLengthFiles.init() called twice.
02-26 10:22:11.523 27371 27456 W lacrima : FixedLengthFiles.init() called twice.
02-26 10:22:11.529  1679  4445 D ConnectivityService: requestNetwork for uid/pid:10299/27371 activeRequest: null callbackRequest: 3772 [NetworkRequest [ REQUEST id=3773, [ Capabilities: INTERNET&NOT_RESTRICTED&TRUSTED&NOT_VCN_MANAGED Uid: 10299 RequestorUid: 10299 RequestorPkg: com.instagram.android UnderlyingNetworks: Null] ]] callback flags: 0 order: 2147483647 isUidTracked: false declaredMethods: AVAIL|LOST|NC
02-26 10:22:11.533  1679  2433 D WifiNetworkFactory: got request NetworkRequest [ REQUEST id=3773, [ Capabilities: INTERNET&NOT_RESTRICTED&TRUSTED&NOT_VCN_MANAGED Uid: 10299 RequestorUid: 10299 RequestorPkg: com.instagram.android UnderlyingNetworks: Null] ]
02-26 10:22:11.534  1679  2433 D UntrustedWifiNetworkFactory: got request NetworkRequest [ REQUEST id=3773, [ Capabilities: INTERNET&NOT_RESTRICTED&TRUSTED&NOT_VCN_MANAGED Uid: 10299 RequestorUid: 10299 RequestorPkg: com.instagram.android UnderlyingNetworks: Null] ]
02-26 10:22:11.535  1679  2433 D OemPaidWifiNetworkFactory: got request NetworkRequest [ REQUEST id=3773, [ Capabilities: INTERNET&NOT_RESTRICTED&TRUSTED&NOT_VCN_MANAGED Uid: 10299 RequestorUid: 10299 RequestorPkg: com.instagram.android UnderlyingNetworks: Null] ]
02-26 10:22:11.536  1679  2433 D MultiInternetWifiNetworkFactory: got request NetworkRequest [ REQUEST id=3773, [ Capabilities: INTERNET&NOT_RESTRICTED&TRUSTED&NOT_VCN_MANAGED Uid: 10299 RequestorUid: 10299 RequestorPkg: com.instagram.android UnderlyingNetworks: Null] ]
02-26 10:22:11.536  1679  2446 D ConnectivityService: NetReassign [3773 : null â†’ 101] [c 0] [a 1] [i 5]
02-26 10:22:11.543  1679  4445 D CompatibilityChangeReporter: Compat change id reported: 183164979; UID 10299; state: ENABLED
02-26 10:22:11.551 27371 27508 D nativeloader: Load /data/app/~~bqtl3ordR_AiSJ3_PYh4pg==/com.instagram.android-EKbGGEUb6QwXCJFeYCbb3Q==/lib/arm64/libfbunwindstack.so using class loader ns clns-5 (caller=/data/app/~~bqtl3ordR_AiSJ3_PYh4pg==/com.instagram.android-EKbGGEUb6QwXCJFeYCbb3Q==/base.apk!classes16.dex): ok
02-26 10:22:11.550 27371 27371 W com.instagram.android: type=1400 audit(0.0:25408): avc: granted { execute } for comm=49674578656375746F725632202334 path="/data/data/com.instagram.android/lib-compressed/libmozjpegturbo.so" dev="dm-40" ino=1427203 scontext=u:r:untrusted_app:s0:c43,c257,c512,c768 tcontext=u:object_r:app_data_file:s0:c43,c257,c512,c768 tclass=file app=com.instagram.android
02-26 10:22:11.555 27371 27508 D nativeloader: Load /data/data/com.instagram.android/lib-compressed/libmozjpegturbo.so using class loader ns clns-5 (caller=/data/app/~~bqtl3ordR_AiSJ3_PYh4pg==/com.instagram.android-EKbGGEUb6QwXCJFeYCbb3Q==/base.apk!classes16.dex): ok
02-26 10:22:11.561 27371 27486 W AppInitScheduler|Run:   Finished FeedRequestInitializer in 87ms
02-26 10:22:11.561 27371 27486 W AppInitScheduler|Schedule:   Executing 114:EagerReelNetworkRequestInitializer
02-26 10:22:11.561 27371 27486 W AppInitScheduler|Run: Running EagerReelNetworkRequestInitializer, order=41, priorityHint=null 
02-26 10:22:11.561 27371 27486 W AppInitScheduler|Run:   Finished EagerReelNetworkRequestInitializer in 0ms
02-26 10:22:11.561 27371 27486 W AppInitScheduler|Schedule:   Executing 117:IgSharedPreferencesInitializer
02-26 10:22:11.561 27371 27486 W AppInitScheduler|Run: Running IgSharedPreferencesInitializer, order=26, priorityHint=null 
02-26 10:22:11.563 27371 27486 W AppInitScheduler|Run:   Finished IgSharedPreferencesInitializer in 2ms
02-26 10:22:11.563 27371 27486 W AppInitScheduler|Schedule:   Executing 122:IgDataStoreInitializer
02-26 10:22:11.563 27371 27486 W AppInitScheduler|Run: Running IgDataStoreInitializer, order=27, priorityHint=null 
02-26 10:22:11.564 27371 27486 W AppInitScheduler|Run:   Finished IgDataStoreInitializer in 1ms
02-26 10:22:11.564 27371 27486 W AppInitScheduler|Schedule:   Executing 18:QPLInitializer
02-26 10:22:11.564 27371 27487 W AppInitScheduler|Run: Running QPLInitializer, order=29, priorityHint=null 
02-26 10:22:11.576 27099 27110 W .apps.messaging: Suspending all threads took: 14.559ms
02-26 10:22:11.591 27371 27487 W AppInitScheduler|Run:   Finished QPLInitializer in 26ms
02-26 10:22:11.591 27371 27487 W AppInitScheduler|Schedule:   Executing 148:HomecomingClipsTabInitializer
02-26 10:22:11.591 27371 27487 W AppInitScheduler|Schedule:   Executing 129:LwQPLReplay
02-26 10:22:11.591 27371 27487 W AppInitScheduler|Run: Running HomecomingClipsTabInitializer, order=18, priorityHint=null 
02-26 10:22:11.591 27371 27487 W AppInitScheduler|Run:   Finished HomecomingClipsTabInitializer in 0ms
02-26 10:22:11.591 27371 27487 W AppInitScheduler|Run: Running LwQPLReplay, order=30, priorityHint=null 
02-26 10:22:11.593 27371 27487 W AppInitScheduler|Run:   Finished LwQPLReplay in 2ms
02-26 10:22:11.593 27371 27487 W AppInitScheduler|Schedule:   Executing 124:MessageQueueRedInitializer
02-26 10:22:11.594 27371 27487 W AppInitScheduler|Run: Running MessageQueueRedInitializer, order=31, priorityHint=null 
02-26 10:22:11.595 27371 27487 W AppInitScheduler|Run:   Finished MessageQueueRedInitializer in 1ms
02-26 10:22:11.595 27371 27487 W AppInitScheduler|Schedule:   Executing 103:UnexpectedEventReporterInitializer
02-26 10:22:11.595 27371 27487 W AppInitScheduler|Run: Running UnexpectedEventReporterInitializer, order=32, priorityHint=null 
02-26 10:22:11.595 27371 27487 W AppInitScheduler|Run:   Finished UnexpectedEventReporterInitializer in 0ms
02-26 10:22:11.595 27371 27487 W AppInitScheduler|Schedule:   Executing 74:MessageQueueTimelineInitializer
02-26 10:22:11.595 27371 27487 W AppInitScheduler|Run: Running MessageQueueTimelineInitializer, order=33, priorityHint=null 
02-26 10:22:11.596 27371 27487 W AppInitScheduler|Run:   Finished MessageQueueTimelineInitializer in 0ms
02-26 10:22:11.596 27371 27487 W AppInitScheduler|Schedule:   Executing 72:MemoryManagerInitializer
02-26 10:22:11.596 27371 27487 W AppInitScheduler|Run: Running MemoryManagerInitializer, order=51, priorityHint=null 
02-26 10:22:11.597 27371 27487 W AppInitScheduler|Run:   Finished MemoryManagerInitializer in 1ms
02-26 10:22:11.597 27371 27487 W AppInitScheduler|Schedule:   Executing 25:AppStartupTrackerInitializer
02-26 10:22:11.597 27371 27487 W AppInitScheduler|Run: Running AppStartupTrackerInitializer, order=21, priorityHint=null 
02-26 10:22:11.607  1679  4903 D PackageManager: set app component=ComponentInfo{com.facebook.appmanager/com.facebook.oxygen.appmanager.nekodirect.NekoDirectProvider} enabled state: 2 from null,uid=10120,pid=27347
02-26 10:22:11.610  1679  4903 W ContentProviderHelper: No provider info for content provider com.facebook.appmanager.nekodirect when providerRunning is false, caller is ProcessRecord{cc5c7c7 27347:com.facebook.appmanager/u0a120}
02-26 10:22:11.611 27347 27484 E ActivityThread: Failed to find provider info for com.facebook.appmanager.nekodirect
02-26 10:22:11.613  1679  4903 D PackageManager: set app component=ComponentInfo{com.facebook.appmanager/com.facebook.oxygen.appmanager.installapi.OxInstallApiProvider} enabled state: 1 from null,uid=10120,pid=27347
02-26 10:22:11.614  1679  4903 D PackageManager: set app component=ComponentInfo{com.facebook.appmanager/com.facebook.oxygen.appmanager.experimentation.AppManagerExperimentProvider} enabled state: 1 from null,uid=10120,pid=27347
02-26 10:22:11.618 27371 27508 D nativeloader: Load /data/data/com.instagram.android/lib-compressed/libscrollmerged.so using class loader ns clns-5 (caller=/data/app/~~bqtl3ordR_AiSJ3_PYh4pg==/com.instagram.android-EKbGGEUb6QwXCJFeYCbb3Q==/base.apk!classes16.dex): ok
02-26 10:22:11.638 27371 27487 W AppInitScheduler|Run:   Finished AppStartupTrackerInitializer in 41ms
02-26 10:22:11.638 27371 27487 W AppInitScheduler|Schedule:   Executing 47:FacebookAccountInitializer
02-26 10:22:11.638 27371 27487 W AppInitScheduler|Run: Running FacebookAccountInitializer, order=25, priorityHint=null 
02-26 10:22:11.639 27371 27487 W AppInitScheduler|Run:   Finished FacebookAccountInitializer in 1ms
02-26 10:22:11.639 27371 27487 W AppInitScheduler|Schedule:   Executing 38:CacheKeyGeneratorInitializer
02-26 10:22:11.639 27371 27491 W AppInitScheduler|Run: Running CacheKeyGeneratorInitializer, order=89, priorityHint=null 
02-26 10:22:11.639 27371 27491 W AppInitScheduler|Run:   Finished CacheKeyGeneratorInitializer in 0ms
02-26 10:22:11.639 27371 27491 W AppInitScheduler|Schedule:   Executing 20:IgFixieAppInitializer
02-26 10:22:11.640 27371 27487 W AppInitScheduler|Run: Running IgFixieAppInitializer, order=73, priorityHint=null 
02-26 10:22:11.640 27371 27487 W AppInitScheduler|Run:   Finished IgFixieAppInitializer in 1ms
02-26 10:22:11.640 27371 27487 W AppInitScheduler|Schedule:   Executing 100:ThemeInitializer
02-26 10:22:11.640 27371 27487 W AppInitScheduler|Run: Running ThemeInitializer, order=57, priorityHint=null 
02-26 10:22:11.698 27371 27487 W AppInitScheduler|Run:   Finished ThemeInitializer in 58ms
02-26 10:22:11.698 27371 27487 W AppInitScheduler|Schedule:   Executing 66:LanguageInitializer
02-26 10:22:11.699 27371 27487 W AppInitScheduler|Run: Running LanguageInitializer, order=24, priorityHint=null 
02-26 10:22:11.706 27371 27559 W QPLConfig: failed to load config
02-26 10:22:11.706 27371 27559 W QPLConfig: java.io.FileNotFoundException: /data/user/0/com.instagram.android/app_qpl/qpl_sampling_config_v2.null: open failed: ENOENT (No such file or directory)
02-26 10:22:11.706 27371 27559 W QPLConfig: 	at libcore.io.IoBridge.open(IoBridge.java:574)
02-26 10:22:11.706 27371 27559 W QPLConfig: 	at java.io.FileInputStream.<init>(FileInputStream.java:179)
02-26 10:22:11.706 27371 27559 W QPLConfig: 	at X.3AG.A00(:36)
02-26 10:22:11.706 27371 27559 W QPLConfig: 	at X.3aJ.A00(:4)
02-26 10:22:11.706 27371 27559 W QPLConfig: 	at X.2zr.run(:29)
02-26 10:22:11.706 27371 27559 W QPLConfig: 	at X.2da.run(:2)
02-26 10:22:11.706 27371 27559 W QPLConfig: 	at X.1ox.run(:25)
02-26 10:22:11.706 27371 27559 W QPLConfig: 	at X.2rm.run(:10)
02-26 10:22:11.706 27371 27559 W QPLConfig: 	at X.1ox.run(:25)
02-26 10:22:11.706 27371 27559 W QPLConfig: 	at java.util.concurrent.ThreadPoolExecutor.runWorker(ThreadPoolExecutor.java:1154)
02-26 10:22:11.706 27371 27559 W QPLConfig: 	at java.util.concurrent.ThreadPoolExecutor$Worker.run(ThreadPoolExecutor.java:652)
02-26 10:22:11.706 27371 27559 W QPLConfig: 	at X.1pb.run(:113)
02-26 10:22:11.706 27371 27559 W QPLConfig: 	at java.lang.Thread.run(Thread.java:1564)
02-26 10:22:11.706 27371 27559 W QPLConfig: 	at X.1pc.run(:8)
02-26 10:22:11.706 27371 27559 W QPLConfig: Caused by: android.system.ErrnoException: open failed: ENOENT (No such file or directory)
02-26 10:22:11.706 27371 27559 W QPLConfig: 	at libcore.io.Linux.open(Native Method)
02-26 10:22:11.706 27371 27559 W QPLConfig: 	at libcore.io.ForwardingOs.open(ForwardingOs.java:574)
02-26 10:22:11.706 27371 27559 W QPLConfig: 	at libcore.io.BlockGuardOs.open(BlockGuardOs.java:274)
02-26 10:22:11.706 27371 27559 W QPLConfig: 	at libcore.io.ForwardingOs.open(ForwardingOs.java:574)
02-26 10:22:11.706 27371 27559 W QPLConfig: 	at android.app.ActivityThread$AndroidOs.open(ActivityThread.java:8381)
02-26 10:22:11.706 27371 27559 W QPLConfig: 	at libcore.io.IoBridge.open(IoBridge.java:560)
02-26 10:22:11.706 27371 27559 W QPLConfig: 	... 13 more
02-26 10:22:11.727 27371 27487 W FrscLanguagePackLoader: Loading FRSC strings for locale (pt)
02-26 10:22:11.733 27371 27487 D CACHE_HINTS: Entering madvise file
02-26 10:22:11.734 27371 27487 D CACHE_HINTS: MADVISE_RAND file 0x6f53352000 10235903 /data/data/com.instagram.android/app_restricks/layouts.bin
02-26 10:22:11.776 27371 27487 W AppInitScheduler|Run:   Finished LanguageInitializer in 78ms
02-26 10:22:11.776 27371 27487 W AppInitScheduler|Schedule:   Executing 91:ReelRequestInitializer
02-26 10:22:11.776 27371 27487 W AppInitScheduler|Run: Running ReelRequestInitializer, order=42, priorityHint=null 
02-26 10:22:11.777 27371 27487 W AppInitScheduler|Run:   Finished ReelRequestInitializer in 0ms
02-26 10:22:11.777 27371 27487 W AppInitScheduler|Schedule:   Executing 136:TNTSPostInitializer
02-26 10:22:11.777 27371 27487 W AppInitScheduler|Schedule:   Executing 64:JestE2EInitializer
02-26 10:22:11.777 27371 27487 W AppInitScheduler|Run: Running TNTSPostInitializer, order=43, priorityHint=null 
02-26 10:22:11.777 27371 27515 W AppInitScheduler|Run: Running JestE2EInitializer, order=44, priorityHint=null 
02-26 10:22:11.777 27371 27515 W AppInitScheduler|Run:   Finished JestE2EInitializer in 0ms
02-26 10:22:11.777 27371 27515 W AppInitScheduler|Schedule:   Executing 37:BloksInitializer
02-26 10:22:11.777 27371 27515 W AppInitScheduler|Run: Running BloksInitializer, order=66, priorityHint=null 
02-26 10:22:11.777 27371 27515 W AppInitScheduler|Run:   Finished BloksInitializer in 0ms
02-26 10:22:11.777 27371 27515 W AppInitScheduler|Schedule:   Executing 104:YogaInitializer
