02-26 10:22:12.524 27371 27553 W SessionScopedProviderInitializer: Initialize com.instagram.common.resources.qce.init.QuickContentExperimentStringResourcesInitializer start
02-26 10:22:12.524 27371 27553 W SessionScopedProviderInitializer: Initialize com.instagram.common.resources.qce.init.QuickContentExperimentStringResourcesInitializer end
02-26 10:22:12.524 27371 27553 W SessionScopedProviderInitializer: Initialize com.instagram.common.storage.cask.experimentation.StorageExperimentInitializer start
02-26 10:22:12.524 27371 27553 W SessionScopedProviderInitializer: Initialize com.instagram.common.storage.cask.experimentation.StorageExperimentInitializer end
02-26 10:22:12.524 27371 27553 W SessionScopedProviderInitializer: Initialize com.instagram.crossposting.noticestate.manager.UserSessionStart start
02-26 10:22:12.526 27371 27552 W SessionScopedProviderInitializer: Initialize com.instagram.common.memory.memoryredlogger.MemoryRedLogger.MemoryRedLoggerInitializer start
02-26 10:22:12.527 27371 27552 W SessionScopedProviderInitializer: Initialize com.instagram.common.memory.memoryredlogger.MemoryRedLogger.MemoryRedLoggerInitializer end
02-26 10:22:12.527 27371 27552 W SessionScopedProviderInitializer: Initialize com.instagram.deadcodedetection.IgDeadCodeDetectionManager start
02-26 10:22:12.527 27371 27552 W SessionScopedProviderInitializer: Initialize com.instagram.deadcodedetection.IgDeadCodeDetectionManager end
02-26 10:22:12.528 27371 27552 W SessionScopedProviderInitializer: Initialize com.instagram.fbpay.executor.UserSessionStart start
02-26 10:22:12.528 27371 27552 W SessionScopedProviderInitializer: Initialize com.instagram.fbpay.executor.UserSessionStart end
02-26 10:22:12.528 27371 27552 W SessionScopedProviderInitializer: Initialize com.instagram.screentime.IgScreenTimeSyncListenerStart start
02-26 10:22:12.528 27371 27552 W SessionScopedProviderInitializer: Initialize com.instagram.screentime.IgScreenTimeSyncListenerStart end
02-26 10:22:12.528 27371 27552 W SessionScopedProviderInitializer: Initialize com.instagram.debug.image.sessionhelper.UserSessionStart start
02-26 10:22:12.528 27371 27552 W SessionScopedProviderInitializer: Initialize com.instagram.debug.image.sessionhelper.UserSessionStart end
02-26 10:22:12.529 27371 27552 W SessionScopedProviderInitializer: Initialize com.instagram.debug.quickexperiment.dumper.QuickExperimentDumperPluginUserSessionListenerStatic start
02-26 10:22:12.529 27371 27552 W SessionScopedProviderInitializer: Initialize com.instagram.debug.quickexperiment.dumper.QuickExperimentDumperPluginUserSessionListenerStatic end
02-26 10:22:12.529 27371 27552 W SessionScopedProviderInitializer: Initialize com.instagram.direct.msys.bugreporter.UserSessionStart start
02-26 10:22:12.529 27371 27552 W SessionScopedProviderInitializer: Initialize com.instagram.direct.msys.bugreporter.UserSessionStart end
02-26 10:22:12.529 27371 27552 W SessionScopedProviderInitializer: Initialize com.instagram.direct.mutation.util.DirectMutationUserSessionStartListener start
02-26 10:22:12.529 27371 27552 W SessionScopedProviderInitializer: Initialize com.instagram.direct.mutation.util.DirectMutationUserSessionStartListener end
02-26 10:22:12.529 27371 27552 W SessionScopedProviderInitializer: Initialize com.instagram.emergencypush.EmergencyPushPeriodicFetchWorkerInitializer start
02-26 10:22:12.542 27371 27477 W SessionScopedProviderInitializer: Initialize com.instagram.bugreporter.store.initializer.PendingBugReportInitializer end
02-26 10:22:12.543 27371 27477 W SessionScopedProviderInitializer: Initialize com.instagram.fbpay.config.UserSessionStart start
02-26 10:22:12.543 27371 27477 W SessionScopedProviderInitializer: Initialize com.instagram.fbpay.config.UserSessionStart end
02-26 10:22:12.544 27371 27477 W SessionScopedProviderInitializer: Initialize com.instagram.fbpay.ptt.pttmanagerprovider.UserSessionStart start
02-26 10:22:12.544 27371 27477 W SessionScopedProviderInitializer: Initialize com.instagram.fbpay.ptt.pttmanagerprovider.UserSessionStart end
02-26 10:22:12.544 27371 27477 W SessionScopedProviderInitializer: Initialize com.instagram.fbpay.w3c.jobs.StartKeyMigrationJob start
02-26 10:22:12.544 27371 27508 W SessionScopedProviderInitializer: Initialize com.instagram.bugreporter.rageshake.UserSessionStart end
02-26 10:22:12.544 27371 27508 W SessionScopedProviderInitializer: Initialize com.instagram.fbpay.w3c.jobs.UserSessionStart start
02-26 10:22:12.545 27371 27508 W SessionScopedProviderInitializer: Initialize com.instagram.fbpay.w3c.jobs.UserSessionStart end
02-26 10:22:12.545 27371 27508 W SessionScopedProviderInitializer: Initialize com.instagram.fileregistry.impl.UserSessionStart start
02-26 10:22:12.546 27371 27508 W SessionScopedProviderInitializer: Initialize com.instagram.fileregistry.impl.UserSessionStart end
02-26 10:22:12.546 27371 27508 W SessionScopedProviderInitializer: Initialize com.instagram.firstpartyinstalltracker.UserSessionStart start
02-26 10:22:12.548 27371 27494 W AppInitScheduler|Run:   Finished SessionScopedProviderInitializer in 105ms
02-26 10:22:12.548 27371 27494 W AppInitScheduler|Schedule:   Executing 60:IndependentSingletonInitializer
02-26 10:22:12.549 27371 27494 W AppInitScheduler|Schedule:   Executing 89:PushNotificationInitializerForInstagram
02-26 10:22:12.549 27371 27494 W AppInitScheduler|Schedule:   Executing 41:ConfigFromQEInitializer
02-26 10:22:12.549 27371 27494 W AppInitScheduler|Schedule:   Executing 71:MemoryDumperInitializer
02-26 10:22:12.549 27371 27494 W AppInitScheduler|Schedule:   Executing 56:IgMemoryTimelineInitializer
02-26 10:22:12.549 27371 27494 W AppInitScheduler|Schedule:   Executing 55:IgMemoryProgramQplInitializer
02-26 10:22:12.549 27371 27494 W AppInitScheduler|Schedule:   Executing 99:SystemMessageInitializer
02-26 10:22:12.549 27371 27494 W AppInitScheduler|Schedule:   Executing 69:MapConfigInitializer
02-26 10:22:12.549 27371 27494 W AppInitScheduler|Schedule:   Executing 59:IndependentColdStartJobs
02-26 10:22:12.549 27371 27494 W AppInitScheduler|Schedule:   Executing 43:DebugHeadInitializer
02-26 10:22:12.549 27371 27494 W AppInitScheduler|Schedule:   Executing 126:SessionScopedProviderInitializerCompletion
02-26 10:22:12.549 27371 27494 W AppInitScheduler|Schedule:   Executing 81:PeriodicThreadBoostInitializer
02-26 10:22:12.549 27371 27494 W AppInitScheduler|Schedule:   Executing 76:MultiProcessTrackerInitializer
02-26 10:22:12.549 27371 27494 W AppInitScheduler|Schedule:   Executing 106:IgMmapBufferProcessJob
02-26 10:22:12.549 27371 27494 W AppInitScheduler|Schedule:   Executing 83:PrivacyFlowInitializer
02-26 10:22:12.549 27371 27494 W AppInitScheduler|Schedule:   Executing 121:QpLoginInterstitialNeedInitInitializer
02-26 10:22:12.549 27371 27494 W AppInitScheduler|Schedule:   Executing 92:ScreenTimeInitializer
02-26 10:22:12.549 27371 27494 W AppInitScheduler|Schedule:   Executing 90:QuietModeInitializer
02-26 10:22:12.549 27371 27494 W AppInitScheduler|Schedule:   Executing 86:PushBlockingTestExecutor
02-26 10:22:12.549 27371 27494 W AppInitScheduler|Schedule:   Executing 123:ComposeInitializer
02-26 10:22:12.550 27371 27494 W AppInitScheduler|Schedule:   Executing 67:LithoInitializer
02-26 10:22:12.550 27371 27494 W AppInitScheduler|Schedule:   Executing 73:MessageQueueInterceptorInitializer
02-26 10:22:12.550 27371 27494 W AppInitScheduler|Schedule:   Executing 84:ProxyServiceInitializer
02-26 10:22:12.550 27371 27494 W AppInitScheduler|Schedule:   Executing 54:IgMemoryLoggingManagerInitializer
02-26 10:22:12.550 27371 27494 W AppInitScheduler|Schedule:   Executing 85:PulsarSchedulerInitializer
02-26 10:22:12.550 27371 27494 W AppInitScheduler|Schedule:   Executing 102:UXLoggingInitializer
02-26 10:22:12.550 27371 27494 W AppInitScheduler|Schedule:   Executing 58:ImageUltraHdrModeInitializer
02-26 10:22:12.550 27371 27494 W AppInitScheduler|Schedule:   Executing 52:HeroServiceControllerInitializer
02-26 10:22:12.550 27371 27494 W AppInitScheduler|Schedule:   Executing 70:MediaCodecTrackingInitializer
02-26 10:22:12.550 27371 27494 W AppInitScheduler|Schedule:   Executing 82:PreinflateInitializer
02-26 10:22:12.550 27371 27494 W AppInitScheduler|Schedule:   Executing 53:IgLinkifyInitializer
02-26 10:22:12.550 27371 27494 W AppInitScheduler|Schedule:   Executing 36:BitmapDebugInitializer
02-26 10:22:12.550 27371 27494 W AppInitScheduler|Schedule:   Executing 118:ActivityBackstackManagerInitializer
02-26 10:22:12.550 27371 27494 W AppInitScheduler|Schedule:   Executing 131:CobraInitializer
02-26 10:22:12.550 27371 27494 W AppInitScheduler|Schedule:   Executing 137:LruCacheTrackerInitializer
02-26 10:22:12.551 27371 27487 W AppInitScheduler|Run: Running IndependentSingletonInitializer, order=20, priorityHint=null 
02-26 10:22:12.552 27371 27493 W AppInitScheduler|Run: Running PushNotificationInitializerForInstagram, order=22, priorityHint=null 
02-26 10:22:12.553 27371 27507 W SessionScopedProviderInitializer: Initialize com.instagram.video.player.hero.IgHeroServiceController.IgHeroServiceControllerInitializerProvider end
02-26 10:22:12.554 27371 27507 W SessionScopedProviderInitializer: Initialize com.instagram.settings2.core.services.Settings2ServiceInitializer start
02-26 10:22:12.556 27371 27494 W AppInitScheduler|Run: Running ConfigFromQEInitializer, order=23, priorityHint=null 
02-26 10:22:12.562 27371 27509 W SessionScopedProviderInitializer: Initialize com.instagram.zero.experiments.ZeroEarlyExperimentsUserSessionStart end
02-26 10:22:12.563 27371 27507 W SessionScopedProviderInitializer: Initialize com.instagram.settings2.core.services.Settings2ServiceInitializer end
02-26 10:22:12.567  1679  4903 D CompatibilityInfo: mCompatibilityFlags - 0
02-26 10:22:12.568  1679  4903 D CompatibilityInfo: applicationDensity - 440
02-26 10:22:12.568  1679  4903 D CompatibilityInfo: applicationScale - 1.0
02-26 10:22:12.569 27371 27486 W AppInitScheduler|Run: Running MemoryDumperInitializer, order=48, priorityHint=null 
02-26 10:22:12.570 27371 27486 W AppInitScheduler|Run:   Finished MemoryDumperInitializer in 0ms
02-26 10:22:12.570 27371 27486 W AppInitScheduler|Run: Running IgMemoryTimelineInitializer, order=49, priorityHint=null 
02-26 10:22:12.571 27371 27516 W AppInitScheduler|Run: Running IgMemoryProgramQplInitializer, order=50, priorityHint=null 
02-26 10:22:12.571 27371 27488 W AppInitScheduler|Run: Running SystemMessageInitializer, order=54, priorityHint=null 
02-26 10:22:12.571 27371 27491 W AppInitScheduler|Run: Running MapConfigInitializer, order=55, priorityHint=null 
02-26 10:22:12.571 27371 27516 W AppInitScheduler|Run:   Finished IgMemoryProgramQplInitializer in 0ms
02-26 10:22:12.571 27371 27516 W AppInitScheduler|Run: Running IndependentColdStartJobs, order=56, priorityHint=null 
02-26 10:22:12.573 27371 27515 W AppInitScheduler|Run: Running DebugHeadInitializer, order=60, priorityHint=null 
02-26 10:22:12.573 27371 27515 W AppInitScheduler|Run:   Finished DebugHeadInitializer in 1ms
02-26 10:22:12.573 27371 27515 W AppInitScheduler|Run: Running SessionScopedProviderInitializerCompletion, order=64, priorityHint=null 
02-26 10:22:12.574 27371 27517 W AppInitScheduler|Run: Running PeriodicThreadBoostInitializer, order=65, priorityHint=null 
02-26 10:22:12.574 27371 27517 W AppInitScheduler|Run:   Finished PeriodicThreadBoostInitializer in 1ms
02-26 10:22:12.574 27371 27517 W AppInitScheduler|Run: Running MultiProcessTrackerInitializer, order=67, priorityHint=null 
02-26 10:22:12.574 27371 27517 W AppInitScheduler|Run:   Finished MultiProcessTrackerInitializer in 0ms
02-26 10:22:12.575 27371 27517 W AppInitScheduler|Run: Running IgMmapBufferProcessJob, order=68, priorityHint=null 
02-26 10:22:12.575 27371 27517 W AppInitScheduler|Run:   Finished IgMmapBufferProcessJob in 1ms
02-26 10:22:12.575 27371 27517 W AppInitScheduler|Run: Running PrivacyFlowInitializer, order=69, priorityHint=null 
02-26 10:22:12.593 27371 27487 W AppInitScheduler|Run:   Finished IndependentSingletonInitializer in 43ms
02-26 10:22:12.594 27371 27487 W AppInitScheduler|Run: Running QpLoginInterstitialNeedInitInitializer, order=70, priorityHint=null 
02-26 10:22:12.594 27371 27487 W AppInitScheduler|Run:   Finished QpLoginInterstitialNeedInitInitializer in 1ms
02-26 10:22:12.594 27371 27487 W AppInitScheduler|Run: Running ScreenTimeInitializer, order=71, priorityHint=null 
02-26 10:22:12.595 27371 27487 W AppInitScheduler|Run:   Finished ScreenTimeInitializer in 0ms
02-26 10:22:12.595 27371 27487 W AppInitScheduler|Run: Running QuietModeInitializer, order=72, priorityHint=null 
02-26 10:22:12.595 27371 27487 W AppInitScheduler|Run:   Finished QuietModeInitializer in 1ms
02-26 10:22:12.595 27371 27487 W AppInitScheduler|Run: Running PushBlockingTestExecutor, order=74, priorityHint=null 
02-26 10:22:12.596 27371 27487 W AppInitScheduler|Run:   Finished PushBlockingTestExecutor in 1ms
02-26 10:22:12.596 27371 27487 W AppInitScheduler|Run: Running ComposeInitializer, order=75, priorityHint=null 
02-26 10:22:12.598  1679  4392 D PackageManager: set app component=ComponentInfo{com.instagram.android/com.instagram.fbpay.w3c.ipc.IsReadyToPayServiceImpl} enabled state: 1 from null,uid=10299,pid=27371
02-26 10:22:12.600  1679  4392 D PackageManager: set app component=ComponentInfo{com.instagram.android/com.instagram.fbpay.w3c.ipc.FBPaymentServiceImpl} enabled state: 1 from null,uid=10299,pid=27371
02-26 10:22:12.601  1679  4392 D PackageManager: set app component=ComponentInfo{com.instagram.android/com.instagram.fbpay.w3c.views.PaymentActivity} enabled state: 1 from null,uid=10299,pid=27371
02-26 10:22:12.615 27371 27509 W SessionScopedProviderInitializer: Initialize com.instagram.fx.helper.companyidentityswitcher.prefetch.SwitcherFetchFBNTAEligibilitySessionStartUtil start
02-26 10:22:12.615 27371 27509 W SessionScopedProviderInitializer: Initialize com.instagram.fx.helper.companyidentityswitcher.prefetch.SwitcherFetchFBNTAEligibilitySessionStartUtil end
02-26 10:22:12.616 27371 27509 W SessionScopedProviderInitializer: Initialize com.instagram.fxcache.cache.onsessionstart.FxIgOnSessionStartUtil start
02-26 10:22:12.616 27371 27509 W SessionScopedProviderInitializer: Initialize com.instagram.fxcache.cache.onsessionstart.FxIgOnSessionStartUtil end
02-26 10:22:12.616 27371 27509 W SessionScopedProviderInitializer: Initialize com.instagram.inappbrowser.launcher.clickidhelper.UserSessionStart start
02-26 10:22:12.616 27371 27493 W AppInitScheduler|Run:   Finished PushNotificationInitializerForInstagram in 64ms
02-26 10:22:12.616 27371 27493 W AppInitScheduler|Run: Running LithoInitializer, order=76, priorityHint=null 
02-26 10:22:12.616 27371 27507 W SessionScopedProviderInitializer: Initialize com.instagram.fx.helper.companyidentityswitcher.prefetch.SwitcherFetchImpressionCapListSessionStartUtil start
02-26 10:22:12.617 27371 27517 W AppInitScheduler|Run:   Finished PrivacyFlowInitializer in 42ms
02-26 10:22:12.618 27371 27517 W AppInitScheduler|Run: Running MessageQueueInterceptorInitializer, order=78, priorityHint=null 
02-26 10:22:12.618 27371 27517 W AppInitScheduler|Run:   Finished MessageQueueInterceptorInitializer in 1ms
02-26 10:22:12.618 27371 27517 W AppInitScheduler|Run: Running ProxyServiceInitializer, order=80, priorityHint=null 
02-26 10:22:12.618 27371 27517 W proxy_service: Initialize proxy service.
02-26 10:22:12.620 27371 27562 W MainThreadWatchdog: Main thread is in RED state - latency=1018ms
02-26 10:22:12.624 27371 27559 W SessionScopedProviderInitializer: Initialize com.instagram.lazyload.downloadablemodules.impl.IgFallbackPrefetcherImpl end
02-26 10:22:12.625 27371 27559 W SessionScopedProviderInitializer: Initialize com.instagram.jobscheduler.bgfetch.scheduler.IgBgFetchConfigOnUserSessionStart start
02-26 10:22:12.625 27371 27559 W SessionScopedProviderInitializer: Initialize com.instagram.jobscheduler.bgfetch.scheduler.IgBgFetchConfigOnUserSessionStart end
02-26 10:22:12.625 27371 27559 W SessionScopedProviderInitializer: Initialize com.instagram.jobscheduler.bgfetch.scheduler.UserSessionStart start
02-26 10:22:12.645 27371 27494 W IgZoneModule: IG Policy Zone is disabled. No-op Zone is setup
02-26 10:22:12.646 27371 27494 W AppInitScheduler|Run:   Finished ConfigFromQEInitializer in 90ms
02-26 10:22:12.646 27371 27494 W AppInitScheduler|Run: Running IgMemoryLoggingManagerInitializer, order=82, priorityHint=null 
02-26 10:22:12.646 27371 27494 W AppInitScheduler|Run:   Finished IgMemoryLoggingManagerInitializer in 0ms
02-26 10:22:12.647 27371 27494 W AppInitScheduler|Run: Running PulsarSchedulerInitializer, order=83, priorityHint=null 
02-26 10:22:12.647 27371 27494 W AppInitScheduler|Run:   Finished PulsarSchedulerInitializer in 1ms
02-26 10:22:12.647 27371 27494 W AppInitScheduler|Run: Running UXLoggingInitializer, order=84, priorityHint=null 
02-26 10:22:12.651 27371 27509 W SessionScopedProviderInitializer: Initialize com.instagram.inappbrowser.launcher.clickidhelper.UserSessionStart end
02-26 10:22:12.651 27371 27509 W SessionScopedProviderInitializer: Initialize com.instagram.launcherbadges.UserSessionStart start
02-26 10:22:12.653 27371 27509 W SessionScopedProviderInitializer: Initialize com.instagram.launcherbadges.UserSessionStart end
02-26 10:22:12.653 27371 27509 W SessionScopedProviderInitializer: Initialize com.instagram.mainfeed.delivery.privacy.background.PrivacyValidationWorkSchedulerInitializer start
02-26 10:22:12.654  1679  4392 D CompatibilityChangeReporter: Compat change id reported: 319212206; UID 10299; state: ENABLED
02-26 10:22:12.659  1679  2446 D ConnectivityService: NetReassign [no changes] [c 0] [a 1] [i 3]
02-26 10:22:12.664 27371 27493 W AppInitScheduler|Run:   Finished LithoInitializer in 47ms
02-26 10:22:12.664 27371 27493 W AppInitScheduler|Run: Running ImageUltraHdrModeInitializer, order=85, priorityHint=null 
02-26 10:22:12.664 27371 27494 W AppInitScheduler|Run:   Finished UXLoggingInitializer in 17ms
02-26 10:22:12.664 27371 27493 W AppInitScheduler|Run:   Finished ImageUltraHdrModeInitializer in 0ms
02-26 10:22:12.664 27371 27494 W AppInitScheduler|Run: Running HeroServiceControllerInitializer, order=87, priorityHint=null 
02-26 10:22:12.664 27371 27493 W AppInitScheduler|Run: Running MediaCodecTrackingInitializer, order=90, priorityHint=null 
02-26 10:22:12.664 27371 27493 W AppInitScheduler|Run:   Finished MediaCodecTrackingInitializer in 0ms
02-26 10:22:12.664 27371 27493 W AppInitScheduler|Run: Running PreinflateInitializer, order=91, priorityHint=null 
02-26 10:22:12.665 27371 27493 W AppInitScheduler|Run:   Finished PreinflateInitializer in 1ms
02-26 10:22:12.665 27371 27493 W AppInitScheduler|Run: Running IgLinkifyInitializer, order=93, priorityHint=null 
02-26 10:22:12.665 27371 27493 W AppInitScheduler|Run:   Finished IgLinkifyInitializer in 0ms
02-26 10:22:12.665 27371 27493 W AppInitScheduler|Run: Running BitmapDebugInitializer, order=94, priorityHint=null 
02-26 10:22:12.666 27371 27493 W AppInitScheduler|Run:   Finished BitmapDebugInitializer in 0ms
02-26 10:22:12.666 27371 27494 W AppInitScheduler|Run:   Finished HeroServiceControllerInitializer in 0ms
02-26 10:22:12.666 27371 27493 W AppInitScheduler|Run: Running ActivityBackstackManagerInitializer, order=97, priorityHint=null 
02-26 10:22:12.666 27371 27494 W AppInitScheduler|Run: Running CobraInitializer, order=100, priorityHint=null 
02-26 10:22:12.667 27371 27493 W AppInitScheduler|Run:   Finished ActivityBackstackManagerInitializer in 0ms
02-26 10:22:12.667 27371 27493 W AppInitScheduler|Schedule:   Executing 125:PendingWorkInitializer
02-26 10:22:12.667 27371 27493 W AppInitScheduler|Run: Running PendingWorkInitializer, order=98, priorityHint=null 
02-26 10:22:12.668 27371 27493 W AppInitScheduler|Run:   Finished PendingWorkInitializer in 0ms
02-26 10:22:12.668 27371 27493 W AppInitScheduler|Run: Running LruCacheTrackerInitializer, order=101, priorityHint=null 
02-26 10:22:12.668 27371 27493 W AppInitScheduler|Run:   Finished LruCacheTrackerInitializer in 1ms
02-26 10:22:12.668 27371 27493 W AppInitScheduler|Schedule:   Executing 130:MarkAppInitCriticalWorkComplete
02-26 10:22:12.668 27371 27493 W AppInitScheduler|Run: Running MarkAppInitCriticalWorkComplete, order=99, priorityHint=null 
02-26 10:22:12.669 27371 27494 W AppInitScheduler|Run:   Finished CobraInitializer in 2ms
02-26 10:22:12.672 27371 27493 W AppInitScheduler|Run:   Finished MarkAppInitCriticalWorkComplete in 4ms
02-26 10:22:12.679 27371 27371 W Looper  : PerfMonitor longMsg : seq=2 plan=10:22:10.037 late=1ms wall=2640ms h=android.app.ActivityThread$H w=110 procState=-1
02-26 10:22:12.731 27371 27371 D CompatibilityChangeReporter: Compat change id reported: 160794467; UID 10299; state: ENABLED
02-26 10:22:12.731  1679  4903 D PackageManager: set app component=ComponentInfo{com.instagram.android/com.instagram.push.FbnsInitBroadcastReceiver} enabled state: 1 from null,uid=10299,pid=27371
02-26 10:22:12.735  1679  4392 D CompatibilityChangeReporter: Compat change id reported: 161252188; UID 10101; state: DISABLED
02-26 10:22:12.741 27371 27371 W BackgroundStartupDetector: coldStartMode=DEFINITELY_BACKGROUND
02-26 10:22:12.742 27371 27371 W BackgroundStartupDetector: bgMode=BACKGROUND
02-26 10:22:12.750  1679  2432 I MiuiNetworkPolicy: updateUidState uid = 10299, uidState = 19
02-26 10:22:12.750 27371 27371 D FramePredict: FramePredict init: false
02-26 10:22:12.755  1679  4392 D PackageManager: set app component=ComponentInfo{com.instagram.android/com.instagram.push.FbnsInitBroadcastReceiver} enabled state: 1 from null,uid=10299,pid=27371
02-26 10:22:12.767 27371 27477 W SessionScopedProviderInitializer: Initialize com.instagram.fbpay.w3c.jobs.StartKeyMigrationJob end
02-26 10:22:12.767 27371 27477 W SessionScopedProviderInitializer: Initialize com.instagram.messagingconnectivitylogger.appjobdelegate.MCLAppJobDelegate.UserSessionStart start
02-26 10:22:12.768 27371 27477 W SessionScopedProviderInitializer: Initialize com.instagram.messagingconnectivitylogger.appjobdelegate.MCLAppJobDelegate.UserSessionStart end
02-26 10:22:12.769 27371 27507 W SessionScopedProviderInitializer: Initialize com.instagram.fx.helper.companyidentityswitcher.prefetch.SwitcherFetchImpressionCapListSessionStartUtil end
02-26 10:22:12.769 27371 27651 W SoLoader: SoLoader already initialized
02-26 10:22:12.769 27371 27507 W SessionScopedProviderInitializer: Initialize com.instagram.nme.subs.appjob.SUBSBenefitWarmStartListenerInitializer start
02-26 10:22:12.769 27371 27507 W SessionScopedProviderInitializer: Initialize com.instagram.nme.subs.appjob.SUBSBenefitWarmStartListenerInitializer end
02-26 10:22:12.769 27371 27507 W SessionScopedProviderInitializer: Initialize com.instagram.odml.p13n.PersonalizationManager.UserSessionStart start
02-26 10:22:12.769 27371 27507 W SessionScopedProviderInitializer: Initialize com.instagram.odml.p13n.PersonalizationManager.UserSessionStart end
02-26 10:22:12.769 27371 27507 W SessionScopedProviderInitializer: Initialize com.instagram.ondevicetech.ondeviceapphistory.UserSessionStart start
02-26 10:22:12.771 27371 27488 W AppInitScheduler|Run:   Finished SystemMessageInitializer in 200ms
02-26 10:22:12.773 27371 27491 W AppInitScheduler|Run:   Finished MapConfigInitializer in 202ms
02-26 10:22:12.774 27371 27553 W SessionScopedProviderInitializer: Initialize com.instagram.crossposting.noticestate.manager.UserSessionStart end
02-26 10:22:12.774 27371 27553 W SessionScopedProviderInitializer: Initialize com.instagram.ondevicetech.ondeviceapphistorytopspendapps.UserSessionStart start
02-26 10:22:12.775 27371 27689 W SessionScopedProviderInitializer: Initialize com.instagram.ml.remotepresence.start.UserSessionStart start
02-26 10:22:12.775 27371 27689 W SessionScopedProviderInitializer: Initialize com.instagram.ml.remotepresence.start.UserSessionStart end
02-26 10:22:12.775 27371 27689 W SessionScopedProviderInitializer: Initialize com.instagram.partneranalytics.igfamilyappinstallations.IGFamilyAppInstallationsLogWorkerInitializer start
02-26 10:22:12.776 27371 27371 E SlowAppComponent: 0ms: InstagramAppShell instantiatingâ€¦
02-26 10:22:12.777 27371 27371 E SlowAppComponent: 350ms: ClipsDraftProvider instantiatingâ€¦
02-26 10:22:12.777 27371 27553 W SessionScopedProviderInitializer: Initialize com.instagram.ondevicetech.ondeviceapphistorytopspendapps.UserSessionStart end
02-26 10:22:12.777 27371 27516 W AppInitScheduler|Run:   Finished IndependentColdStartJobs in 206ms
02-26 10:22:12.777 27371 27553 W SessionScopedProviderInitializer: Initialize com.instagram.partneranalytics.igfamilyapplastusedstates.IGFamilyAppLastUsedStatesLogWorkerInitializer start
02-26 10:22:12.778 27371 27371 E SlowAppComponent: 350ms: SecureFileProvider instantiatingâ€¦
02-26 10:22:12.778 27371 27371 E SlowAppComponent: 362ms: AsyncFamilyAppsUserValuesProvider instantiatingâ€¦
02-26 10:22:12.778 27371 27371 E SlowAppComponent: 362ms: AsyncInstagramPhoneIdProvider instantiatingâ€¦
02-26 10:22:12.778 27371 27371 E SlowAppComponent: 362ms: QuickSnapSeenStateProvider instantiatingâ€¦
02-26 10:22:12.778 27371 27371 E SlowAppComponent: 366ms: FileProvider instantiatingâ€¦
02-26 10:22:12.778  1679  2432 I MiuiNetworkPolicy: updateUidState uid = 10299, uidState = 11
02-26 10:22:12.778 27371 27371 E SlowAppComponent: 366ms: FoaBackupTokenProvider instantiatingâ€¦
02-26 10:22:12.779  1679  1989 D CompatibilityInfo: mCompatibilityFlags - 0
02-26 10:22:12.779  1679  1989 D CompatibilityInfo: applicationDensity - 440
02-26 10:22:12.779  1679  1989 D CompatibilityInfo: applicationScale - 1.0
02-26 10:22:12.779 27371 27371 E SlowAppComponent: 366ms: ThreadsContentProvider instantiatingâ€¦
02-26 10:22:12.779 27371 27371 E SlowAppComponent: 372ms: DeferredCurrentUserProvider instantiatingâ€¦
02-26 10:22:12.779 27371 27371 E SlowAppComponent: 372ms: InstallReferrerProvider instantiatingâ€¦
02-26 10:22:12.779 27371 27371 E SlowAppComponent: 373ms: IgLoggedInUsersContentProvider instantiatingâ€¦
02-26 10:22:12.779 27371 27507 W SessionScopedProviderInitializer: Initialize com.instagram.ondevicetech.ondeviceapphistory.UserSessionStart end
02-26 10:22:12.779 27371 27371 E SlowAppComponent: 372ms: FirstPartyUserValuesLiteProviderV2 instantiatingâ€¦
02-26 10:22:12.779 27371 27371 E SlowAppComponent: 372ms: AndroidXAppInitializer instantiatingâ€¦
02-26 10:22:12.779 27371 27507 W SessionScopedProviderInitializer: Initialize com.instagram.partneranalytics.simcarrier.SimCarrierInfoLogWorkerInitializer start
02-26 10:22:12.779 27371 27371 E SlowAppComponent: 374ms: UsdidValuesProvider instantiatingâ€¦
02-26 10:22:12.780 27371 27371 E SlowAppComponent: 374ms: DeferredDeeplinkProvider instantiatingâ€¦
02-26 10:22:12.780 27371 27371 E SlowAppComponent: 2138ms: FbnsInitBroadcastReceiver instantiatingâ€¦
02-26 10:22:12.780 27371 27371 E SlowAppComponent: Main thread was blocked for 2237ms in the background starting with InstagramAppShell
02-26 10:22:12.783 27371 27555 W SessionScopedProviderInitializer: Initialize com.instagram.wellbeing.timespent.listeners.InstagramTimeSpentManagerInitializer end
02-26 10:22:12.784 27371 27555 W SessionScopedProviderInitializer: Initialize com.instagram.pendingmedia.service.initializer.PendingMediaStoreInitializer start
02-26 10:22:12.784 27371 27487 W AppInitScheduler|Run:   Finished ComposeInitializer in 187ms
02-26 10:22:12.784 27371 27555 W SessionScopedProviderInitializer: Initialize com.instagram.pendingmedia.service.initializer.PendingMediaStoreInitializer end
02-26 10:22:12.784 27371 27555 W SessionScopedProviderInitializer: Initialize com.instagram.perf.sampling.UserSessionStart start
02-26 10:22:12.784 27371 27555 W SessionScopedProviderInitializer: Initialize com.instagram.perf.sampling.UserSessionStart end
02-26 10:22:12.784 27371 27555 W SessionScopedProviderInitializer: Initialize com.instagram.periodicreporter.UserSessionStart start
02-26 10:22:12.785 27371 27555 W SessionScopedProviderInitializer: Initialize com.instagram.periodicreporter.UserSessionStart end
02-26 10:22:12.785 27371 27555 W SessionScopedProviderInitializer: Initialize com.instagram.presence.dgw.IgPresenceDgwListener.UserSessionStart start
02-26 10:22:12.785 27371 27555 W SessionScopedProviderInitializer: Initialize com.instagram.presence.dgw.IgPresenceDgwListener.UserSessionStart end
02-26 10:22:12.785 27371 27555 W SessionScopedProviderInitializer: Initialize com.instagram.realtime.requeststream.PulsarSchedulerStatic start
02-26 10:22:12.785 27371 27555 W SessionScopedProviderInitializer: Initialize com.instagram.realtime.requeststream.PulsarSchedulerStatic end
02-26 10:22:12.785 27371 27555 W SessionScopedProviderInitializer: Initialize com.instagram.redex.dynamicanalysis.IgDynamicAnalysisUserSessionStart start
02-26 10:22:12.785 27371 27555 W SessionScopedProviderInitializer: Initialize com.instagram.redex.dynamicanalysis.IgDynamicAnalysisUserSessionStart end
02-26 10:22:12.785 27371 27555 W SessionScopedProviderInitializer: Initialize com.instagram.reels.network.realtime.UserSessionStart start
02-26 10:22:12.785 27371 27486 W AppInitScheduler|Run:   Finished IgMemoryTimelineInitializer in 215ms
02-26 10:22:12.786 27371 27555 W SessionScopedProviderInitializer: Initialize com.instagram.reels.network.realtime.UserSessionStart end
02-26 10:22:12.788 27371 27517 W proxy_service: User not in allowed region.
02-26 10:22:12.788 27371 27517 W AppInitScheduler|Run:   Finished ProxyServiceInitializer in 170ms
02-26 10:22:12.790  1679  4445 D PackageManager: set app component=ComponentInfo{com.instagram.android/com.instagram.push.FbnsInitBroadcastReceiver} enabled state: 1 from null,uid=10299,pid=27371
02-26 10:22:12.791 27371 27508 W SessionScopedProviderInitializer: Initialize com.instagram.firstpartyinstalltracker.UserSessionStart end
02-26 10:22:12.791 27371 27508 W SessionScopedProviderInitializer: Initialize com.instagram.reliablemedia.UserSessionStart start
02-26 10:22:12.791 27371 27508 W SessionScopedProviderInitializer: Initialize com.instagram.reliablemedia.UserSessionStart end
02-26 10:22:12.791 27371 27508 W SessionScopedProviderInitializer: Initialize com.instagram.rtc.dgw.IGRTCDGWStartupService start
02-26 10:22:12.792 27371 27508 W SessionScopedProviderInitializer: Initialize com.instagram.rtc.dgw.IGRTCDGWStartupService end
02-26 10:22:12.792 27371 27508 W SessionScopedProviderInitializer: Initialize com.instagram.rtc.impl.UserSessionStart start
02-26 10:22:12.792 27371 27508 W SessionScopedProviderInitializer: Initialize com.instagram.rtc.impl.UserSessionStart end
02-26 10:22:12.792 27371 27508 W SessionScopedProviderInitializer: Initialize com.instagram.service.tigon.interceptors.zerorewritenative.UserRewriteDataOnUserSessionStart start
02-26 10:22:12.792 27371 27508 W SessionScopedProviderInitializer: Initialize com.instagram.service.tigon.interceptors.zerorewritenative.UserRewriteDataOnUserSessionStart end
02-26 10:22:12.792 27371 27508 W SessionScopedProviderInitializer: Initialize com.instagram.shopping.analytics.shopsbau.IGShopsBAU.IGShopsBAUInitializerProvider start
02-26 10:22:12.793 27371 27508 W SessionScopedProviderInitializer: Initialize com.instagram.shopping.analytics.shopsbau.IGShopsBAU.IGShopsBAUInitializerProvider end
02-26 10:22:12.793 27371 27508 W SessionScopedProviderInitializer: Initialize com.instagram.shortcuts.init.ShortcutsInitializer start
02-26 10:22:12.793 27371 27508 W SessionScopedProviderInitializer: Initialize com.instagram.shortcuts.init.ShortcutsInitializer end
02-26 10:22:12.794 27371 27508 W SessionScopedProviderInitializer: Initialize com.instagram.sponsored.asyncads.logging.qpl.UserSessionStart start
02-26 10:22:12.794 27371 27549 W FileBasedMultiProcessTracker: <default>: Initializing FileBasedMultiProcessTracking using /data/user/0/com.instagram.android/app_multiprocess_tracking
02-26 10:22:12.794 27371 27508 W SessionScopedProviderInitializer: Initialize com.instagram.sponsored.asyncads.logging.qpl.UserSessionStart end
02-26 10:22:12.795  1679  4445 W ActivityManager: Background start not allowed: service Intent { cmp=com.instagram.android/com.instagram.jobscheduler.bgfetch.scheduler.IgBgFetchTaskLifeService (has extras) } to com.instagram.android/com.instagram.jobscheduler.bgfetch.scheduler.IgBgFetchTaskLifeService from pid=27371 uid=10299 pkg=com.instagram.android startFg?=false
02-26 10:22:12.795 27371 27559 W SessionScopedProviderInitializer: Initialize com.instagram.jobscheduler.bgfetch.scheduler.UserSessionStart end
02-26 10:22:12.795 27371 27559 W SessionScopedProviderInitializer: Initialize com.instagram.sponsored.asyncads.requestpathsignals.sessionlevelsignals.sessiontime.SessionTimeTrackerStarting start
02-26 10:22:12.796 27371 27559 W SessionScopedProviderInitializer: Initialize com.instagram.sponsored.asyncads.requestpathsignals.sessionlevelsignals.sessiontime.SessionTimeTrackerStarting end
02-26 10:22:12.796 27371 27559 W SessionScopedProviderInitializer: Initialize com.instagram.supervision.data.SupervisionUserSessionStart start
02-26 10:22:12.796 27371 27559 W SessionScopedProviderInitializer: Initialize com.instagram.supervision.data.SupervisionUserSessionStart end
02-26 10:22:12.796 27371 27559 W SessionScopedProviderInitializer: Initialize com.instagram.traffic.nts.iglib.IGTrafficNTSUserSessionStarting start
02-26 10:22:12.796 27371 27559 W SessionScopedProviderInitializer: Initialize com.instagram.traffic.nts.iglib.IGTrafficNTSUserSessionStarting end
02-26 10:22:12.796 27371 27559 W SessionScopedProviderInitializer: Initialize com.instagram.trust.noncemanager.jobs.IGNonceManagerJob start
02-26 10:22:12.797 27371 27559 W SessionScopedProviderInitializer: Initialize com.instagram.trust.noncemanager.jobs.IGNonceManagerJob end
02-26 10:22:12.797 27371 27559 W SessionScopedProviderInitializer: Initialize com.instagram.trusteddevice.registration.jobs.StartTrustedDeviceAppJob start
02-26 10:22:12.819 27371 27549 W FileBasedMultiProcessTracker: <default>: Creating file to track 27371
02-26 10:22:12.819 27371 27696 W SessionScopedProviderInitializer: Initialize com.instagram.reliability.experiments.ReliabilityExperimentInitializer start
02-26 10:22:12.819 27371 27696 W SessionScopedProviderInitializer: Initialize com.instagram.reliability.experiments.ReliabilityExperimentInitializer end
02-26 10:22:12.819 27371 27696 W SessionScopedProviderInitializer: Initialize com.instagram.util.startup.tracking.trigger.StartupManagerHook start
02-26 10:22:12.820 27371 27696 W SessionScopedProviderInitializer: Initialize com.instagram.util.startup.tracking.trigger.StartupManagerHook end
02-26 10:22:12.820 27371 27696 W SessionScopedProviderInitializer: Initialize com.instagram.util.startup.transitions.EnableColdStartTransitionsTask start
02-26 10:22:12.820 27371 27696 W SessionScopedProviderInitializer: Initialize com.instagram.util.startup.transitions.EnableColdStartTransitionsTask end
02-26 10:22:12.820 27371 27696 W SessionScopedProviderInitializer: Initialize com.instagram.wearable.warp.impl.WarpIgPluginManagerImpl.UserSessionStartListener start
02-26 10:22:12.824 27371 27696 W SessionScopedProviderInitializer: Initialize com.instagram.wearable.warp.impl.WarpIgPluginManagerImpl.UserSessionStartListener end
02-26 10:22:12.824 27371 27696 W SessionScopedProviderInitializer: Initialize com.instagram.wellbeing.privacyflow.util.PrivacyFlowHelper start
02-26 10:22:12.824 27371 27696 W SessionScopedProviderInitializer: Initialize com.instagram.wellbeing.privacyflow.util.PrivacyFlowHelper end
02-26 10:22:12.825 27371 27696 W SessionScopedProviderInitializer: Initialize com.instagram.wellbeing.timeinapp.indexing.TimeInAppIndexCreationTask start
02-26 10:22:12.825 27371 27696 W SessionScopedProviderInitializer: Initialize com.instagram.wellbeing.timeinapp.indexing.TimeInAppIndexCreationTask end
02-26 10:22:12.825 27371 27696 W SessionScopedProviderInitializer: Initialize com.instagram.wellbeing.timeinapp.instrumentation.IgTimeInAppActivityListenerStatic start
02-26 10:22:12.828 27371 27699 W SessionScopedProviderInitializer: Initialize com.instagram.sponsored.asyncads.ondevicesignals.OnDeviceSignalKnotsEventListener.UserSessionStart start
02-26 10:22:12.828 27371 27699 W SessionScopedProviderInitializer: Initialize com.instagram.sponsored.asyncads.ondevicesignals.OnDeviceSignalKnotsEventListener.UserSessionStart end
02-26 10:22:12.829 27371 27699 W SessionScopedProviderInitializer: Initialize com.instagram.wellbeing.timespent.provider.QuietTimeUserSessionStart start
02-26 10:22:12.829 27371 27699 W SessionScopedProviderInitializer: Initialize com.instagram.wellbeing.timespent.provider.QuietTimeUserSessionStart end
02-26 10:22:12.829 27371 27699 W SessionScopedProviderInitializer: Initialize com.instagram.wellbeing.timespent.provider.ScreenTimeUserSessionStart start
02-26 10:22:12.829 27371 27699 W SessionScopedProviderInitializer: Initialize com.instagram.wellbeing.timespent.provider.ScreenTimeUserSessionStart end
02-26 10:22:12.829 27371 27699 W SessionScopedProviderInitializer: Initialize X.10o start
02-26 10:22:12.830 27371 27699 W SessionScopedProviderInitializer: Initialize X.10o end
02-26 10:22:12.830 27371 27699 W SessionScopedProviderInitializer: Initialize X.VMu start
02-26 10:22:12.831 27371 27696 W SessionScopedProviderInitializer: Initialize com.instagram.wellbeing.timeinapp.instrumentation.IgTimeInAppActivityListenerStatic end
02-26 10:22:12.832 27371 27696 W SessionScopedProviderInitializer: Initialize X.VN5 start
02-26 10:22:12.839 27371 27507 W SessionScopedProviderInitializer: Initialize com.instagram.partneranalytics.simcarrier.SimCarrierInfoLogWorkerInitializer end
02-26 10:22:12.839 27371 27553 W SessionScopedProviderInitializer: Initialize com.instagram.partneranalytics.igfamilyapplastusedstates.IGFamilyAppLastUsedStatesLogWorkerInitializer end
02-26 10:22:12.840 27371 27553 W SessionScopedProviderInitializer: Initialize X.VOs start
02-26 10:22:12.840 27371 27553 W SessionScopedProviderInitializer: Initialize X.VOs end
02-26 10:22:12.840 27371 27689 W SessionScopedProviderInitializer: Initialize com.instagram.partneranalytics.igfamilyappinstallations.IGFamilyAppInstallationsLogWorkerInitializer end
02-26 10:22:12.840 27371 27553 W SessionScopedProviderInitializer: Initialize X.8is start
02-26 10:22:12.840 27371 27689 W SessionScopedProviderInitializer: Initialize X.VP8 start
02-26 10:22:12.840 27371 27689 W SessionScopedProviderInitializer: Initialize X.VP8 end
02-26 10:22:12.840 27371 27553 W DirectUserScopedInitializerUserSessionStart: onUserSessionStart, isColdStart: true
02-26 10:22:12.840 27371 27689 W SessionScopedProviderInitializer: Initialize X.VPH start
02-26 10:22:12.840 27371 27689 W SessionScopedProviderInitializer: Initialize X.VPH end
02-26 10:22:12.841 27371 27689 W SessionScopedProviderInitializer: Initialize instagram.features.direct.stella.impl.DirectStellaPluginImpl.UserSessionStart start
02-26 10:22:12.841 27371 27689 W DirectStellaPluginImpl: Stella starting new user session, registering call and contact change listeners
02-26 10:22:12.841 27371 27689 W StellaCallStateDispatcher: registerListeners with session as null: false
02-26 10:22:12.841 27371 27552 W SessionScopedProviderInitializer: Initialize com.instagram.emergencypush.EmergencyPushPeriodicFetchWorkerInitializer end
02-26 10:22:12.841 27371 27689 W DirectContactChangeObserver: registerListeners with session as null: false
02-26 10:22:12.842 27371 27689 W SessionScopedProviderInitializer: Initialize instagram.features.direct.stella.impl.DirectStellaPluginImpl.UserSessionStart end
02-26 10:22:12.842 27371 27552 W SessionScopedProviderInitializer: Initialize X.VWJ start
02-26 10:22:12.842 27371 27689 W SessionScopedProviderInitializer: Initialize X.VWZ start
02-26 10:22:12.843 27371 27689 W SessionScopedProviderInitializer: Initialize X.VWZ end
02-26 10:22:12.843 27371 27509 W SessionScopedProviderInitializer: Initialize com.instagram.mainfeed.delivery.privacy.background.PrivacyValidationWorkSchedulerInitializer end
02-26 10:22:12.843 27371 27507 W SessionScopedProviderInitializer: Initialize X.8hu start
02-26 10:22:12.846 27371 27552 W SessionScopedProviderInitializer: Initialize X.VWJ end
02-26 10:22:12.846 27371 27507 W SessionScopedProviderInitializer: Initialize X.8hu end
02-26 10:22:12.853 27371 27699 W SessionScopedProviderInitializer: Initialize X.VMu end
02-26 10:22:12.856 27371 27696 W SessionScopedProviderInitializer: Initialize X.VN5 end
02-26 10:22:12.866 27347 27417 W BpBinder: PerfMonitor binderTransact :  time=225ms interface=android.content.pm.IPackageManager code=36
02-26 10:22:12.891 27371 27666 W VideoCapabilities: Unsupported mime image/vnd.android.heic
02-26 10:22:12.895  1679  2116 I AppsFilter: interaction: PackageSetting{415f53a org.test.myapp/10313} -> PackageSetting{4f55e62 com.facebook.appmanager/10120} BLOCKED
02-26 10:22:12.895  1679  2116 I AppsFilter: interaction: PackageSetting{ff8a8a5 com.fido.asm/10190} -> PackageSetting{4f55e62 com.facebook.appmanager/10120} BLOCKED
02-26 10:22:12.908  1679  1989 I SmartPower.com.google.android.apps.messaging/10156(27099): idle->background(7098ms) R(broadcast start Intent { act=android.intent.action.PACKAGE_CHANGED dat=package: flg=0x45000010 (has extras) }) adj=700.
02-26 10:22:12.917 27099 27099 I Bugle   : BroadcastReceiverAsyncWorkTracker: Acknowledging broadcast of dbuc@e2cebae
02-26 10:22:12.917  2880  2880 D CarrierSvcBindHelper: onPackageModified: com.facebook.appmanager
02-26 10:22:12.919  2880  2880 D CarrierSvcBindHelper: No carrier app for: 0
02-26 10:22:12.919  2880  2880 D CarrierSvcBindHelper: No carrier app for: 1
02-26 10:22:12.920 27371 27549 W FileBasedMultiProcessTracker: <default>: FileBasedMultiProcessTracker ready!
02-26 10:22:12.922  1679  4903 D CompatibilityInfo: mCompatibilityFlags - 0
02-26 10:22:12.923  1679  4903 D CompatibilityInfo: applicationDensity - 440
02-26 10:22:12.923  1679  4903 D CompatibilityInfo: applicationScale - 1.0
02-26 10:22:12.924 27371 27559 W SessionScopedProviderInitializer: Initialize com.instagram.trusteddevice.registration.jobs.StartTrustedDeviceAppJob end
02-26 10:22:12.925  1679  1936 D CompatibilityChangeReporter: Compat change id reported: 135634846; UID 10257; state: DISABLED
02-26 10:22:12.925  1679  1936 D CompatibilityChangeReporter: Compat change id reported: 177438394; UID 10257; state: DISABLED
02-26 10:22:12.926  1679  1936 D CompatibilityChangeReporter: Compat change id reported: 135772972; UID 10257; state: DISABLED
02-26 10:22:12.926  1679  1936 D CompatibilityChangeReporter: Compat change id reported: 135754954; UID 10257; state: ENABLED
02-26 10:22:12.926 27371 27704 W FileBasedMultiProcessTracker: <default>: Observed removed PID: 24581
02-26 10:22:12.927  1679  1679 I Telecom : DefaultDialerCache: Refreshing default dialer for user 0: now com.google.android.dialer: DDC.oR@BBI
02-26 10:22:12.927  1679  1990 D CompatibilityChangeReporter: Compat change id reported: 143937733; UID 10257; state: ENABLED
02-26 10:22:12.929  2891  2891 D LockScreenMagazineController: received broadcast android.intent.action.PACKAGE_CHANGED
02-26 10:22:12.934  2880  2880 D ImsResolver: maybeAddedImsService, packageName: com.facebook.appmanager
02-26 10:22:12.939   525   525 D lowmemorykiller: No processes to kill with adj score >= 702
02-26 10:22:12.939   772   772 D Zygote  : Forked child process 27709
02-26 10:22:12.940  1679  1990 D Boost   : hostingType=service, hostingName={com.google.android.permissioncontroller/com.android.permissioncontroller.permission.service.PermissionControllerServiceImpl}, callerPackage=android, isSystem=true, isBoostNeeded=false.
02-26 10:22:12.940  1679  1990 I ActivityManager: Start proc 27709:com.google.android.permissioncontroller/u0a257 for service {com.google.android.permissioncontroller/com.android.permissioncontroller.permission.service.PermissionControllerServiceImpl} caller=android
02-26 10:22:12.945 27371 27553 W SessionScopedProviderInitializer: Initialize X.8is end
02-26 10:22:12.945 27371 27515 W AppInitScheduler|Run:   Finished SessionScopedProviderInitializerCompletion in 372ms
02-26 10:22:12.946 27371 27515 W AppInitScheduler|Schedule: Pending tasks reached zero, maybe shutting downâ€¦
02-26 10:22:12.946 27371 27515 W AppInitScheduler|Run: All work finished.
02-26 10:22:12.951   525   525 D lowmemorykiller: No processes to kill with adj score >= 702
02-26 10:22:12.955 27709 27709 E Zygote  : process_name_ptr:27709 com.google.android.permissioncontroller
02-26 10:22:12.961 27709 27709 I ssioncontroller: Using CollectorTypeCC GC.
02-26 10:22:12.964   525   525 D lowmemorykiller: No processes to kill with adj score >= 702
02-26 10:22:12.967 27709 27709 D nativeloader: Load libframework-connectivity-tiramisu-jni.so using APEX ns com_android_tethering for caller /apex/com.android.tethering/javalib/framework-connectivity-t.jar: ok
02-26 10:22:12.968 27371 27650 W IgMetaConfig: Could not obtain MC: not_user_session session=X.21X@ff8707d
02-26 10:22:12.968 27371 27650 W IgMetaConfig: java.lang.RuntimeException: Could not obtain MC, call-site will receive default values
02-26 10:22:12.968 27371 27650 W IgMetaConfig: 	at X.2cA.A06(:4)
02-26 10:22:12.968 27371 27650 W IgMetaConfig: 	at X.2cA.A05(:8)
02-26 10:22:12.968 27371 27650 W IgMetaConfig: 	at X.2cA.A02(:2)
02-26 10:22:12.968 27371 27650 W IgMetaConfig: 	at X.2dy.A00(:8)
02-26 10:22:12.968 27371 27650 W IgMetaConfig: 	at X.2dy.A03(:7)
02-26 10:22:12.968 27371 27650 W IgMetaConfig: 	at X.5zz.A00(:6)
02-26 10:22:12.968 27371 27650 W IgMetaConfig: 	at X.6aG.GJv(:93)
02-26 10:22:12.968 27371 27650 W IgMetaConfig: 	at X.6aU.handleMessage(:82)
02-26 10:22:12.968 27371 27650 W IgMetaConfig: 	at android.os.Handler.dispatchMessage(Handler.java:106)
02-26 10:22:12.968 27371 27650 W IgMetaConfig: 	at android.os.Looper.loopOnce(Looper.java:211)
02-26 10:22:12.968 27371 27650 W IgMetaConfig: 	at android.os.Looper.loop(Looper.java:300)
02-26 10:22:12.968 27371 27650 W IgMetaConfig: 	at android.os.HandlerThread.run(HandlerThread.java:67)
02-26 10:22:12.971 27709 27709 W System.err: android.system.ErrnoException: open failed: ENOENT (No such file or directory)
02-26 10:22:12.971 27709 27709 W System.err: 	at libcore.io.Linux.open(Native Method)
02-26 10:22:12.971 27709 27709 W System.err: 	at libcore.io.ForwardingOs.open(ForwardingOs.java:574)
02-26 10:22:12.971 27709 27709 W System.err: 	at libcore.io.BlockGuardOs.open(BlockGuardOs.java:274)
02-26 10:22:12.971 27709 27709 W System.err: 	at libcore.io.ForwardingOs.open(ForwardingOs.java:574)
02-26 10:22:12.971 27709 27709 W System.err: 	at android.app.ActivityThread$AndroidOs.open(ActivityThread.java:8381)
02-26 10:22:12.971 27709 27709 W System.err: 	at android.system.Os.open(Os.java:508)
02-26 10:22:12.971 27709 27709 W System.err: 	at android.os.perfdebug.PerfDebugMonitorImpl.monitorVersionControl(PerfDebugMonitorImpl.java:206)
02-26 10:22:12.971 27709 27709 W System.err: 	at android.os.perfdebug.PerfDebugMonitorImpl.prepareMonitor(PerfDebugMonitorImpl.java:187)
02-26 10:22:12.971 27709 27709 W System.err: 	at android.app.ActivityThread.main(ActivityThread.java:8468)
02-26 10:22:12.971 27709 27709 W System.err: 	at java.lang.reflect.Method.invoke(Native Method)
02-26 10:22:12.972 27709 27709 W System.err: 	at com.android.internal.os.RuntimeInit$MethodAndArgsCaller.run(RuntimeInit.java:561)
02-26 10:22:12.972 27709 27709 W System.err: 	at com.android.internal.os.ZygoteInit.main(ZygoteInit.java:954)
02-26 10:22:12.972 27709 27709 I MessageMonitor: Load libmiui_runtime
02-26 10:22:12.973  3088 22932 I NearbyPresence: (REDACTED) %s verified [==] new request %s equals to the old request
02-26 10:22:12.974   525   525 D lowmemorykiller: No processes to kill with adj score >= 702
02-26 10:22:12.976  1679  2462 D SymlinkUtils: attachApplication file op go pass: 1 ms
02-26 10:22:12.976  1679  2462 I SmartPower.com.google.android.permissioncontroller/10257(27709): died->background(283298ms) R(process start ) adj=-10000.
02-26 10:22:12.978  1679  2462 D CompatibilityChangeReporter: Compat change id reported: 168419799; UID 10257; state: DISABLED
02-26 10:22:12.978  1679  2462 D CompatibilityInfo: mCompatibilityFlags - 0
02-26 10:22:12.978  1679  2462 D CompatibilityInfo: applicationDensity - 440
02-26 10:22:12.978  1679  2462 D CompatibilityInfo: applicationScale - 1.0
02-26 10:22:12.981  1679  2432 I MiuiNetworkPolicy: updateUidState uid = 10257, uidState = 6
02-26 10:22:12.983  1679  2462 D CompatibilityInfo: mCompatibilityFlags - 0
02-26 10:22:12.983  1679  2462 D CompatibilityInfo: applicationDensity - 440
02-26 10:22:12.983  1679  2462 D CompatibilityInfo: applicationScale - 1.0
02-26 10:22:12.984 27709 27709 D CompatibilityChangeReporter: Compat change id reported: 171979766; UID 10257; state: ENABLED
02-26 10:22:12.987   525   525 D lowmemorykiller: No processes to kill with adj score >= 702
02-26 10:22:13.000   525   525 D lowmemorykiller: No processes to kill with adj score >= 702
02-26 10:22:13.006 27709 27709 D nativeloader: Configuring clns-shared-4 for other apk /system/framework/org.apache.http.legacy.jar. target_sdk_version=36, uses_libraries=ALL, library_path=/apex/com.android.permission/priv-app/GooglePermissionController@361336160/lib/arm64:/system/lib64:/system_ext/lib64, permitted_path=/data:/mnt/expand:/data/user_de/0/com.google.android.permissioncontroller:/apex/com.android.permission/priv-app/GooglePermissionController@361336160:/system/lib64:/system_ext/lib64
02-26 10:22:13.006 27709 27709 D nativeloader: Extending system_exposed_libraries: libbinauralrenderer_wrapper.qti.so:libhoaeffects.qti.so:libQOC.qti.so:libmisys_jni.xiaomi.so:libxiaomi_modemdumpsdx55_jni.modem.so:libxiaomi_modemdump_jni.modem.so:libupdateprof.qti.so:libthermalclient.qti.so:libQOC.qti.so:libdiag_system.qti.so:libqape.qti.so:liblistenjni.qti.so
