02-26 10:22:02.744  6202 12997 I com.xiaomi.xmsf: oneway function results for code 3 on binder at 0xb400006fafed3da0 will be dropped but finished with status UNKNOWN_TRANSACTION
02-26 10:22:02.744  7086 19773 D UidObserver: onUidGone entry uid = 10148
02-26 10:22:02.744  1679  2432 I MiuiNetworkPolicy: removeUidState uid = 10148
02-26 10:22:02.745  7086 19773 D UidObserver: onUidGone entry uid = 10137
02-26 10:22:02.745  1679  2432 I MiuiNetworkPolicy: removeUidState uid = 10137
02-26 10:22:02.745   921 27098 I sensors-hal: ssc_conn_resp_cb:663, resp_value = 0
02-26 10:22:02.747  2891  3074 D MiuiSplitWindowTrackManager: Split track already bind
02-26 10:22:02.754  1063  1063 D MI-SF   : [FpsStat] distroy...
02-26 10:22:02.754  4176  4176 I AppBase : AppBase.onTrimMemory():287 onTrimMemory(): 15
02-26 10:22:02.754  4176  4176 I KeyboardDefCache: MemoryFileCache$1.onTrimMemory():124 clearMemory() for trim memory: 15
02-26 10:22:02.754  4176  4176 I KeyboardDefCache: MemoryFileCache.clearMemory():408 evictAll()
02-26 10:22:02.754  4176  4176 I GoogleInputMethodService: GoogleInputMethodService.onTrimMemory():2852 onTrimMemory(): 15
02-26 10:22:02.757 21172 21172 I AiAi    : onTrimMemory() with level 15
02-26 10:22:02.761  2891 27077 I NotificationController: printNotificationData: notificationDataList 0
02-26 10:22:02.762  1063  1273 D RefreshRateConfigs: TouchBoost - choose Fps: 60.00 Hz
02-26 10:22:02.763  1679  4909 D CoreBackPreview: Window{df52e00 u0 AOD}: Setting back callback null
02-26 10:22:02.767  1679  1710 W InputManager-JNI: Input channel object 'df52e00 AOD (client)' was disposed without first being removed with the input manager!
02-26 10:22:02.769 27099 27099 E Zygote  : process_name_ptr:27099 com.google.android.apps.messaging
02-26 10:22:02.773  2891  2891 I DozeServicePluginImpl: plugin onDestroy: 
02-26 10:22:02.773  2891  2891 D AODAutoDensityController: destroyed.
02-26 10:22:02.775 27099 27099 I .apps.messaging: Using CollectorTypeCC GC.
02-26 10:22:02.780  1679  6453 D CompatibilityInfo: mCompatibilityFlags - 0
02-26 10:22:02.780  1679  6453 D CompatibilityInfo: applicationDensity - 440
02-26 10:22:02.781  1679  6453 D CompatibilityInfo: applicationScale - 1.0
02-26 10:22:02.783  1679  1990 W ActivityManager: Slow operation: 69ms so far, now at startProcess: done updating battery stats
02-26 10:22:02.783  1679  1990 W ActivityManager: Slow operation: 70ms so far, now at startProcess: building log message
02-26 10:22:02.783  1679  1990 I ActivityManager: Start proc 27099:com.google.android.apps.messaging/u0a156 for content provider {com.google.android.apps.messaging/com.google.android.apps.messaging.shared.datamodel.provider.sharedstorage.SharedStorageProvider} caller=com.google.android.apps.messaging
02-26 10:22:02.783  1679  1990 W ActivityManager: Slow operation: 70ms so far, now at startProcess: starting to update pids map
02-26 10:22:02.783  1679  1990 W ActivityManager: Slow operation: 70ms so far, now at startProcess: done updating pids map
02-26 10:22:02.784 27099 27099 D nativeloader: Load libframework-connectivity-tiramisu-jni.so using APEX ns com_android_tethering for caller /apex/com.android.tethering/javalib/framework-connectivity-t.jar: ok
02-26 10:22:02.785  4943 17900 E com.miui.appmanager.AppManageUtils: startScan error
02-26 10:22:02.785  4943 17900 E com.miui.appmanager.AppManageUtils: java.lang.NoSuchMethodException: android.net.wifi.IWifiManager$Stub$Proxy.startScan [class java.lang.String]
02-26 10:22:02.785  4943 17900 E com.miui.appmanager.AppManageUtils: 	at java.lang.Class.getMethod(Class.java:2934)
02-26 10:22:02.785  4943 17900 E com.miui.appmanager.AppManageUtils: 	at java.lang.Class.getDeclaredMethod(Class.java:2913)
02-26 10:22:02.785  4943 17900 E com.miui.appmanager.AppManageUtils: 	at nf.f.d(Unknown Source:4)
02-26 10:22:02.785  4943 17900 E com.miui.appmanager.AppManageUtils: 	at com.miui.appmanager.AppManageUtils.D0(Unknown Source:88)
02-26 10:22:02.785  4943 17900 E com.miui.appmanager.AppManageUtils: 	at e3.b$a.a(Unknown Source:29)
02-26 10:22:02.785  4943 17900 E com.miui.appmanager.AppManageUtils: 	at e3.b$a.doInBackground(Unknown Source:2)
02-26 10:22:02.785  4943 17900 E com.miui.appmanager.AppManageUtils: 	at android.os.AsyncTask$3.call(AsyncTask.java:394)
02-26 10:22:02.785  4943 17900 E com.miui.appmanager.AppManageUtils: 	at java.util.concurrent.FutureTask.run(FutureTask.java:317)
02-26 10:22:02.785  4943 17900 E com.miui.appmanager.AppManageUtils: 	at java.util.concurrent.ThreadPoolExecutor.runWorker(ThreadPoolExecutor.java:1154)
02-26 10:22:02.785  4943 17900 E com.miui.appmanager.AppManageUtils: 	at java.util.concurrent.ThreadPoolExecutor$Worker.run(ThreadPoolExecutor.java:652)
02-26 10:22:02.785  4943 17900 E com.miui.appmanager.AppManageUtils: 	at java.lang.Thread.run(Thread.java:1564)
02-26 10:22:02.786  9889  9894 I adbd    : jdwp connection from 27099
02-26 10:22:02.788  1063  1063 D MI-SF   : [FpsStat] distroy...
02-26 10:22:02.788 27099 27099 W System.err: android.system.ErrnoException: open failed: ENOENT (No such file or directory)
02-26 10:22:02.789 27099 27099 W System.err: 	at libcore.io.Linux.open(Native Method)
02-26 10:22:02.789 27099 27099 W System.err: 	at libcore.io.ForwardingOs.open(ForwardingOs.java:574)
02-26 10:22:02.789 27099 27099 W System.err: 	at libcore.io.BlockGuardOs.open(BlockGuardOs.java:274)
02-26 10:22:02.789 27099 27099 W System.err: 	at libcore.io.ForwardingOs.open(ForwardingOs.java:574)
02-26 10:22:02.789 27099 27099 W System.err: 	at android.app.ActivityThread$AndroidOs.open(ActivityThread.java:8381)
02-26 10:22:02.789 27099 27099 W System.err: 	at android.system.Os.open(Os.java:508)
02-26 10:22:02.789 27099 27099 W System.err: 	at android.os.perfdebug.PerfDebugMonitorImpl.monitorVersionControl(PerfDebugMonitorImpl.java:206)
02-26 10:22:02.789 27099 27099 W System.err: 	at android.os.perfdebug.PerfDebugMonitorImpl.prepareMonitor(PerfDebugMonitorImpl.java:187)
02-26 10:22:02.789 27099 27099 W System.err: 	at android.app.ActivityThread.main(ActivityThread.java:8468)
02-26 10:22:02.789 27099 27099 W System.err: 	at java.lang.reflect.Method.invoke(Native Method)
02-26 10:22:02.789 27099 27099 W System.err: 	at com.android.internal.os.RuntimeInit$MethodAndArgsCaller.run(RuntimeInit.java:561)
02-26 10:22:02.789 27099 27099 W System.err: 	at com.android.internal.os.ZygoteInit.main(ZygoteInit.java:954)
02-26 10:22:02.789 27099 27099 I MessageMonitor: Load libmiui_runtime
02-26 10:22:02.794  1063  1063 D MI-SF   : AOD hasAOD =0
02-26 10:22:02.794  1679  4486 D SymlinkUtils: attachApplication file op go pass: 1 ms
02-26 10:22:02.794  1063  1063 I MI-SF   : surfaceflinger setAffinity mode=1
02-26 10:22:02.794  1063  1063 I MI-SF   : surfaceflinger setreAffinity reTid=1194
02-26 10:22:02.798  1679  4486 I SmartPower.com.google.android.apps.messaging/10156(27099): died->background(254176ms) R(process start ) adj=-10000.
02-26 10:22:02.801  1679  4486 D CompatibilityInfo: mCompatibilityFlags - 0
02-26 10:22:02.801  1679  4486 D CompatibilityInfo: applicationDensity - 440
02-26 10:22:02.802  1679  4486 D CompatibilityInfo: applicationScale - 1.0
02-26 10:22:02.803  2891  2891 D QS      : setListening false
02-26 10:22:02.813 27099 27099 D CompatibilityChangeReporter: Compat change id reported: 171979766; UID 10156; state: ENABLED
02-26 10:22:02.822  2891  2891 D AODWakeLock: longWakeLock : release from:DozeUi#transitionTo hold:false
02-26 10:22:02.822  2891  2891 D AODWakeLock: longWakeLock : release after:DozeUi#transitionTo hold:false
02-26 10:22:02.822  2891  2891 D AODWakeLock: longWakeLock : release from:DozeMachine#requestState hold:true
02-26 10:22:02.825  2891  2891 D AODWakeLock: longWakeLock : release after:DozeMachine#requestState hold:false
02-26 10:22:02.835 27099 27099 D nativeloader: Configuring clns-4 for other apk /system/framework/org.apache.http.legacy.jar. target_sdk_version=36, uses_libraries=ALL, library_path=/data/app/~~GogWq0Vb45yjr2EOHr9TgQ==/com.google.android.apps.messaging-73m_3R7NBmW9lUbAJPG3FQ==/lib/arm64:/data/app/~~GogWq0Vb45yjr2EOHr9TgQ==/com.google.android.apps.messaging-73m_3R7NBmW9lUbAJPG3FQ==/base.apk!/lib/arm64-v8a:/data/app/~~GogWq0Vb45yjr2EOHr9TgQ==/com.google.android.apps.messaging-73m_3R7NBmW9lUbAJPG3FQ==/split_config.arm64_v8a.apk!/lib/arm64-v8a:/data/app/~~GogWq0Vb45yjr2EOHr9TgQ==/com.google.android.apps.messaging-73m_3R7NBmW9lUbAJPG3FQ==/split_config.pt.apk!/lib/arm64-v8a:/data/app/~~GogWq0Vb45yjr2EOHr9TgQ==/com.google.android.apps.messaging-73m_3R7NBmW9lUbAJPG3FQ==/split_config.xxhdpi.apk!/lib/arm64-v8a, permitted_path=/data:/mnt/expand:/data/user/0/com.google.android.apps.messaging
02-26 10:22:02.835 27099 27099 D nativeloader: Extending system_exposed_libraries: libbinauralrenderer_wrapper.qti.so:libhoaeffects.qti.so:libQOC.qti.so:libmisys_jni.xiaomi.so:libxiaomi_modemdumpsdx55_jni.modem.so:libxiaomi_modemdump_jni.modem.so:libupdateprof.qti.so:libthermalclient.qti.so:libQOC.qti.so:libdiag_system.qti.so:libqape.qti.so:liblistenjni.qti.so
02-26 10:22:02.840  3088  3088 I RCNIntentOperation: RCN is disabled on this network.
02-26 10:22:02.845  1679  4400 D PerfShielderService: com.android.systemui|com.android.systemui-Nav-831445295|585|17104033949411|370|0|4
02-26 10:22:02.849  4176 27117 I DeviceStatusMonitor: DeviceStatusMonitor.handleBroadcast():138 onReceive() : Action = android.intent.action.SCREEN_ON
02-26 10:22:02.850  4176 27117 I DeviceStatusMonitor: DeviceStatusMonitor.updateCountryInfo():154 updateCountryInfo(), notifyAnyway = false
02-26 10:22:02.863  4336  4336 D BroadcastExecutor: BroadcastExecutor : 2
02-26 10:22:02.866  4336  4336 D BroadcastExecutor: BroadcastExecutor : 2
02-26 10:22:02.870  2880  2880 D BroadcastExecutor: BroadcastExecutor : 2
02-26 10:22:02.881  2880  2880 D BroadcastExecutor: BroadcastExecutor : 2
02-26 10:22:02.883  4943  6165 I TrafficManageService: onReceive: android.intent.action.SCREEN_ON
02-26 10:22:02.885  2834  2834 D DeviceStatisticsService: Send device is interactive
02-26 10:22:02.887  4943  4943 I PowerSaveService: onReceive: android.intent.action.SCREEN_ON
02-26 10:22:02.887  4943  6353 D PowerNoticeUI: ScreenOnEvent
02-26 10:22:02.903  7277  7277 D BroadcastExecutor: BroadcastExecutor : 2
02-26 10:22:02.909  7277  7277 D BroadcastExecutor: BroadcastExecutor : 2
02-26 10:22:02.921   525   525 I lowmemorykiller: Kill 'com.android.camera' (26921), uid 10142, oom_score_adj 905 to free 110408kB rss, 40536kB swap; reason: cw
02-26 10:22:02.987  1679  1710 I ActivityManager: Process com.android.camera (pid 26921) has died: cch+5 CEM 
02-26 10:22:02.988 27099 27099 W .apps.messaging: Failed to find entry 'classes.dex': Entry not found
02-26 10:22:02.988   772   772 I Zygote  : Process 26921 exited due to signal 9 (Killed)
02-26 10:22:02.989  1679  1710 D ProcessStarter: 4G Mem device restart com.android.camera as demanded!
02-26 10:22:02.990  1679  2596 E ProcessManager: error write exception log
02-26 10:22:02.990 27099 27099 W .apps.messaging: Failed to find entry 'classes.dex': Entry not found
02-26 10:22:02.991  1679  1992 I libprocessgroup: Successfully killed process cgroup uid 10142 pid 26921 in 69ms
02-26 10:22:02.991  1679  1992 I libprocessgroup: Successfully killed process cgroup uid 10142 pid 26921 in 0ms
02-26 10:22:02.993 27099 27099 W .apps.messaging: Failed to find entry 'classes.dex': Entry not found
02-26 10:22:02.994 27099 27099 D nativeloader: Configuring clns-5 for other apk /data/app/~~GogWq0Vb45yjr2EOHr9TgQ==/com.google.android.apps.messaging-73m_3R7NBmW9lUbAJPG3FQ==/base.apk:/data/app/~~GogWq0Vb45yjr2EOHr9TgQ==/com.google.android.apps.messaging-73m_3R7NBmW9lUbAJPG3FQ==/split_config.arm64_v8a.apk:/data/app/~~GogWq0Vb45yjr2EOHr9TgQ==/com.google.android.apps.messaging-73m_3R7NBmW9lUbAJPG3FQ==/split_config.pt.apk:/data/app/~~GogWq0Vb45yjr2EOHr9TgQ==/com.google.android.apps.messaging-73m_3R7NBmW9lUbAJPG3FQ==/split_config.xxhdpi.apk. target_sdk_version=36, uses_libraries=, library_path=/data/app/~~GogWq0Vb45yjr2EOHr9TgQ==/com.google.android.apps.messaging-73m_3R7NBmW9lUbAJPG3FQ==/lib/arm64:/data/app/~~GogWq0Vb45yjr2EOHr9TgQ==/com.google.android.apps.messaging-73m_3R7NBmW9lUbAJPG3FQ==/base.apk!/lib/arm64-v8a:/data/app/~~GogWq0Vb45yjr2EOHr9TgQ==/com.google.android.apps.messaging-73m_3R7NBmW9lUbAJPG3FQ==/split_config.arm64_v8a.apk!/lib/arm64-v8a:/data/app/~~GogWq0Vb45yjr2EOHr9TgQ==/com.google.android.apps.messaging-73m_3R7NBmW9lUbAJPG3FQ==/split_config
02-26 10:22:02.995  6202 12997 I com.xiaomi.xmsf: oneway function results for code 3 on binder at 0xb400006fafed3da0 will be dropped but finished with status UNKNOWN_TRANSACTION
02-26 10:22:02.999  7086  7102 D UidObserver: onUidGone entry uid = 10142
02-26 10:22:02.999  1679  2432 I MiuiNetworkPolicy: removeUidState uid = 10142
02-26 10:22:03.015 27099 27099 D nativeloader: Load libframework-connectivity-jni.so using APEX ns com_android_tethering for caller /apex/com.android.tethering/javalib/framework-connectivity.jar: ok
02-26 10:22:03.017 27099 27099 I Perf    : Connecting to perf service.
02-26 10:22:03.024 20335 20335 D BroadcastExecutor: BroadcastExecutor : 2
02-26 10:22:03.025 27099 27099 V GraphicsEnvironment: ANGLE Developer option for 'com.google.android.apps.messaging' set to: 'default'
02-26 10:22:03.026 27099 27099 V GraphicsEnvironment: ANGLE GameManagerService for com.google.android.apps.messaging: false
02-26 10:22:03.027 20335 20335 D BroadcastExecutor: BroadcastExecutor : 2
02-26 10:22:03.029 20335 20335 W AD-PLUGIN-PushAdManager: pushRealTimeRequest mode mismatching
02-26 10:22:03.029 27099 27099 I ForceDarkHelperStubImpl: initialize for com.google.android.apps.messaging , ForceDarkOrigin
02-26 10:22:03.031 27099 27099 D nativeloader: Load libforcedarkimpl.so using system ns (caller=/system_ext/framework/miui-framework.jar): ok
02-26 10:22:03.031 27099 27099 D .apps.messaging: JNI_OnLoad success
02-26 10:22:03.031 27099 27099 I MiuiForceDarkConfig: setConfig density:2.750000, mainRule:0, secondaryRule:0, tertiaryRule:0
02-26 10:22:03.032 27043 27043 D CompatibilityChangeReporter: Compat change id reported: 183155436; UID 10268; state: ENABLED
02-26 10:22:03.032 27099 27099 D NetworkSecurityConfig: No Network Security Config specified, using platform default
02-26 10:22:03.033 27099 27099 D NetworkSecurityConfig: No Network Security Config specified, using platform default
02-26 10:22:03.034   952   952 W /vendor/bin/hw/vendor.qti.hardware.perf@2.2-service: type=1400 audit(0.0:25370): avc: denied { search } for comm=41646170744C61756E636820566D name="1939" dev="proc" ino=2570978 scontext=u:r:vendor_hal_perf_default:s0 tcontext=u:r:system_server:s0 tclass=dir permissive=0
02-26 10:22:03.034   952   952 W /vendor/bin/hw/vendor.qti.hardware.perf@2.2-service: type=1400 audit(0.0:25371): avc: denied { search } for comm=41646170744C61756E636820566D name="1940" dev="proc" ino=2570979 scontext=u:r:vendor_hal_perf_default:s0 tcontext=u:r:system_server:s0 tclass=dir permissive=0
02-26 10:22:03.034   952   952 W /vendor/bin/hw/vendor.qti.hardware.perf@2.2-service: type=1400 audit(0.0:25372): avc: denied { search } for comm=41646170744C61756E636820566D name="1942" dev="proc" ino=2570980 scontext=u:r:vendor_hal_perf_default:s0 tcontext=u:r:system_server:s0 tclass=dir permissive=0
02-26 10:22:03.034   952   952 W /vendor/bin/hw/vendor.qti.hardware.perf@2.2-service: type=1400 audit(0.0:25373): avc: denied { search } for comm=41646170744C61756E636820566D name="2378" dev="proc" ino=2570981 scontext=u:r:vendor_hal_perf_default:s0 tcontext=u:r:system_server:s0 tclass=dir permissive=0
02-26 10:22:03.034   952   952 W /vendor/bin/hw/vendor.qti.hardware.perf@2.2-service: type=1400 audit(0.0:25374): avc: denied { search } for comm=41646170744C61756E636820566D name="2379" dev="proc" ino=2570982 scontext=u:r:vendor_hal_perf_default:s0 tcontext=u:r:system_server:s0 tclass=dir permissive=0
02-26 10:22:03.045   952  3864 E ANDR-PERF-LM: VmRssMeter:: start() 453: Could not find pid, can not collect vmrss data
02-26 10:22:03.059   952  3865 E ANDR-PERF-LM: VmRssMeter:: start() 453: Could not find pid, can not collect vmrss data
02-26 10:22:03.059   952  3865 E ANDR-PERF-LM: AdaptiveLaunch: writeToDataBase() 64: Meter aborted or could not get meter data for this run
02-26 10:22:03.073 27099 27099 I MultiDex: VM with version 2.1.0 has multidex support
02-26 10:22:03.073 27099 27099 I MultiDex: Installing application
02-26 10:22:03.073 27099 27099 I MultiDex: VM has multidex support, MultiDex support library is disabled.
02-26 10:22:03.115  2891 27130 D AudioTrack: stop(sessionID=1265)
02-26 10:22:03.115  2891 27130 D AudioTrack: stop(218): prior state:STATE_ACTIVE
02-26 10:22:03.115  1055  1552 D AF::Track: setFadeOut isFadeNeeded = 0 isFadingOut = 0
02-26 10:22:03.115  1055  1552 D AF::Track: setFadeOut Done
02-26 10:22:03.115  1055  1552 E AudioFlingerImpl: open /proc/2891/cmdline error
02-26 10:22:03.116  1055  1552 I AudioFlingerImpl: setAppName(), name=[], active=[0]
02-26 10:22:03.116   880  3500 V EffectMiSound: MiSound_command() start, cmdCode=24
02-26 10:22:03.153 27043 27133 D nativeloader: Load /data/app/~~HPBeEBWy_r9fX1e3tU6u8A==/com.google.android.apps.photos-2C478ZnoJ9S_Ce1pxsjWhA==/lib/arm64/libnative_crash_handler_jni.so using class loader ns clns-5 (caller=/data/app/~~HPBeEBWy_r9fX1e3tU6u8A==/com.google.android.apps.photos-2C478ZnoJ9S_Ce1pxsjWhA==/base.apk!classes2.dex): ok
02-26 10:22:03.157  1679  1710 D CompatibilityChangeReporter: Compat change id reported: 161145287; UID 10268; state: DISABLED
02-26 10:22:03.179  1055  1720 D AudioFlinger: updateWakeLockUids_l AudioOut_D uids:
02-26 10:22:03.179  1055  1520 D APM_AudioPolicyManager: stopOutput portId 218
02-26 10:22:03.179  1055  1520 D APM_AudioPolicyManager: stopOutput() output 13, stream 1, session 1265
02-26 10:22:03.179  1055  1520 D APM_AudioPolicyManager: setOutputDevices output 13 device AUDIO_DEVICE_NONE delayMs 96 force 0 requiresMuteCheck 1
02-26 10:22:03.179  1055  1520 D APM_AudioPolicyManager: setOutputDevices() prevDevice {AUDIO_DEVICE_OUT_SPEAKER, @:}
02-26 10:22:03.179  1055  1520 E AudioPolicyService: AudioCommandThread() sending outputdevice changed(id=2)  to 0
02-26 10:22:03.183  1055  1520 E AudioPolicyService: AudioCommandThread() processing output device changed 0 2
02-26 10:22:03.184  1679  4396 E AudioSystem: onAudioOutputDeviceChanged (0, 2)
02-26 10:22:03.184  1055  1520 E AudioSystem: onAudioOutputDeviceChanged (0, 2)
02-26 10:22:03.184  2891 32203 E AudioSystem: onAudioOutputDeviceChanged (0, 2)
02-26 10:22:03.184  1679  2460 D AS.AudioService: onOutputDeviceChanged current= 0 prevDev: 2
02-26 10:22:03.184  4943 15043 E AudioSystem: onAudioOutputDeviceChanged (0, 2)
02-26 10:22:03.185  1453  1615 E AudioSystem: onAudioOutputDeviceChanged (0, 2)
02-26 10:22:03.229 27043 27143 D CompatibilityChangeReporter: Compat change id reported: 194532703; UID 10268; state: ENABLED
02-26 10:22:03.229  1679  4396 D CompatibilityChangeReporter: Compat change id reported: 161145287; UID 10156; state: DISABLED
02-26 10:22:03.258 22465 22623 I BugleRcsEngine: Rcs is enabled from user settings: true [CONTEXT log_prefix="ProvisioningEngineDataRetriever" thread_id=97 ]
02-26 10:22:03.276  1679  6139 D ConnectivityService: requestNetwork for uid/pid:10268/27043 activeRequest: null callbackRequest: 3769 [NetworkRequest [ REQUEST id=3770, [ Capabilities: INTERNET&NOT_RESTRICTED&TRUSTED&NOT_VCN_MANAGED Uid: 10268 RequestorUid: 10268 RequestorPkg: com.google.android.apps.photos UnderlyingNetworks: Null] ]] callback flags: 0 order: 2147483647 isUidTracked: false declaredMethods: AVAIL|LOST
02-26 10:22:03.279  1679  2433 D WifiNetworkFactory: got request NetworkRequest [ REQUEST id=3770, [ Capabilities: INTERNET&NOT_RESTRICTED&TRUSTED&NOT_VCN_MANAGED Uid: 10268 RequestorUid: 10268 RequestorPkg: com.google.android.apps.photos UnderlyingNetworks: Null] ]
02-26 10:22:03.279  1679  2446 D ConnectivityService: NetReassign [3770 : null â†’ 101] [c 0] [a 1] [i 2]
02-26 10:22:03.279  1679  2433 D UntrustedWifiNetworkFactory: got request NetworkRequest [ REQUEST id=3770, [ Capabilities: INTERNET&NOT_RESTRICTED&TRUSTED&NOT_VCN_MANAGED Uid: 10268 RequestorUid: 10268 RequestorPkg: com.google.android.apps.photos UnderlyingNetworks: Null] ]
02-26 10:22:03.280  1679  2433 D OemPaidWifiNetworkFactory: got request NetworkRequest [ REQUEST id=3770, [ Capabilities: INTERNET&NOT_RESTRICTED&TRUSTED&NOT_VCN_MANAGED Uid: 10268 RequestorUid: 10268 RequestorPkg: com.google.android.apps.photos UnderlyingNetworks: Null] ]
02-26 10:22:03.280  1679  2433 D MultiInternetWifiNetworkFactory: got request NetworkRequest [ REQUEST id=3770, [ Capabilities: INTERNET&NOT_RESTRICTED&TRUSTED&NOT_VCN_MANAGED Uid: 10268 RequestorUid: 10268 RequestorPkg: com.google.android.apps.photos UnderlyingNetworks: Null] ]
02-26 10:22:03.287 27099 27147 D nativeloader: Load /data/app/~~GogWq0Vb45yjr2EOHr9TgQ==/com.google.android.apps.messaging-73m_3R7NBmW9lUbAJPG3FQ==/split_config.arm64_v8a.apk!/lib/arm64-v8a/libnative_crash_handler_jni.so using class loader ns clns-5 (caller=/data/app/~~GogWq0Vb45yjr2EOHr9TgQ==/com.google.android.apps.messaging-73m_3R7NBmW9lUbAJPG3FQ==/base.apk!classes5.dex): ok
02-26 10:22:03.290 27099 27099 I eoiq    : SslGuard completed installation.
02-26 10:22:03.310 27099 27099 I Bugle   : BugleApplicationBase: Bugle version: messages.android_20260206_00_rc01.phone_dynamic , Bugle version code: 299470063
02-26 10:22:03.314 27099 27099 I Bugle   : DarkModeManager: setDarkMode: -1
02-26 10:22:03.316 27099 27166 I stetho  : Listening on @stetho_com.google.android.apps.messaging_devtools_remote
02-26 10:22:03.354 27099 27162 I Bugle   : DatabaseHelperBasic.doInitializationTraced
02-26 10:22:03.354 27099 27163 I Bugle   : DatabaseHelperBasic.doInitializationTraced
02-26 10:22:03.356 27099 27168 I Bugle   : DatabaseHelperBasic.doInitializationTraced
02-26 10:22:03.357 27099 27156 D CompatibilityChangeReporter: Compat change id reported: 303742236; UID 10156; state: ENABLED
02-26 10:22:03.358 27099 27148 I Bugle   : Initializing EmojiCompat
02-26 10:22:03.360 27099 27148 I CarrierServices: Initializing Carrier Services Library. [CONTEXT thread_id=71 ]
02-26 10:22:03.361  1679  1679 W Looper  : Slow dispatch took 777ms main h=android.app.ActivityThread$H c=android.app.LoadedApk$ReceiverDispatcher$Args$$ExternalSyntheticLambda0@1c2f450 m=0
02-26 10:22:03.364  1679  1679 I DarkModeTimeModeReceiver:  onReceive: action = android.intent.action.USER_PRESENT
02-26 10:22:03.364  1679  1679 I DarkModeTimeModeManager: not get suggest from cloud
02-26 10:22:03.364  1679  1679 W Looper  : Slow delivery took 780ms main h=android.app.ActivityThread$H c=android.app.LoadedApk$ReceiverDispatcher$Args$$ExternalSyntheticLambda0@56b057c m=0
02-26 10:22:03.370  1679  4396 D CompatibilityChangeReporter: Compat change id reported: 135634846; UID 10150; state: DISABLED
02-26 10:22:03.370  1679  4396 D CompatibilityChangeReporter: Compat change id reported: 177438394; UID 10150; state: DISABLED
02-26 10:22:03.370  1679  4396 D CompatibilityChangeReporter: Compat change id reported: 135772972; UID 10150; state: DISABLED
02-26 10:22:03.370  1679  4396 D CompatibilityChangeReporter: Compat change id reported: 135754954; UID 10150; state: ENABLED
02-26 10:22:03.371  1679  1990 D CompatibilityChangeReporter: Compat change id reported: 143937733; UID 10150; state: ENABLED
02-26 10:22:03.372  1679  1679 W Looper  : Drained
02-26 10:22:03.372  3088 11291 I FontLog : (REDACTED) Received query %s, URI %s
02-26 10:22:03.373  3088 11291 I FontLog : (REDACTED) Query [%s] resolved to %s
02-26 10:22:03.375 27043 27143 D CompatibilityChangeReporter: Compat change id reported: 210923482; UID 10268; state: ENABLED
02-26 10:22:03.377 27099 27156 I ForwardSyncCache: reclaimMemory: Clearing caches
02-26 10:22:03.378  3088  8783 I FontLog : (REDACTED) Received query %s, URI %s
02-26 10:22:03.378  3088  8783 I FontLog : (REDACTED) Query [%s] resolved to %s
02-26 10:22:03.378   772   772 D Zygote  : Forked child process 27172
02-26 10:22:03.379  1679  1990 D Boost   : hostingType=content provider, hostingName={com.google.android.gsf/com.google.android.gsf.gservices.GservicesProvider}, callerPackage=com.google.android.apps.messaging, isSystem=true, isBoostNeeded=false.
02-26 10:22:03.379  1679  1990 I ActivityManager: Start proc 27172:com.google.process.gservices/u0a150 for content provider {com.google.android.gsf/com.google.android.gsf.gservices.GservicesProvider} caller=com.google.android.apps.messaging
02-26 10:22:03.387 27099 27162 I Bugle   : DatabaseHelperBasic: sqlite version is 3.32.2
02-26 10:22:03.389 27099 27162 I Bugle   : DatabaseHelperBasic.doInitializationTraced() returned SQLiteDatabase: /data/user/0/com.google.android.apps.messaging/databases/bugle_backup_db
02-26 10:22:03.389 27099 27162 I Bugle   : DatabaseHelperBasic.doInitializationTraced returned SQLiteDatabase: /data/user/0/com.google.android.apps.messaging/databases/bugle_backup_db
02-26 10:22:03.390 27099 27168 I Bugle   : DatabaseHelperBasic: sqlite version is 3.32.2
02-26 10:22:03.391   525   525 I lowmemorykiller: Kill 'com.android.htmlviewer:remote' (26969), uid 10108, oom_score_adj 905 to free 62336kB rss, 41576kB swap; reason: cw
02-26 10:22:03.397  3088 11291 I FontLog : (REDACTED) Fetch %s end status %s
02-26 10:22:03.400  1679  1992 I libprocessgroup: Successfully killed process cgroup uid 10108 pid 26969 in 0ms
02-26 10:22:03.403 27099 27168 I Bugle   : DatabaseHelperBasic.doInitializationTraced() returned SQLiteDatabase: /data/user/0/com.google.android.apps.messaging/databases/workqueue_db
02-26 10:22:03.403 27099 27168 I Bugle   : DatabaseHelperBasic.doInitializationTraced returned SQLiteDatabase: /data/user/0/com.google.android.apps.messaging/databases/workqueue_db
02-26 10:22:03.408 27172 27172 E Zygote  : process_name_ptr:27172 com.google.process.gservices
02-26 10:22:03.412  3088  5029 I FontLog : (REDACTED) Pulling font file for id = %d, cache size = %d
02-26 10:22:03.418 27172 27172 I ocess.gservices: Using CollectorTypeCC GC.
02-26 10:22:03.419  3088  8783 I FontLog : (REDACTED) Fetch %s end status %s
02-26 10:22:03.422  3088 11291 I FontLog : (REDACTED) Pulling font file for id = %d, cache size = %d
02-26 10:22:03.424 27172 27172 D nativeloader: Load libframework-connectivity-tiramisu-jni.so using APEX ns com_android_tethering for caller /apex/com.android.tethering/javalib/framework-connectivity-t.jar: ok
02-26 10:22:03.425  3088 11291 I FontLog : (REDACTED) Pulling font file for id = %d, cache size = %d
02-26 10:22:03.426   772   772 I Zygote  : Process 26969 exited due to signal 9 (Killed)
02-26 10:22:03.429  1679  1710 I ActivityManager: Process com.android.htmlviewer:remote (pid 26969) has died: cch+5 CEM 
02-26 10:22:03.429  1679  1992 I libprocessgroup: Successfully killed process cgroup uid 10108 pid 26969 in 0ms
02-26 10:22:03.429 27172 27172 W System.err: android.system.ErrnoException: open failed: ENOENT (No such file or directory)
02-26 10:22:03.429 27172 27172 W System.err: 	at libcore.io.Linux.open(Native Method)
02-26 10:22:03.429 27172 27172 W System.err: 	at libcore.io.ForwardingOs.open(ForwardingOs.java:574)
02-26 10:22:03.429 27172 27172 W System.err: 	at libcore.io.BlockGuardOs.open(BlockGuardOs.java:274)
02-26 10:22:03.429 27172 27172 W System.err: 	at libcore.io.ForwardingOs.open(ForwardingOs.java:574)
02-26 10:22:03.429 27172 27172 W System.err: 	at android.app.ActivityThread$AndroidOs.open(ActivityThread.java:8381)
02-26 10:22:03.429 27172 27172 W System.err: 	at android.system.Os.open(Os.java:508)
02-26 10:22:03.429 27172 27172 W System.err: 	at android.os.perfdebug.PerfDebugMonitorImpl.monitorVersionControl(PerfDebugMonitorImpl.java:206)
02-26 10:22:03.429 27172 27172 W System.err: 	at android.os.perfdebug.PerfDebugMonitorImpl.prepareMonitor(PerfDebugMonitorImpl.java:187)
02-26 10:22:03.429 27172 27172 W System.err: 	at android.app.ActivityThread.main(ActivityThread.java:8468)
02-26 10:22:03.429 27172 27172 W System.err: 	at java.lang.reflect.Method.invoke(Native Method)
02-26 10:22:03.429 27172 27172 W System.err: 	at com.android.internal.os.RuntimeInit$MethodAndArgsCaller.run(RuntimeInit.java:561)
02-26 10:22:03.429 27172 27172 W System.err: 	at com.android.internal.os.ZygoteInit.main(ZygoteInit.java:954)
02-26 10:22:03.430 27172 27172 I MessageMonitor: Load libmiui_runtime
02-26 10:22:03.431  1679  2596 E ProcessManager: error write exception log
02-26 10:22:03.433  7086  7102 D UidObserver: onUidGone entry uid = 10108
02-26 10:22:03.434  6202 12997 I com.xiaomi.xmsf: oneway function results for code 3 on binder at 0xb400006fafed3da0 will be dropped but finished with status UNKNOWN_TRANSACTION
02-26 10:22:03.435  1679  2432 I MiuiNetworkPolicy: removeUidState uid = 10108
02-26 10:22:03.438 21172 21172 I AiAi    : onTrimMemory() with level 10
02-26 10:22:03.439  4176  4176 I AppBase : AppBase.onTrimMemory():287 onTrimMemory(): 10
02-26 10:22:03.439  4176  4176 I KeyboardDefCache: MemoryFileCache$1.onTrimMemory():124 clearMemory() for trim memory: 10
02-26 10:22:03.439  4176  4176 I KeyboardDefCache: MemoryFileCache.clearMemory():408 evictAll()
02-26 10:22:03.439  4176  4176 I GoogleInputMethodService: GoogleInputMethodService.onTrimMemory():2852 onTrimMemory(): 10
02-26 10:22:03.440  1679  2387 D SymlinkUtils: attachApplication file op go pass: 0 ms
02-26 10:22:03.443  1679  2387 I SmartPower.com.google.process.gservices/10150(27172): died->background(1115ms) R(process start ) adj=-10000.
02-26 10:22:03.445  1679  2387 D CompatibilityInfo: mCompatibilityFlags - 0
02-26 10:22:03.445  1679  2387 D CompatibilityInfo: applicationDensity - 440
02-26 10:22:03.445  1679  2387 D CompatibilityInfo: applicationScale - 1.0
02-26 10:22:03.448 27172 27172 D CompatibilityChangeReporter: Compat change id reported: 171979766; UID 10150; state: ENABLED
02-26 10:22:03.448  3088 11291 I FontLog : (REDACTED) Pulling font file for id = %d, cache size = %d
02-26 10:22:03.457 27099 27099 D FramePredict: FramePredict init: false
02-26 10:22:03.458 27172 27172 D nativeloader: Configuring clns-shared-4 for other apk /system/framework/org.apache.http.legacy.jar. target_sdk_version=33, uses_libraries=ALL, library_path=/system_ext/priv-app/GoogleServicesFramework/lib/arm64:/system_ext/priv-app/GoogleServicesFramework/GoogleServicesFramework.apk!/lib/arm64-v8a:/system/lib64:/system_ext/lib64, permitted_path=/data:/mnt/expand:/data/user/0/com.google.android.gsf:/system_ext/priv-app/GoogleServicesFramework:/system/lib64:/system_ext/lib64
02-26 10:22:03.458 27172 27172 D nativeloader: Extending system_exposed_libraries: libbinauralrenderer_wrapper.qti.so:libhoaeffects.qti.so:libQOC.qti.so:libmisys_jni.xiaomi.so:libxiaomi_modemdumpsdx55_jni.modem.so:libxiaomi_modemdump_jni.modem.so:libupdateprof.qti.so:libthermalclient.qti.so:libQOC.qti.so:libdiag_system.qti.so:libqape.qti.so:liblistenjni.qti.so
02-26 10:22:03.458 27099 27167 I ForwardSyncCache: reclaimMemory: Clearing caches
02-26 10:22:03.460 27099 27163 I Bugle   : DatabaseHelperBasic: sqlite version is 3.32.2
02-26 10:22:03.463 27172 27172 D nativeloader: Configuring clns-shared-5 for other apk /system_ext/priv-app/GoogleServicesFramework/GoogleServicesFramework.apk. target_sdk_version=33, uses_libraries=, library_path=/system_ext/priv-app/GoogleServicesFramework/lib/arm64:/system_ext/priv-app/GoogleServicesFramework/GoogleServicesFramework.apk!/lib/arm64-v8a:/system/lib64:/system_ext/lib64, permitted_path=/data:/mnt/expand:/data/user/0/com.google.android.gsf:/system_ext/priv-app/GoogleServicesFramework:/system/lib64:/system_ext/lib64
02-26 10:22:03.465 27099 27163 I BugleDataModel: HeavyWorkQueueEmptyObserver: Starting observation of WorkQueueWorkManagerTable
02-26 10:22:03.470 27172 27172 D nativeloader: Load libframework-connectivity-jni.so using APEX ns com_android_tethering for caller /apex/com.android.tethering/javalib/framework-connectivity.jar: ok
02-26 10:22:03.471 27172 27172 I Perf    : Connecting to perf service.
02-26 10:22:03.474 27172 27172 V GraphicsEnvironment: ANGLE Developer option for 'com.google.android.gsf' set to: 'default'
02-26 10:22:03.474 27172 27172 V GraphicsEnvironment: ANGLE GameManagerService for com.google.android.gsf: false
02-26 10:22:03.477 27172 27172 I ForceDarkHelperStubImpl: initialize for com.google.android.gsf , ForceDarkOrigin
02-26 10:22:03.478 27172 27172 D nativeloader: Load libforcedarkimpl.so using system ns (caller=/system_ext/framework/miui-framework.jar): ok
02-26 10:22:03.479 27172 27172 D ocess.gservices: JNI_OnLoad success
02-26 10:22:03.479 27172 27172 I MiuiForceDarkConfig: setConfig density:2.750000, mainRule:0, secondaryRule:0, tertiaryRule:0
02-26 10:22:03.480 27172 27172 D NetworkSecurityConfig: No Network Security Config specified, using platform default
02-26 10:22:03.480 27099 27163 I <unknown class>: Starting sync data to wearable message observer. [CONTEXT class_name="SyncDataToWearableMessageChangeObserver" ]
02-26 10:22:03.480 27172 27172 D NetworkSecurityConfig: No Network Security Config specified, using platform default
02-26 10:22:03.484 27099 27163 I Bugle   : DatabaseHelperBasic.doInitializationTraced() returned SQLiteDatabase: /data/user/0/com.google.android.apps.messaging/databases/bugle_db
02-26 10:22:03.484 27099 27163 I Bugle   : DatabaseHelperBasic.doInitializationTraced returned SQLiteDatabase: /data/user/0/com.google.android.apps.messaging/databases/bugle_db
02-26 10:22:03.488 27172 27172 I GservicesProvider: Gservices pushing to system: true; secure/global: true
02-26 10:22:03.497  1679  1710 W ActivityManager: Unable to start service Intent { act=com.google.android.gms.gservices.START pkg=com.google.android.gms } U=0: not found
02-26 10:22:03.498  1679  1710 W ActivityManager: Unbind failed: could not find connection for android.os.BinderProxy@c429098
02-26 10:22:03.498 27172 27188 E GmsClient: unable to connect to service: com.google.android.gms.gservices.START on com.google.android.gms
02-26 10:22:03.511 27099 27148 I CarrierServices: Initializing Carrier Services Logging. [CONTEXT thread_id=71 ]
02-26 10:22:03.516 27099 27148 I LogSaver: LogSaver new instance with filename: carrier_services
02-26 10:22:03.521 27099 27148 I BugleBackup: Registering preference change listener for "bugle".
02-26 10:22:03.530 27099 27163 I Bugle   : TelephonyManagerFactory: Returning per-subscription TelephonyManager (>= N) subscription{id:1}
02-26 10:22:03.543  1679  1976 W ProcessCpuTracker: Failed to stat(/proc/26969): android.system.ErrnoException: stat failed: ENOENT (No such file or directory)
02-26 10:22:03.543  1679  1976 W ProcessCpuTracker: Skipping unknown process pid 26969
02-26 10:22:03.547  3088  3669 W BpBinder: Large outgoing transaction of 395956 bytes, interface descriptor <uncached descriptor>, code 4
02-26 10:22:03.554  1679  1976 W ProcessCpuTracker: Failed to stat(/proc/27142): android.system.ErrnoException: stat failed: ENOENT (No such file or directory)
02-26 10:22:03.554  1679  1976 W ProcessCpuTracker: Skipping unknown process pid 27142
02-26 10:22:03.557 27043 27191 D CompatibilityChangeReporter: Compat change id reported: 170233598; UID 10268; state: DISABLED
02-26 10:22:03.561 27099 27099 D CompatibilityChangeReporter: Compat change id reported: 119147584; UID 10156; state: ENABLED
02-26 10:22:03.579 27099 27163 I BugleSystemBindingManag: BugleSystemBindingManager: onBuglePhenotypeFlagChanged
02-26 10:22:03.580 27099 27163 I BugleTransport: Not kicking off update transport registration because RCS provisioning change has not been received.
02-26 10:22:03.581  1679  1710 D PackageManager: set app component=ComponentInfo{com.google.android.apps.messaging/com.google.android.ims.binding.SystemBindingService} enabled state: 1 from null,uid=10156,pid=27099
02-26 10:22:03.582 27099 27135 I BugleRcsEngine: SystemBinding enabled: true [CONTEXT log_prefix="SystemBindingManager" thread_id=67 ]
02-26 10:22:03.583 27099 27148 I BugleRcsEngine: getConfigServerUrl without simId [CONTEXT log_prefix="ProvisioningServerUtil" thread_id=71 ]
02-26 10:22:03.583 27099 27168 I BugleRcsEngine: getConfigServerUrl without simId [CONTEXT log_prefix="ProvisioningServerUtil" thread_id=85 ]
02-26 10:22:03.583 27099 27135 I BugleRcsEngine: System Binding updated [CONTEXT thread_id=67 ]
02-26 10:22:03.584 27099 27168 I BugleRcsEngine: No config URL. RCS not configured for dual-registration. [CONTEXT log_prefix="ProvisioningServerUtil" thread_id=85 ]
02-26 10:22:03.584 27099 27148 I BugleRcsEngine: No config URL. RCS not configured for dual-registration. [CONTEXT log_prefix="ProvisioningServerUtil" thread_id=71 ]
02-26 10:22:03.588  1679  2387 D PackageManager: set app component=ComponentInfo{com.google.android.apps.messaging/com.google.android.apps.messaging.auto.MessagingTemplateScreenServiceModule} enabled state: 1 from null,uid=10156,pid=27099
02-26 10:22:03.596  1679  2387 D CompatibilityInfo: mCompatibilityFlags - 0
02-26 10:22:03.596  1679  2387 D CompatibilityInfo: applicationDensity - 440
02-26 10:22:03.596  1679  2387 D CompatibilityInfo: applicationScale - 1.0
02-26 10:22:03.601 27099 27135 D WM-PackageManagerHelper: Skipping component enablement for androidx.work.impl.background.systemjob.SystemJobService
02-26 10:22:03.601 27099 27135 D WM-Schedulers: Created SystemJobScheduler and enabled SystemJobService
02-26 10:22:03.602 27099 27194 I BugleDataModel: 4 not running because already up to date, upgradeCommand: EXECUTE_UPGRADE, version: 1
02-26 10:22:03.603 27099 27195 D WM-ForceStopRunnable: Is default app process = true
02-26 10:22:03.604 27099 27195 D WM-ForceStopRunnable: Performing cleanup operations.
02-26 10:22:03.604 27099 27174 I BugleDataModel: 2 not running because already up to date, upgradeCommand: EXECUTE_UPGRADE, version: 4
02-26 10:22:03.605 27099 27163 D CompatibilityChangeReporter: Compat change id reported: 160794467; UID 10156; state: ENABLED
02-26 10:22:03.607 27099 27204 I BugleDataModel: 3 not running because already up to date, upgradeCommand: EXECUTE_UPGRADE, version: 2
02-26 10:22:03.608 27099 27163 I BugleSatellite: Processing Phenotype flag changes.
02-26 10:22:03.609 27099 27196 I BugleSatellite: Reporting to Telephony: SMS supported = true
02-26 10:22:03.669  3088  3088 D BoundBrokerSvc: onRebind: Intent { act=com.google.android.gms.libs.gmscorelogger.service.START dat=chimera-action:/... cmp=com.google.android.gms/.chimera.PersistentDirectBootAwareApiService }
02-26 10:22:03.675  1679  2608 I SmartPower.com.whatsapp.w4b/10292(26753): background->idle(3002ms) R(service create com.whatsapp.w4b/androidx.work.impl.background.systemjob.SystemJobService) adj=225.
02-26 10:22:03.712  1679  2387 D CompatibilityChangeReporter: Compat change id reported: 194532703; UID 10268; state: ENABLED
02-26 10:22:03.718  1679  1710 W JobScheduler: Job didn't exist in JobStore: 
02-26 10:22:03.718  1679  2432 I MiuiNetworkPolicy: updateUidState uid = 10268, uidState = 10
02-26 10:22:03.722  1679  2432 I MiuiNetworkPolicy: updateUidState uid = 10268, uidState = 19
02-26 10:22:03.739  1679  2387 D CompatibilityChangeReporter: Compat change id reported: 343977174; UID 10268; state: ENABLED
02-26 10:22:03.789  1679  2387 D CompatibilityChangeReporter: Compat change id reported: 135634846; UID 10142; state: DISABLED
02-26 10:22:03.790  1679  2387 D CompatibilityChangeReporter: Compat change id reported: 177438394; UID 10142; state: DISABLED
02-26 10:22:03.790  1679  2387 D CompatibilityChangeReporter: Compat change id reported: 135772972; UID 10142; state: DISABLED
02-26 10:22:03.790  1679  2387 D CompatibilityChangeReporter: Compat change id reported: 135754954; UID 10142; state: ENABLED
02-26 10:22:03.791  1679  1990 D CompatibilityChangeReporter: Compat change id reported: 143937733; UID 10142; state: ENABLED
02-26 10:22:03.800   772   772 D Zygote  : Forked child process 27209
02-26 10:22:03.801  1679  1990 D Boost   : hostingType=content provider, hostingName={com.android.camera/com.xiaomi.camera.parallelservice.provider.ParallelProcessProvider}, callerPackage=com.google.android.apps.photos, isSystem=false, isBoostNeeded=false.
02-26 10:22:03.801  1679  1990 I ActivityManager: Start proc 27209:com.android.camera/u0a142 for content provider {com.android.camera/com.xiaomi.camera.parallelservice.provider.ParallelProcessProvider} caller=com.google.android.apps.photos
02-26 10:22:03.815 27209 27209 E Zygote  : process_name_ptr:27209 com.android.camera
02-26 10:22:03.825   525   525 I lowmemorykiller: Kill 'com.google.android.apps.photos' (27043), uid 10268, oom_score_adj 905 to free 132372kB rss, 40948kB swap; reason: clwm
02-26 10:22:03.834  1679  1992 I libprocessgroup: Successfully killed process cgroup uid 10268 pid 27043 in 9ms
02-26 10:22:03.837 27209 27209 I .android.camera: Using CollectorTypeCC GC.
02-26 10:22:03.858 27209 27209 D nativeloader: Load libframework-connectivity-tiramisu-jni.so using APEX ns com_android_tethering for caller /apex/com.android.tethering/javalib/framework-connectivity-t.jar: ok
02-26 10:22:03.863 27209 27209 W System.err: android.system.ErrnoException: open failed: ENOENT (No such file or directory)
02-26 10:22:03.863 27209 27209 W System.err: 	at libcore.io.Linux.open(Native Method)
02-26 10:22:03.863 27209 27209 W System.err: 	at libcore.io.ForwardingOs.open(ForwardingOs.java:574)
02-26 10:22:03.864 27209 27209 W System.err: 	at libcore.io.BlockGuardOs.open(BlockGuardOs.java:274)
02-26 10:22:03.864 27209 27209 W System.err: 	at libcore.io.ForwardingOs.open(ForwardingOs.java:574)
02-26 10:22:03.864 27209 27209 W System.err: 	at android.app.ActivityThread$AndroidOs.open(ActivityThread.java:8381)
02-26 10:22:03.864 27209 27209 W System.err: 	at android.system.Os.open(Os.java:508)
02-26 10:22:03.864 27209 27209 W System.err: 	at android.os.perfdebug.PerfDebugMonitorImpl.monitorVersionControl(PerfDebugMonitorImpl.java:206)
02-26 10:22:03.864 27209 27209 W System.err: 	at android.os.perfdebug.PerfDebugMonitorImpl.prepareMonitor(PerfDebugMonitorImpl.java:187)
02-26 10:22:03.864 27209 27209 W System.err: 	at android.app.ActivityThread.main(ActivityThread.java:8468)
02-26 10:22:03.864 27209 27209 W System.err: 	at java.lang.reflect.Method.invoke(Native Method)
02-26 10:22:03.864 27209 27209 W System.err: 	at com.android.internal.os.RuntimeInit$MethodAndArgsCaller.run(RuntimeInit.java:561)
02-26 10:22:03.864 27209 27209 W System.err: 	at com.android.internal.os.ZygoteInit.main(ZygoteInit.java:954)
02-26 10:22:03.864 27209 27209 I MessageMonitor: Load libmiui_runtime
02-26 10:22:03.868  1679  2387 D SymlinkUtils: attachApplication file op go pass: 1 ms
02-26 10:22:03.868  1679  2387 I SmartPower.com.android.camera/10142(27209): died->background(882ms) R(process start ) adj=-10000.
02-26 10:22:03.870  1679  2387 D CompatibilityChangeReporter: Compat change id reported: 168419799; UID 10142; state: DISABLED
02-26 10:22:03.870  1679  2387 D CompatibilityInfo: mCompatibilityFlags - 0
02-26 10:22:03.870   772   772 I Zygote  : Process 27043 exited due to signal 9 (Killed)
02-26 10:22:03.870  1679  2387 D CompatibilityInfo: applicationDensity - 440
02-26 10:22:03.870  1679  2387 D CompatibilityInfo: applicationScale - 1.0
02-26 10:22:03.871  1679  2446 D ConnectivityService: releasing NetworkRequest [ REQUEST id=3770, [ Capabilities: INTERNET&NOT_RESTRICTED&TRUSTED&NOT_VCN_MANAGED Uid: 10268 RequestorUid: 10268 RequestorPkg: com.google.android.apps.photos UnderlyingNetworks: Null] ] (release request)
02-26 10:22:03.872  1679  4396 I ActivityManager: Process com.google.android.apps.photos (pid 27043) has died: cch+5 CEM 
02-26 10:22:03.874  1679  2596 E ProcessManager: error write exception log
02-26 10:22:03.874  1679  2432 I MiuiNetworkPolicy: updateUidState uid = 10142, uidState = 19
02-26 10:22:03.874 27209 27209 D CompatibilityChangeReporter: Compat change id reported: 171979766; UID 10142; state: ENABLED
02-26 10:22:03.875  1679  1992 I libprocessgroup: Successfully killed process cgroup uid 10268 pid 27043 in 0ms
02-26 10:22:03.876  6202 12997 I com.xiaomi.xmsf: oneway function results for code 3 on binder at 0xb400006fafed3da0 will be dropped but finished with status UNKNOWN_TRANSACTION
02-26 10:22:03.877  1679  2432 I MiuiNetworkPolicy: removeUidState uid = 10268
02-26 10:22:03.877  7086  7102 D UidObserver: onUidGone entry uid = 10268
02-26 10:22:03.941 27209 27209 D nativeloader: InitLlndkLibrariesProduct: libEGL.so:libGLESv1_CM.so:libGLESv2.so:libGLESv3.so:libRS.so:libandroid_net.so:libbinder_ndk.so:libc.so:libcgrouprc.so:libclang_rt.asan-aarch64-android.so:libclang_rt.asan-arm-android.so:libclang_rt.hwasan-aarch64-android.so:libdl.so:libft2.so:liblog.so:libm.so:libmediandk.so:libnativewindow.so:libneuralnetworks.so:libselinux.so:libsync.so:libvndksupport.so:libvulkan.so
02-26 10:22:03.942 27209 27209 D nativeloader: Configuring product-clns-4 for unbundled product apk /product/priv-app/MiuiCamera/MiuiCamera.apk. target_sdk_version=31, uses_libraries=libOpenCL.so:libcdsprpc.so, library_path=/product/priv-app/MiuiCamera/lib/arm64:/product/priv-app/MiuiCamera/MiuiCamera.apk!/lib/arm64-v8a:/product/lib64:/system/product/lib64, permitted_path=/data:/mnt/expand:/data/user/0/com.android.camera:/product/lib64:/system/product/lib64
02-26 10:22:03.944 27209 27209 D nativeloader: InitVndkspLibrariesProduct: android.hardware.common-V2-ndk.so:android.hardware.common-V2-ndk_platform.so:android.hardware.common.fmq-V1-ndk.so:android.hardware.common.fmq-V1-ndk_platform.so:android.hardware.graphics.allocator-V1-ndk.so:android.hardware.graphics.allocator-V1-ndk_platform.so:android.hardware.graphics.common-V3-ndk.so:android.hardware.graphics.common-V3-ndk_platform.so:android.hardware.graphics.common@1.0.so:android.hardware.graphics.common@1.1.so:android.hardware.graphics.common@1.2.so:android.hardware.graphics.composer3-V1-ndk.so:android.hardware.graphics.composer3-V1-ndk_platform.so:android.hardware.graphics.mapper@2.0.so:android.hardware.graphics.mapper@2.1.so:android.hardware.graphics.mapper@3.0.so:android.hardware.graphics.mapper@4.0.so:android.hardware.renderscript@1.0.so:android.hidl.memory.token@1.0.so:android.hidl.memory@1.0-impl.so:android.hidl.memory@1.0.so:android.hidl.safe_union@1.0.so:libRSCpuRef.so:libRSDriver.so:libRS_internal.so:libbacktrace.so:libbase.so:libbcinfo.so:libblas.
02-26 10:22:03.981 27209 27209 D nativeloader: Load libframework-connectivity-jni.so using APEX ns com_android_tethering for caller /apex/com.android.tethering/javalib/framework-connectivity.jar: ok
02-26 10:22:03.984 27209 27209 I Perf    : Connecting to perf service.
02-26 10:22:03.992 27209 27209 V GraphicsEnvironment: ANGLE Developer option for 'com.android.camera' set to: 'default'
02-26 10:22:03.993 27209 27209 V GraphicsEnvironment: ANGLE GameManagerService for com.android.camera: false
02-26 10:22:04.001 27209 27209 I ForceDarkHelperStubImpl: initialize for com.android.camera , ForceDarkOrigin
02-26 10:22:04.003 27209 27209 D nativeloader: Load libforcedarkimpl.so using system ns (caller=/system_ext/framework/miui-framework.jar): ok
02-26 10:22:04.003 27209 27209 D .android.camera: JNI_OnLoad success
02-26 10:22:04.004 27209 27209 I MiuiForceDarkConfig: setConfig density:2.750000, mainRule:0, secondaryRule:0, tertiaryRule:0
02-26 10:22:04.007 27209 27209 D NetworkSecurityConfig: Using Network Security Config from resource network_security_config debugBuild: false
02-26 10:22:04.009 27209 27209 D NetworkSecurityConfig: Using Network Security Config from resource network_security_config debugBuild: false
02-26 10:22:04.028 27209 27209 W libc    : Access denied finding property "vendor.panel.display"
02-26 10:22:04.035 27209 27209 D CAM_OooO00o: init proxy = class com.mi.device.Spes
02-26 10:22:04.036 27209 27209 D CAM_BoostFrameworkImpl: startBoost: duration = 300, scene = 6
02-26 10:22:04.036 27209 27209 D CAM_BoostFrameworkImpl: ready to boost
02-26 10:22:04.040   952   952 E ANDR-PERF-TARGET: Error: Invalid logical cluster id 2
02-26 10:22:04.041   952   952 E ANDR-PERF-REQUEST: Translate to physical failed
02-26 10:22:04.041   952   952 E ANDR-PERF-TARGET: Error: Invalid logical cluster id 2
02-26 10:22:04.041   952   952 E ANDR-PERF-REQUEST: Translate to physical failed
02-26 10:22:04.044 27209 27209 D CAM_CameraUtil: could not get packageManager of maintenance mode
02-26 10:22:04.045 27209 27209 D CAM_CameraAppImpl: totalMemory:3G, maxAcquireCount = 30, maxDequeueCount:4
02-26 10:22:04.050 27209 27209 E com.xiaomi.algoup-Log: 'com.android.camera.log.Log' not found
02-26 10:22:04.050 27209 27209 D AlgoImagePool: init: maxAcquireCount=30 maxDequeueCount=4
02-26 10:22:04.051 27209 27209 D HalImagePool: init: maxAcquireCount=24 maxDequeueCount=4
02-26 10:22:04.051 27209 27209 D CAM_AlgoConnector: startService: bind LocalParallelService start!
02-26 10:22:04.059 27209 27209 D CompatibilityChangeReporter: Compat change id reported: 183155436; UID 10142; state: DISABLED
02-26 10:22:04.065  1679  2432 I MiuiNetworkPolicy: updateUidState uid = 10142, uidState = 10
02-26 10:22:04.065  1679  2387 D CompatibilityInfo: mCompatibilityFlags - 0
02-26 10:22:04.065  1679  2387 D CompatibilityInfo: applicationDensity - 440
02-26 10:22:04.065  1679  2387 D CompatibilityInfo: applicationScale - 1.0
02-26 10:22:04.066 27209 27209 D CAM_MIVIHelper: requestCloudDataAsync: 
02-26 10:22:04.073 27209 27209 I CAM_PermissionManager: getNeedCheckPermissionList() listSize =0
02-26 10:22:04.073 27209 27209 I CAM_PermissionManager: checkCameraPermissions(), all on
02-26 10:22:04.073 27209 27209 D CAM_Camera2CompatAdapterRole: E: init()
02-26 10:22:04.073 27209 27209 D CAM_Camera2CompatAdapterRole: E: reset()
02-26 10:22:04.073 27209 27209 D CAM_Camera2CompatAdapterRole: X: reset()
02-26 10:22:04.073 27209 27209 I CameraManagerGlobal: Connecting to camera service
